nrf24l01.c:76:6:nrf_RX	8	static
nrf24l01.c:85:6:NRF24L01_RX_Mode	16	static
nrf24l01.c:100:6:NRF24L01_Receive	40	static
nrf24l01.c:127:6:NRF24_init_RX_mode	8	static
nrf24l01.c:164:6:IRQ_Callback	16	static
nrf24l01.c:189:6:nrf_TX	8	static
nrf24l01.c:198:6:NRF24L01_RX_Mode_for_TX_mode	16	static
nrf24l01.c:211:6:NRF24_init_TX_mode	8	static
nrf24l01.c:245:6:NRF24L01_TX_Mode	16	static
nrf24l01.c:254:6:NRF24_Transmit	16	static
nrf24l01.c:265:9:NRF24L01_Send	24	static
nrf24l01.c:306:6:NRF24L01_Transmission	96	static
nrf24l01.c:382:22:DelayMicro	24	static
nrf24l01.c:389:9:NRF24_ReadReg	32	static
nrf24l01.c:403:6:NRF24_WriteReg	16	static
nrf24l01.c:412:6:NRF24_ToggleFeatures	16	static
nrf24l01.c:423:6:NRF24_Read_Buf	16	static
nrf24l01.c:431:6:NRF24_Write_Buf	16	static
nrf24l01.c:441:6:NRF24_FlushRX	16	static
nrf24l01.c:450:6:NRF24_FlushTX	16	static
nrf24l01.c:460:6:read_config_registers	8	static
nrf24l01.c:483:6:reset_nrf24l01	16	static
