nrf24l01.c:52:22:DelayMicro	24	static
nrf24l01.c:59:9:NRF24_ReadReg	32	static
nrf24l01.c:73:6:NRF24_WriteReg	16	static
nrf24l01.c:82:6:NRF24_ToggleFeatures	16	static
nrf24l01.c:93:6:NRF24_Read_Buf	16	static
nrf24l01.c:101:6:NRF24_Write_Buf	16	static
nrf24l01.c:111:6:NRF24_FlushRX	16	static
nrf24l01.c:120:6:NRF24_FlushTX	16	static
nrf24l01.c:133:6:NRF24L01_RX_Mode	16	static
nrf24l01.c:152:6:NRF24L01_Receive	40	static
nrf24l01.c:181:6:NRF24_init_RX_mode	8	static
nrf24l01.c:213:6:read_config_registers	8	static
nrf24l01.c:236:6:nrf_RX	8	static
nrf24l01.c:247:6:IRQ_Callback	16	static
nrf24l01.c:271:6:NRF24L01_RX_Mode_for_TX_mode	16	static
nrf24l01.c:284:6:nrf_TX	8	static
nrf24l01.c:294:6:NRF24_init_TX_mode	8	static
nrf24l01.c:324:6:NRF24L01_TX_Mode	16	static
nrf24l01.c:333:6:NRF24_Transmit	16	static
nrf24l01.c:344:9:NRF24L01_Send	24	static
nrf24l01.c:386:6:NRF24L01_Transmission	96	static
