nrf24l01.c:76:6:nrf_RX	8	static
nrf24l01.c:85:6:NRF24L01_RX_Mode	16	static
nrf24l01.c:100:6:NRF24L01_Receive	40	static
nrf24l01.c:127:6:NRF24_init_RX_mode	8	static
nrf24l01.c:162:6:IRQ_Callback	16	static
nrf24l01.c:187:6:nrf_TX	8	static
nrf24l01.c:196:6:NRF24L01_RX_Mode_for_TX_mode	16	static
nrf24l01.c:209:6:NRF24_init_TX_mode	8	static
nrf24l01.c:241:6:NRF24L01_TX_Mode	16	static
nrf24l01.c:250:6:NRF24_Transmit	16	static
nrf24l01.c:261:9:NRF24L01_Send	24	static
nrf24l01.c:303:6:NRF24L01_Transmission	96	static
nrf24l01.c:388:22:DelayMicro	24	static
nrf24l01.c:395:9:NRF24_ReadReg	32	static
nrf24l01.c:409:6:NRF24_WriteReg	16	static
nrf24l01.c:418:6:NRF24_ToggleFeatures	16	static
nrf24l01.c:429:6:NRF24_Read_Buf	16	static
nrf24l01.c:437:6:NRF24_Write_Buf	16	static
nrf24l01.c:447:6:NRF24_FlushRX	16	static
nrf24l01.c:456:6:NRF24_FlushTX	16	static
nrf24l01.c:466:6:read_config_registers	8	static
