nrf24l01.c:78:6:nrf_RX	8	static
nrf24l01.c:87:6:NRF24L01_RX_Mode	16	static
nrf24l01.c:102:6:NRF24L01_Receive	64	static
nrf24l01.c:129:6:NRF24_init_RX_mode	8	static
nrf24l01.c:165:6:IRQ_Callback	16	static
nrf24l01.c:190:6:nrf_TX	8	static
nrf24l01.c:199:6:NRF24L01_RX_Mode_for_TX_mode	16	static
nrf24l01.c:212:6:NRF24_init_TX_mode	8	static
nrf24l01.c:245:6:NRF24L01_TX_Mode	16	static
nrf24l01.c:254:6:NRF24_Transmit	16	static
nrf24l01.c:265:9:NRF24L01_Send	24	static
nrf24l01.c:305:6:NRF24L01_Transmission_counter	80	static
nrf24l01.c:366:6:NRF24L01_Transmission_t_and_h	88	static
nrf24l01.c:440:22:DelayMicro	24	static
nrf24l01.c:447:9:NRF24_ReadReg	32	static
nrf24l01.c:461:6:NRF24_WriteReg	16	static
nrf24l01.c:470:6:NRF24_ToggleFeatures	16	static
nrf24l01.c:481:6:NRF24_Read_Buf	16	static
nrf24l01.c:489:6:NRF24_Write_Buf	16	static
nrf24l01.c:499:6:NRF24_FlushRX	16	static
nrf24l01.c:508:6:NRF24_FlushTX	16	static
nrf24l01.c:518:6:read_config_registers	8	static
nrf24l01.c:541:6:reset_nrf24l01	16	static
