nrf24l01.c:42:22:DelayMicro	24	static
nrf24l01.c:49:9:NRF24_ReadReg	32	static
nrf24l01.c:63:6:NRF24_WriteReg	16	static
nrf24l01.c:72:6:NRF24_ToggleFeatures	16	static
nrf24l01.c:83:6:NRF24_Read_Buf	16	static
nrf24l01.c:91:6:NRF24_Write_Buf	16	static
nrf24l01.c:101:6:NRF24_FlushRX	16	static
nrf24l01.c:110:6:NRF24_FlushTX	16	static
nrf24l01.c:119:6:NRF24L01_RX_Mode	16	static
nrf24l01.c:138:6:NRF24L01_Receive	16	static
nrf24l01.c:159:6:NRF24_ini	8	static
nrf24l01.c:191:6:read_config_registers	8	static
nrf24l01.c:205:6:nrf_communication_test	48	static
