nrf24l01.c:47:22:DelayMicro	24	static
nrf24l01.c:54:9:NRF24_ReadReg	32	static
nrf24l01.c:68:6:NRF24_WriteReg	16	static
nrf24l01.c:77:6:NRF24_ToggleFeatures	16	static
nrf24l01.c:88:6:NRF24_Read_Buf	16	static
nrf24l01.c:96:6:NRF24_Write_Buf	16	static
nrf24l01.c:106:6:NRF24_FlushRX	16	static
nrf24l01.c:115:6:NRF24_FlushTX	16	static
nrf24l01.c:124:6:NRF24L01_RX_Mode	16	static
nrf24l01.c:143:6:NRF24L01_Receive	40	static
nrf24l01.c:173:6:NRF24_init_RX_mode	8	static
nrf24l01.c:205:6:read_config_registers	8	static
nrf24l01.c:229:6:nrf_RX	8	static
nrf24l01.c:238:6:init_nrf_rx_mode	16	static
nrf24l01.c:247:6:IRQ_Callback	16	static
nrf24l01.c:295:6:NRF24L01_RX_Mode_ddddd	16	static
nrf24l01.c:308:6:nrf_TX	8	static
nrf24l01.c:317:6:NRF24_init_TX_mode	8	static
nrf24l01.c:357:6:NRF24L01_TX_Mode	16	static
nrf24l01.c:366:6:NRF24_Transmit	16	static
nrf24l01.c:379:9:NRF24L01_Send	24	static
nrf24l01.c:448:6:NRF24_ini	8	static
nrf24l01.c:479:6:NRF24L01_Transmission	96	static
