nrf24l01.c:46:22:DelayMicro	24	static
nrf24l01.c:53:9:NRF24_ReadReg	32	static
nrf24l01.c:67:6:NRF24_WriteReg	16	static
nrf24l01.c:76:6:NRF24_ToggleFeatures	16	static
nrf24l01.c:87:6:NRF24_Read_Buf	16	static
nrf24l01.c:95:6:NRF24_Write_Buf	16	static
nrf24l01.c:105:6:NRF24_FlushRX	16	static
nrf24l01.c:114:6:NRF24_FlushTX	16	static
nrf24l01.c:123:6:NRF24L01_RX_Mode	16	static
nrf24l01.c:142:6:NRF24L01_Receive	40	static
nrf24l01.c:189:6:NRF24_ini	8	static
nrf24l01.c:225:6:read_config_registers	8	static
nrf24l01.c:239:6:nrf_communication_test	8	static
nrf24l01.c:279:6:IRQ_Callback	16	static
