nrf24l01.c:78:6:nrf_RX	8	static
nrf24l01.c:87:6:NRF24L01_RX_Mode	16	static
nrf24l01.c:102:6:NRF24L01_Receive	40	static
nrf24l01.c:129:6:NRF24_init_RX_mode	8	static
nrf24l01.c:166:6:IRQ_Callback	16	static
nrf24l01.c:191:6:nrf_TX	8	static
nrf24l01.c:200:6:NRF24L01_RX_Mode_for_TX_mode	16	static
nrf24l01.c:213:6:NRF24_init_TX_mode	8	static
nrf24l01.c:247:6:NRF24L01_TX_Mode	16	static
nrf24l01.c:256:6:NRF24_Transmit	16	static
nrf24l01.c:267:9:NRF24L01_Send	24	static
nrf24l01.c:307:6:NRF24L01_Transmission	80	static
nrf24l01.c:376:22:DelayMicro	24	static
nrf24l01.c:383:9:NRF24_ReadReg	32	static
nrf24l01.c:397:6:NRF24_WriteReg	16	static
nrf24l01.c:406:6:NRF24_ToggleFeatures	16	static
nrf24l01.c:417:6:NRF24_Read_Buf	16	static
nrf24l01.c:425:6:NRF24_Write_Buf	16	static
nrf24l01.c:435:6:NRF24_FlushRX	16	static
nrf24l01.c:444:6:NRF24_FlushTX	16	static
nrf24l01.c:454:6:read_config_registers	8	static
nrf24l01.c:477:6:reset_nrf24l01	16	static
