nrf24l01.c:36:22:DelayMicro	24	static
nrf24l01.c:43:9:NRF24_ReadReg	32	static
nrf24l01.c:57:6:NRF24_WriteReg	16	static
nrf24l01.c:66:6:NRF24_ToggleFeatures	16	static
nrf24l01.c:77:6:NRF24_Read_Buf	16	static
nrf24l01.c:85:6:NRF24_Write_Buf	16	static
nrf24l01.c:95:6:NRF24_FlushRX	16	static
nrf24l01.c:104:6:NRF24_FlushTX	16	static
nrf24l01.c:113:6:NRF24L01_RX_Mode	16	static
nrf24l01.c:132:6:NRF24L01_Receive	40	static
nrf24l01.c:161:6:NRF24_ini	8	static
nrf24l01.c:193:6:read_config_registers	8	static
nrf24l01.c:207:6:nrf_communication_test	8	static
nrf24l01.c:212:6:IRQ_Callback	16	static
