nrf24l01.c:43:22:DelayMicro	24	static
nrf24l01.c:50:9:NRF24_ReadReg	32	static
nrf24l01.c:64:6:NRF24_WriteReg	16	static
nrf24l01.c:73:6:NRF24_ToggleFeatures	16	static
nrf24l01.c:84:6:NRF24_Read_Buf	16	static
nrf24l01.c:92:6:NRF24_Write_Buf	16	static
nrf24l01.c:102:6:NRF24_FlushRX	16	static
nrf24l01.c:111:6:NRF24_FlushTX	16	static
nrf24l01.c:120:6:NRF24L01_RX_Mode	16	static
nrf24l01.c:139:6:NRF24L01_Receive	24	static
nrf24l01.c:172:6:NRF24_ini	8	static
nrf24l01.c:204:6:read_config_registers	8	static
nrf24l01.c:218:6:nrf_communication_test	8	static
nrf24l01.c:258:6:IRQ_Callback	16	static
