nrf24l01.c:80:6:nrf_RX	8	static
nrf24l01.c:89:6:NRF24L01_RX_Mode	16	static
nrf24l01.c:104:6:NRF24L01_Receive	40	static
nrf24l01.c:131:6:NRF24_init_RX_mode	8	static
nrf24l01.c:168:6:IRQ_Callback	16	static
nrf24l01.c:193:6:nrf_TX	8	static
nrf24l01.c:202:6:NRF24L01_RX_Mode_for_TX_mode	16	static
nrf24l01.c:215:6:NRF24_init_TX_mode	8	static
nrf24l01.c:249:6:NRF24L01_TX_Mode	16	static
nrf24l01.c:258:6:NRF24_Transmit	16	static
nrf24l01.c:269:9:NRF24L01_Send	24	static
nrf24l01.c:311:6:NRF24L01_Transmission	96	static
nrf24l01.c:396:22:DelayMicro	24	static
nrf24l01.c:403:9:NRF24_ReadReg	32	static
nrf24l01.c:417:6:NRF24_WriteReg	16	static
nrf24l01.c:426:6:NRF24_ToggleFeatures	16	static
nrf24l01.c:437:6:NRF24_Read_Buf	16	static
nrf24l01.c:445:6:NRF24_Write_Buf	16	static
nrf24l01.c:455:6:NRF24_FlushRX	16	static
nrf24l01.c:464:6:NRF24_FlushTX	16	static
nrf24l01.c:474:6:read_config_registers	8	static
nrf24l01.c:497:6:reset_nrf24l01	16	static
