nrf24l01.c:44:22:DelayMicro	24	static
nrf24l01.c:51:9:NRF24_ReadReg	32	static
nrf24l01.c:65:6:NRF24_WriteReg	16	static
nrf24l01.c:74:6:NRF24_ToggleFeatures	16	static
nrf24l01.c:85:6:NRF24_Read_Buf	16	static
nrf24l01.c:93:6:NRF24_Write_Buf	16	static
nrf24l01.c:103:6:NRF24_FlushRX	16	static
nrf24l01.c:112:6:NRF24_FlushTX	16	static
nrf24l01.c:121:6:NRF24L01_RX_Mode	16	static
nrf24l01.c:140:6:NRF24L01_Receive	40	static
nrf24l01.c:169:6:NRF24_ini_rx_mode	8	static
nrf24l01.c:201:6:read_config_registers	8	static
nrf24l01.c:229:6:init_nrf_rx_mode	16	static
nrf24l01.c:237:6:IRQ_Callback	16	static
nrf24l01.c:271:6:NRF24_ini_tx_mode	8	static
nrf24l01.c:301:6:NRF24L01_TX_Mode	16	static
nrf24l01.c:310:6:NRF24_Transmit	16	static
nrf24l01.c:327:9:NRF24L01_Send	24	static
nrf24l01.c:364:6:NRF24_ini	8	static
nrf24l01.c:394:6:nrf_communication_test	80	static
