nrf24l01.c:41:6:nrf	40	static
nrf24l01.c:58:22:DelayMicro	24	static
nrf24l01.c:65:9:NRF24_ReadReg	32	static
nrf24l01.c:79:6:NRF24_WriteReg	16	static
nrf24l01.c:88:6:NRF24_ToggleFeatures	16	static
nrf24l01.c:99:6:NRF24_Read_Buf	16	static
nrf24l01.c:107:6:NRF24_Write_Buf	16	static
nrf24l01.c:117:6:NRF24_FlushRX	16	static
nrf24l01.c:126:6:NRF24_FlushTX	16	static
nrf24l01.c:135:6:NRF24L01_RX_Mode	16	static
nrf24l01.c:154:6:NRF24L01_Receive	40	static
nrf24l01.c:183:6:NRF24_ini_rx_mode	8	static
nrf24l01.c:215:6:read_config_registers	8	static
nrf24l01.c:243:6:init_nrf_rx_mode	16	static
nrf24l01.c:251:6:IRQ_Callback	16	static
nrf24l01.c:271:6:NRF24_ini_tx_mode	8	static
nrf24l01.c:301:6:NRF24L01_TX_Mode	16	static
nrf24l01.c:310:6:NRF24_Transmit	16	static
nrf24l01.c:322:9:NRF24L01_Send	24	static
nrf24l01.c:360:6:nrf_tx_test	80	static
