nrf24l01.c:33:6:nrf	40	static
nrf24l01.c:51:22:DelayMicro	24	static
nrf24l01.c:58:9:NRF24_ReadReg	32	static
nrf24l01.c:72:6:NRF24_WriteReg	16	static
nrf24l01.c:81:6:NRF24_ToggleFeatures	16	static
nrf24l01.c:92:6:NRF24_Read_Buf	16	static
nrf24l01.c:100:6:NRF24_Write_Buf	16	static
nrf24l01.c:110:6:NRF24_FlushRX	16	static
nrf24l01.c:119:6:NRF24_FlushTX	16	static
nrf24l01.c:128:6:NRF24L01_RX_Mode	16	static
nrf24l01.c:147:6:NRF24L01_Receive	40	static
nrf24l01.c:176:6:NRF24_ini	8	static
nrf24l01.c:208:6:read_config_registers	8	static
nrf24l01.c:231:6:nrf_communication_test	8	static
nrf24l01.c:236:6:init_nrf	16	static
nrf24l01.c:244:6:IRQ_Callback	16	static
