e220_900t22d.c:43:6:LoRa_RX	80	static
e220_900t22d.c:109:6:LoRa_TX_send_test_number	40	static
e220_900t22d.c:165:5:lora_transmit_data	16	static
e220_900t22d.c:182:6:LoRa_TX_send_T_and_H	96	static
e220_900t22d.c:262:5:lora_transmit_string_data	24	static
e220_900t22d.c:282:6:read_all_settings_from_module	8	static
e220_900t22d.c:303:6:init_lora_TX	8	static
e220_900t22d.c:342:6:init_lora_RX	8	static
e220_900t22d.c:374:6:read_settings_from_module	8	static
e220_900t22d.c:400:6:set_config_deep_sleep_mode	8	static
e220_900t22d.c:408:6:set_WOR_RX_mode	8	static
e220_900t22d.c:415:6:set_WOR_TX_mode	8	static
