e220_900t22d.c:43:6:LoRa_RX	80	static
e220_900t22d.c:111:6:LoRa_TX_send_test_number	40	static
e220_900t22d.c:169:5:lora_transmit_data	16	static
e220_900t22d.c:186:6:LoRa_TX_send_T_and_H	96	static
e220_900t22d.c:268:5:lora_transmit_string_data	24	static
e220_900t22d.c:288:6:read_all_settings_from_module	8	static
e220_900t22d.c:309:6:init_lora_TX	8	static
e220_900t22d.c:348:6:init_lora_RX	8	static
e220_900t22d.c:380:6:read_settings_from_module	8	static
e220_900t22d.c:406:6:set_config_deep_sleep_mode	8	static
e220_900t22d.c:414:6:set_WOR_RX_mode	8	static
e220_900t22d.c:421:6:set_WOR_TX_mode	8	static
