nrf24l01.c:35:22:DelayMicro	24	static
nrf24l01.c:42:9:NRF24_ReadReg	32	static
nrf24l01.c:57:6:NRF24_WriteReg	16	static
nrf24l01.c:66:6:NRF24_ToggleFeatures	16	static
nrf24l01.c:77:6:NRF24_Read_Buf	16	static
nrf24l01.c:85:6:NRF24_Write_Buf	16	static
nrf24l01.c:95:6:NRF24_FlushRX	16	static
nrf24l01.c:104:6:NRF24_FlushTX	16	static
nrf24l01.c:113:6:NRF24L01_RX_Mode	16	static
nrf24l01.c:126:6:NRF24_ini	8	static
nrf24l01.c:156:6:read_config_registers_nrf	8	static
nrf24l01.c:171:6:NRF24L01_TX_Mode	16	static
nrf24l01.c:180:6:NRF24_Transmit	16	static
nrf24l01.c:191:9:NRF24L01_Send	24	static
nrf24l01.c:229:6:nrf_communication_test	80	static
