Archive member included to satisfy reference by file (symbol)

/home/odemki/Programs/programs/STM32IDE/1/en.en-st-stm32cubeide_1-5-0_8698_20201117_1050_amd64_sh/makeself_dir_5QpOGP/y/plugins/com.st.stm32cube.ide.mcu.externaltools.gnu-tools-for-stm32.9-2020-q2-update.linux64_1.5.0.202011040924/tools/bin/../lib/gcc/arm-none-eabi/9.3.1/../../../../arm-none-eabi/lib/thumb/v7-m/nofp/libc_nano.a(lib_a-errno.o)
                              Core/Src/syscalls.o (__errno)
/home/odemki/Programs/programs/STM32IDE/1/en.en-st-stm32cubeide_1-5-0_8698_20201117_1050_amd64_sh/makeself_dir_5QpOGP/y/plugins/com.st.stm32cube.ide.mcu.externaltools.gnu-tools-for-stm32.9-2020-q2-update.linux64_1.5.0.202011040924/tools/bin/../lib/gcc/arm-none-eabi/9.3.1/../../../../arm-none-eabi/lib/thumb/v7-m/nofp/libc_nano.a(lib_a-exit.o)
                              /home/odemki/Programs/programs/STM32IDE/1/en.en-st-stm32cubeide_1-5-0_8698_20201117_1050_amd64_sh/makeself_dir_5QpOGP/y/plugins/com.st.stm32cube.ide.mcu.externaltools.gnu-tools-for-stm32.9-2020-q2-update.linux64_1.5.0.202011040924/tools/bin/../lib/gcc/arm-none-eabi/9.3.1/../../../../arm-none-eabi/lib/thumb/v7-m/nofp/crt0.o (exit)
/home/odemki/Programs/programs/STM32IDE/1/en.en-st-stm32cubeide_1-5-0_8698_20201117_1050_amd64_sh/makeself_dir_5QpOGP/y/plugins/com.st.stm32cube.ide.mcu.externaltools.gnu-tools-for-stm32.9-2020-q2-update.linux64_1.5.0.202011040924/tools/bin/../lib/gcc/arm-none-eabi/9.3.1/../../../../arm-none-eabi/lib/thumb/v7-m/nofp/libc_nano.a(lib_a-impure.o)
                              /home/odemki/Programs/programs/STM32IDE/1/en.en-st-stm32cubeide_1-5-0_8698_20201117_1050_amd64_sh/makeself_dir_5QpOGP/y/plugins/com.st.stm32cube.ide.mcu.externaltools.gnu-tools-for-stm32.9-2020-q2-update.linux64_1.5.0.202011040924/tools/bin/../lib/gcc/arm-none-eabi/9.3.1/../../../../arm-none-eabi/lib/thumb/v7-m/nofp/libc_nano.a(lib_a-exit.o) (_global_impure_ptr)
/home/odemki/Programs/programs/STM32IDE/1/en.en-st-stm32cubeide_1-5-0_8698_20201117_1050_amd64_sh/makeself_dir_5QpOGP/y/plugins/com.st.stm32cube.ide.mcu.externaltools.gnu-tools-for-stm32.9-2020-q2-update.linux64_1.5.0.202011040924/tools/bin/../lib/gcc/arm-none-eabi/9.3.1/../../../../arm-none-eabi/lib/thumb/v7-m/nofp/libc_nano.a(lib_a-init.o)
                              /home/odemki/Programs/programs/STM32IDE/1/en.en-st-stm32cubeide_1-5-0_8698_20201117_1050_amd64_sh/makeself_dir_5QpOGP/y/plugins/com.st.stm32cube.ide.mcu.externaltools.gnu-tools-for-stm32.9-2020-q2-update.linux64_1.5.0.202011040924/tools/bin/../lib/gcc/arm-none-eabi/9.3.1/../../../../arm-none-eabi/lib/thumb/v7-m/nofp/crt0.o (__libc_init_array)
/home/odemki/Programs/programs/STM32IDE/1/en.en-st-stm32cubeide_1-5-0_8698_20201117_1050_amd64_sh/makeself_dir_5QpOGP/y/plugins/com.st.stm32cube.ide.mcu.externaltools.gnu-tools-for-stm32.9-2020-q2-update.linux64_1.5.0.202011040924/tools/bin/../lib/gcc/arm-none-eabi/9.3.1/../../../../arm-none-eabi/lib/thumb/v7-m/nofp/libc_nano.a(lib_a-itoa.o)
                              Core/Src/UART/uart.o (itoa)
/home/odemki/Programs/programs/STM32IDE/1/en.en-st-stm32cubeide_1-5-0_8698_20201117_1050_amd64_sh/makeself_dir_5QpOGP/y/plugins/com.st.stm32cube.ide.mcu.externaltools.gnu-tools-for-stm32.9-2020-q2-update.linux64_1.5.0.202011040924/tools/bin/../lib/gcc/arm-none-eabi/9.3.1/../../../../arm-none-eabi/lib/thumb/v7-m/nofp/libc_nano.a(lib_a-malloc.o)
                              Core/Src/lists/simply_linked_list.o (malloc)
/home/odemki/Programs/programs/STM32IDE/1/en.en-st-stm32cubeide_1-5-0_8698_20201117_1050_amd64_sh/makeself_dir_5QpOGP/y/plugins/com.st.stm32cube.ide.mcu.externaltools.gnu-tools-for-stm32.9-2020-q2-update.linux64_1.5.0.202011040924/tools/bin/../lib/gcc/arm-none-eabi/9.3.1/../../../../arm-none-eabi/lib/thumb/v7-m/nofp/libc_nano.a(lib_a-memcpy-stub.o)
                              Core/Src/state_machine/state_machine.o (memcpy)
/home/odemki/Programs/programs/STM32IDE/1/en.en-st-stm32cubeide_1-5-0_8698_20201117_1050_amd64_sh/makeself_dir_5QpOGP/y/plugins/com.st.stm32cube.ide.mcu.externaltools.gnu-tools-for-stm32.9-2020-q2-update.linux64_1.5.0.202011040924/tools/bin/../lib/gcc/arm-none-eabi/9.3.1/../../../../arm-none-eabi/lib/thumb/v7-m/nofp/libc_nano.a(lib_a-memset.o)
                              /home/odemki/Programs/programs/STM32IDE/1/en.en-st-stm32cubeide_1-5-0_8698_20201117_1050_amd64_sh/makeself_dir_5QpOGP/y/plugins/com.st.stm32cube.ide.mcu.externaltools.gnu-tools-for-stm32.9-2020-q2-update.linux64_1.5.0.202011040924/tools/bin/../lib/gcc/arm-none-eabi/9.3.1/../../../../arm-none-eabi/lib/thumb/v7-m/nofp/crt0.o (memset)
/home/odemki/Programs/programs/STM32IDE/1/en.en-st-stm32cubeide_1-5-0_8698_20201117_1050_amd64_sh/makeself_dir_5QpOGP/y/plugins/com.st.stm32cube.ide.mcu.externaltools.gnu-tools-for-stm32.9-2020-q2-update.linux64_1.5.0.202011040924/tools/bin/../lib/gcc/arm-none-eabi/9.3.1/../../../../arm-none-eabi/lib/thumb/v7-m/nofp/libc_nano.a(lib_a-nano-freer.o)
[...]
Memory Configuration

Name             Origin             Length             Attributes
RAM              0x0000000020000000 0x0000000000005000 xrw
FLASH            0x0000000008000000 0x0000000000010000 xr
*default*        0x0000000000000000 0xffffffffffffffff

Linker script and memory map

LOAD /home/odemki/Programs/programs/STM32IDE/1/en.en-st-stm32cubeide_1-5-0_8698_20201117_1050_amd64_sh/makeself_dir_5QpOGP/y/plugins/com.st.stm32cube.ide.mcu.externaltools.gnu-tools-for-stm32.9-2020-q2-update.linux64_1.5.0.202011040924/tools/bin/../lib/gcc/arm-none-eabi/9.3.1/thumb/v7-m/nofp/crti.o
LOAD /home/odemki/Programs/programs/STM32IDE/1/en.en-st-stm32cubeide_1-5-0_8698_20201117_1050_amd64_sh/makeself_dir_5QpOGP/y/plugins/com.st.stm32cube.ide.mcu.externaltools.gnu-tools-for-stm32.9-2020-q2-update.linux64_1.5.0.202011040924/tools/bin/../lib/gcc/arm-none-eabi/9.3.1/thumb/v7-m/nofp/crtbegin.o
LOAD /home/odemki/Programs/programs/STM32IDE/1/en.en-st-stm32cubeide_1-5-0_8698_20201117_1050_amd64_sh/makeself_dir_5QpOGP/y/plugins/com.st.stm32cube.ide.mcu.externaltools.gnu-tools-for-stm32.9-2020-q2-update.linux64_1.5.0.202011040924/tools/bin/../lib/gcc/arm-none-eabi/9.3.1/../../../../arm-none-eabi/lib/thumb/v7-m/nofp/crt0.o
LOAD Core/Src/LoRa_E220_900T22D/e220_900t22d.o
LOAD Core/Src/NRF24L01/nrf24l01.o
LOAD Core/Src/OLED/fonts.o
LOAD Core/Src/OLED/oled_main.o
LOAD Core/Src/OLED/ssd1306.o
LOAD Core/Src/UART/uart.o
LOAD Core/Src/keyboard/keyboard.o
LOAD Core/Src/lists/lists.o
LOAD Core/Src/lists/oled_simulation_menu.o
LOAD Core/Src/lists/simply_linked_list.o
LOAD Core/Src/main.o
LOAD Core/Src/stm32f1xx_hal_msp.o
LOAD Core/Src/stm32f1xx_it.o
LOAD Core/Src/syscalls.o
LOAD Core/Src/sysmem.o
LOAD Core/Src/system_stm32f1xx.o
LOAD Core/Src/state_machine/state_machine.o
LOAD Core/Startup/startup_stm32f103c8tx.o
LOAD Drivers/STM32F1xx_HAL_Driver/Src/stm32f1xx_hal.o
LOAD Drivers/STM32F1xx_HAL_Driver/Src/stm32f1xx_hal_cortex.o
LOAD Drivers/STM32F1xx_HAL_Driver/Src/stm32f1xx_hal_dma.o
LOAD Drivers/STM32F1xx_HAL_Driver/Src/stm32f1xx_hal_exti.o
LOAD Drivers/STM32F1xx_HAL_Driver/Src/stm32f1xx_hal_flash.o
LOAD Drivers/STM32F1xx_HAL_Driver/Src/stm32f1xx_hal_flash_ex.o
LOAD Drivers/STM32F1xx_HAL_Driver/Src/stm32f1xx_hal_gpio.o
LOAD Drivers/STM32F1xx_HAL_Driver/Src/stm32f1xx_hal_gpio_ex.o
LOAD Drivers/STM32F1xx_HAL_Driver/Src/stm32f1xx_hal_i2c.o
LOAD Drivers/STM32F1xx_HAL_Driver/Src/stm32f1xx_hal_pwr.o
LOAD Drivers/STM32F1xx_HAL_Driver/Src/stm32f1xx_hal_rcc.o
LOAD Drivers/STM32F1xx_HAL_Driver/Src/stm32f1xx_hal_rcc_ex.o
LOAD Drivers/STM32F1xx_HAL_Driver/Src/stm32f1xx_hal_spi.o
LOAD Drivers/STM32F1xx_HAL_Driver/Src/stm32f1xx_hal_tim.o
LOAD Drivers/STM32F1xx_HAL_Driver/Src/stm32f1xx_hal_tim_ex.o
LOAD Drivers/STM32F1xx_HAL_Driver/Src/stm32f1xx_hal_uart.o
START GROUP
LOAD /home/odemki/Programs/programs/STM32IDE/1/en.en-st-stm32cubeide_1-5-0_8698_20201117_1050_amd64_sh/makeself_dir_5QpOGP/y/plugins/com.st.stm32cube.ide.mcu.externaltools.gnu-tools-for-stm32.9-2020-q2-update.linux64_1.5.0.202011040924/tools/bin/../lib/gcc/arm-none-eabi/9.3.1/../../../../arm-none-eabi/lib/thumb/v7-m/nofp/libc_nano.a
LOAD /home/odemki/Programs/programs/STM32IDE/1/en.en-st-stm32cubeide_1-5-0_8698_20201117_1050_amd64_sh/makeself_dir_5QpOGP/y/plugins/com.st.stm32cube.ide.mcu.externaltools.gnu-tools-for-stm32.9-2020-q2-update.linux64_1.5.0.202011040924/tools/bin/../lib/gcc/arm-none-eabi/9.3.1/../../../../arm-none-eabi/lib/thumb/v7-m/nofp/libm.a
END GROUP
START GROUP
LOAD /home/odemki/Programs/programs/STM32IDE/1/en.en-st-stm32cubeide_1-5-0_8698_20201117_1050_amd64_sh/makeself_dir_5QpOGP/y/plugins/com.st.stm32cube.ide.mcu.externaltools.gnu-tools-for-stm32.9-2020-q2-update.linux64_1.5.0.202011040924/tools/bin/../lib/gcc/arm-none-eabi/9.3.1/thumb/v7-m/nofp/libgcc.a
LOAD /home/odemki/Programs/programs/STM32IDE/1/en.en-st-stm32cubeide_1-5-0_8698_20201117_1050_amd64_sh/makeself_dir_5QpOGP/y/plugins/com.st.stm32cube.ide.mcu.externaltools.gnu-tools-for-stm32.9-2020-q2-update.linux64_1.5.0.202011040924/tools/bin/../lib/gcc/arm-none-eabi/9.3.1/../../../../arm-none-eabi/lib/thumb/v7-m/nofp/libc_nano.a
END GROUP
START GROUP
LOAD /home/odemki/Programs/programs/STM32IDE/1/en.en-st-stm32cubeide_1-5-0_8698_20201117_1050_amd64_sh/makeself_dir_5QpOGP/y/plugins/com.st.stm32cube.ide.mcu.externaltools.gnu-tools-for-stm32.9-2020-q2-update.linux64_1.5.0.202011040924/tools/bin/../lib/gcc/arm-none-eabi/9.3.1/thumb/v7-m/nofp/libgcc.a
LOAD /home/odemki/Programs/programs/STM32IDE/1/en.en-st-stm32cubeide_1-5-0_8698_20201117_1050_amd64_sh/makeself_dir_5QpOGP/y/plugins/com.st.stm32cube.ide.mcu.externaltools.gnu-tools-for-stm32.9-2020-q2-update.linux64_1.5.0.202011040924/tools/bin/../lib/gcc/arm-none-eabi/9.3.1/../../../../arm-none-eabi/lib/thumb/v7-m/nofp/libc_nano.a
LOAD /home/odemki/Programs/programs/STM32IDE/1/en.en-st-stm32cubeide_1-5-0_8698_20201117_1050_amd64_sh/makeself_dir_5QpOGP/y/plugins/com.st.stm32cube.ide.mcu.externaltools.gnu-tools-for-stm32.9-2020-q2-update.linux64_1.5.0.202011040924/tools/bin/../lib/gcc/arm-none-eabi/9.3.1/../../../../arm-none-eabi/lib/thumb/v7-m/nofp/libnosys.a
END GROUP
START GROUP
LOAD /home/odemki/Programs/programs/STM32IDE/1/en.en-st-stm32cubeide_1-5-0_8698_20201117_1050_amd64_sh/makeself_dir_5QpOGP/y/plugins/com.st.stm32cube.ide.mcu.externaltools.gnu-tools-for-stm32.9-2020-q2-update.linux64_1.5.0.202011040924/tools/bin/../lib/gcc/arm-none-eabi/9.3.1/thumb/v7-m/nofp/libgcc.a
LOAD /home/odemki/Programs/programs/STM32IDE/1/en.en-st-stm32cubeide_1-5-0_8698_20201117_1050_amd64_sh/makeself_dir_5QpOGP/y/plugins/com.st.stm32cube.ide.mcu.externaltools.gnu-tools-for-stm32.9-2020-q2-update.linux64_1.5.0.202011040924/tools/bin/../lib/gcc/arm-none-eabi/9.3.1/../../../../arm-none-eabi/lib/thumb/v7-m/nofp/libc_nano.a
LOAD /home/odemki/Programs/programs/STM32IDE/1/en.en-st-stm32cubeide_1-5-0_8698_20201117_1050_amd64_sh/makeself_dir_5QpOGP/y/plugins/com.st.stm32cube.ide.mcu.externaltools.gnu-tools-for-stm32.9-2020-q2-update.linux64_1.5.0.202011040924/tools/bin/../lib/gcc/arm-none-eabi/9.3.1/../../../../arm-none-eabi/lib/thumb/v7-m/nofp/libnosys.a
END GROUP
LOAD /home/odemki/Programs/programs/STM32IDE/1/en.en-st-stm32cubeide_1-5-0_8698_20201117_1050_amd64_sh/makeself_dir_5QpOGP/y/plugins/com.st.stm32cube.ide.mcu.externaltools.gnu-tools-for-stm32.9-2020-q2-update.linux64_1.5.0.202011040924/tools/bin/../lib/gcc/arm-none-eabi/9.3.1/thumb/v7-m/nofp/crtend.o
LOAD /home/odemki/Programs/programs/STM32IDE/1/en.en-st-stm32cubeide_1-5-0_8698_20201117_1050_amd64_sh/makeself_dir_5QpOGP/y/plugins/com.st.stm32cube.ide.mcu.externaltools.gnu-tools-for-stm32.9-2020-q2-update.linux64_1.5.0.202011040924/tools/bin/../lib/gcc/arm-none-eabi/9.3.1/thumb/v7-m/nofp/crtn.o
                0x0000000020005000                _estack = (ORIGIN (RAM) + LENGTH (RAM))
                0x0000000000000200                _Min_Heap_Size = 0x200
                0x0000000000000400                _Min_Stack_Size = 0x400

.isr_vector     0x0000000008000000      0x10c
                0x0000000008000000                . = ALIGN (0x4)
 *(.isr_vector)
 .isr_vector    0x0000000008000000      0x10c Core/Startup/startup_stm32f103c8tx.o
                0x0000000008000000                g_pfnVectors
                0x000000000800010c                . = ALIGN (0x4)

.text           0x000000000800010c     0x658c
                0x000000000800010c                . = ALIGN (0x4)
 *(.text)
 .text          0x000000000800010c       0x40 /home/odemki/Programs/programs/STM32IDE/1/en.en-st-stm32cubeide_1-5-0_8698_20201117_1050_amd64_sh/makeself_dir_5QpOGP/y/plugins/com.st.stm32cube.ide.mcu.externaltools.gnu-tools-for-stm32.9-2020-q2-update.linux64_1.5.0.202011040924/tools/bin/../lib/gcc/arm-none-eabi/9.3.1/thumb/v7-m/nofp/crtbegin.o
 *(.text*)
 .text.DelayMicro
                0x000000000800014c       0x44 Core/Src/NRF24L01/nrf24l01.o
 .text.NRF24_ReadReg
                0x0000000008000190       0x68 Core/Src/NRF24L01/nrf24l01.o
                0x0000000008000190                NRF24_ReadReg
 .text.NRF24_WriteReg
                0x00000000080001f8       0x5c Core/Src/NRF24L01/nrf24l01.o
                0x00000000080001f8                NRF24_WriteReg
 .text.NRF24_Read_Buf
                0x0000000008000254       0x54 Core/Src/NRF24L01/nrf24l01.o
                0x0000000008000254                NRF24_Read_Buf
 .text.IRQ_Callback
                0x00000000080002a8       0x74 Core/Src/NRF24L01/nrf24l01.o
                0x00000000080002a8                IRQ_Callback
 .text.clearn_oled
                0x000000000800031c       0x12 Core/Src/OLED/oled_main.o
                0x000000000800031c                clearn_oled
 *fill*         0x000000000800032e        0x2 
 .text.ssd1306_WriteCommand
                0x0000000008000330       0x30 Core/Src/OLED/ssd1306.o
 .text.ssd1306_Init
                0x0000000008000360       0xd8 Core/Src/OLED/ssd1306.o
                0x0000000008000360                ssd1306_Init
 .text.ssd1306_Fill
                0x0000000008000438       0x44 Core/Src/OLED/ssd1306.o
                0x0000000008000438                ssd1306_Fill
 .text.ssd1306_UpdateScreen
                0x000000000800047c       0x60 Core/Src/OLED/ssd1306.o
                0x000000000800047c                ssd1306_UpdateScreen
 .text.ssd1306_DrawPixel
                0x00000000080004dc       0xc0 Core/Src/OLED/ssd1306.o
                0x00000000080004dc                ssd1306_DrawPixel
 .text.ssd1306_WriteChar
                0x000000000800059c      0x100 Core/Src/OLED/ssd1306.o
                0x000000000800059c                ssd1306_WriteChar
 .text.ssd1306_WriteString
                0x000000000800069c       0x4c Core/Src/OLED/ssd1306.o
                0x000000000800069c                ssd1306_WriteString
 .text.ssd1306_SetCursor
                0x00000000080006e8       0x30 Core/Src/OLED/ssd1306.o
                0x00000000080006e8                ssd1306_SetCursor
 .text.ssd1306_Line
                0x0000000008000718       0xd8 Core/Src/OLED/ssd1306.o
                0x0000000008000718                ssd1306_Line
 .text.ssd1306_DrawRectangle
                0x00000000080007f0       0x6e Core/Src/OLED/ssd1306.o
                0x00000000080007f0                ssd1306_DrawRectangle
 .text.ssd1306FillRect
                0x000000000800085e       0x6e Core/Src/OLED/ssd1306.o
                0x000000000800085e                ssd1306FillRect
 .text.scroll_bar
                0x00000000080008cc       0xe8 Core/Src/lists/oled_simulation_menu.o
                0x00000000080008cc                scroll_bar
 .text.print_rectangle_on_head
                0x00000000080009b4       0x20 Core/Src/lists/oled_simulation_menu.o
                0x00000000080009b4                print_rectangle_on_head
 .text.clear_menu_items
                0x00000000080009d4       0xec Core/Src/lists/oled_simulation_menu.o
                0x00000000080009d4                clear_menu_items
 .text.print_rows_on_oled_if_up
                0x0000000008000ac0       0xf8 Core/Src/lists/oled_simulation_menu.o
                0x0000000008000ac0                print_rows_on_oled_if_up
 .text.print_rows_on_oled_if_down
                0x0000000008000bb8      0x104 Core/Src/lists/oled_simulation_menu.o
                0x0000000008000bb8                print_rows_on_oled_if_down
 .text.print_menu_init
                0x0000000008000cbc      0x120 Core/Src/lists/oled_simulation_menu.o
                0x0000000008000cbc                print_menu_init
 .text.action   0x0000000008000ddc      0x13c Core/Src/lists/oled_simulation_menu.o
                0x0000000008000ddc                action
 .text.return_from_menu
                0x0000000008000f18       0x54 Core/Src/lists/oled_simulation_menu.o
                0x0000000008000f18                return_from_menu
 .text.do_it_function_menu_1
                0x0000000008000f6c       0xe4 Core/Src/lists/oled_simulation_menu.o
                0x0000000008000f6c                do_it_function_menu_1
 .text.items_menu_1_set_par_1
                0x0000000008001050       0xc0 Core/Src/lists/oled_simulation_menu.o
                0x0000000008001050                items_menu_1_set_par_1
 .text.items_menu_1_set_par_2
                0x0000000008001110       0xc0 Core/Src/lists/oled_simulation_menu.o
                0x0000000008001110                items_menu_1_set_par_2
 .text.items_menu_1_set_par_3
                0x00000000080011d0       0xc0 Core/Src/lists/oled_simulation_menu.o
                0x00000000080011d0                items_menu_1_set_par_3
 .text.do_it_function_menu_2
                0x0000000008001290       0xe4 Core/Src/lists/oled_simulation_menu.o
                0x0000000008001290                do_it_function_menu_2
 .text.items_menu_2_set_par_1
                0x0000000008001374       0xc0 Core/Src/lists/oled_simulation_menu.o
                0x0000000008001374                items_menu_2_set_par_1
 .text.do_it_function_menu_3
                0x0000000008001434       0xe8 Core/Src/lists/oled_simulation_menu.o
                0x0000000008001434                do_it_function_menu_3
 .text.do_it_function_menu_4
                0x000000000800151c       0xe8 Core/Src/lists/oled_simulation_menu.o
                0x000000000800151c                do_it_function_menu_4
 .text.items_menu_4_set_par_1
                0x0000000008001604       0xc0 Core/Src/lists/oled_simulation_menu.o
                0x0000000008001604                items_menu_4_set_par_1
 .text.items_menu_4_set_par_2
                0x00000000080016c4       0xc0 Core/Src/lists/oled_simulation_menu.o
                0x00000000080016c4                items_menu_4_set_par_2
 .text.items_menu_4_set_par_3
                0x0000000008001784       0xc0 Core/Src/lists/oled_simulation_menu.o
                0x0000000008001784                items_menu_4_set_par_3
 .text.items_menu_4_set_par_4
                0x0000000008001844       0xc0 Core/Src/lists/oled_simulation_menu.o
                0x0000000008001844                items_menu_4_set_par_4
 .text.items_menu_4_set_par_5
                0x0000000008001904       0xc0 Core/Src/lists/oled_simulation_menu.o
                0x0000000008001904                items_menu_4_set_par_5
 .text.items_menu_4_set_par_6
                0x00000000080019c4       0xc0 Core/Src/lists/oled_simulation_menu.o
                0x00000000080019c4                items_menu_4_set_par_6
 .text.items_menu_4_set_par_7
                0x0000000008001a84       0xc0 Core/Src/lists/oled_simulation_menu.o
                0x0000000008001a84                items_menu_4_set_par_7
 .text.items_menu_4_set_par_8
                0x0000000008001b44       0xc0 Core/Src/lists/oled_simulation_menu.o
                0x0000000008001b44                items_menu_4_set_par_8
 .text.Menu_Init
                0x0000000008001c04      0x848 Core/Src/lists/oled_simulation_menu.o
                0x0000000008001c04                Menu_Init
 .text.up       0x000000000800244c       0x34 Core/Src/lists/oled_simulation_menu.o
                0x000000000800244c                up
 .text.down     0x0000000008002480       0x34 Core/Src/lists/oled_simulation_menu.o
                0x0000000008002480                down
 .text.enter    0x00000000080024b4       0x4c Core/Src/lists/oled_simulation_menu.o
                0x00000000080024b4                enter
 .text.menu     0x0000000008002500       0x58 Core/Src/lists/oled_simulation_menu.o
                0x0000000008002500                menu
 .text.main     0x0000000008002558       0x58 Core/Src/main.o
                0x0000000008002558                main
 .text.SystemClock_Config
                0x00000000080025b0       0x8a Core/Src/main.o
                0x00000000080025b0                SystemClock_Config
 *fill*         0x000000000800263a        0x2 
 .text.MX_I2C1_Init
                0x000000000800263c       0x5c Core/Src/main.o
 .text.MX_SPI1_Init
                0x0000000008002698       0x6c Core/Src/main.o
 .text.MX_TIM1_Init
                0x0000000008002704       0xa0 Core/Src/main.o
 .text.MX_USART1_UART_Init
                0x00000000080027a4       0x54 Core/Src/main.o
 .text.MX_USART3_UART_Init
                0x00000000080027f8       0x54 Core/Src/main.o
 .text.MX_GPIO_Init
                0x000000000800284c      0x1a8 Core/Src/main.o
 .text.HAL_GPIO_EXTI_Callback
                0x00000000080029f4       0x20 Core/Src/main.o
                0x00000000080029f4                HAL_GPIO_EXTI_Callback
 .text.HAL_UART_RxCpltCallback
                0x0000000008002a14       0x74 Core/Src/main.o
                0x0000000008002a14                HAL_UART_RxCpltCallback
 .text.Error_Handler
                0x0000000008002a88        0xa Core/Src/main.o
                0x0000000008002a88                Error_Handler
 *fill*         0x0000000008002a92        0x2 
 .text.HAL_MspInit
                0x0000000008002a94       0x64 Core/Src/stm32f1xx_hal_msp.o
                0x0000000008002a94                HAL_MspInit
 .text.HAL_I2C_MspInit
                0x0000000008002af8       0x7c Core/Src/stm32f1xx_hal_msp.o
                0x0000000008002af8                HAL_I2C_MspInit
 .text.HAL_SPI_MspInit
                0x0000000008002b74       0x94 Core/Src/stm32f1xx_hal_msp.o
                0x0000000008002b74                HAL_SPI_MspInit
 .text.HAL_TIM_Base_MspInit
                0x0000000008002c08       0x4c Core/Src/stm32f1xx_hal_msp.o
                0x0000000008002c08                HAL_TIM_Base_MspInit
 .text.HAL_UART_MspInit
                0x0000000008002c54      0x120 Core/Src/stm32f1xx_hal_msp.o
                0x0000000008002c54                HAL_UART_MspInit
 .text.NMI_Handler
                0x0000000008002d74        0x6 Core/Src/stm32f1xx_it.o
                0x0000000008002d74                NMI_Handler
 .text.HardFault_Handler
                0x0000000008002d7a        0x6 Core/Src/stm32f1xx_it.o
                0x0000000008002d7a                HardFault_Handler
 .text.MemManage_Handler
                0x0000000008002d80        0x6 Core/Src/stm32f1xx_it.o
                0x0000000008002d80                MemManage_Handler
 .text.BusFault_Handler
                0x0000000008002d86        0x6 Core/Src/stm32f1xx_it.o
                0x0000000008002d86                BusFault_Handler
 .text.UsageFault_Handler
                0x0000000008002d8c        0x6 Core/Src/stm32f1xx_it.o
                0x0000000008002d8c                UsageFault_Handler
 .text.SVC_Handler
                0x0000000008002d92        0xc Core/Src/stm32f1xx_it.o
                0x0000000008002d92                SVC_Handler
 .text.DebugMon_Handler
                0x0000000008002d9e        0xc Core/Src/stm32f1xx_it.o
                0x0000000008002d9e                DebugMon_Handler
 .text.PendSV_Handler
                0x0000000008002daa        0xc Core/Src/stm32f1xx_it.o
                0x0000000008002daa                PendSV_Handler
 .text.SysTick_Handler
                0x0000000008002db6        0xc Core/Src/stm32f1xx_it.o
                0x0000000008002db6                SysTick_Handler
 .text.EXTI2_IRQHandler
                0x0000000008002dc2        0xe Core/Src/stm32f1xx_it.o
                0x0000000008002dc2                EXTI2_IRQHandler
 .text.EXTI9_5_IRQHandler
                0x0000000008002dd0       0x58 Core/Src/stm32f1xx_it.o
                0x0000000008002dd0                EXTI9_5_IRQHandler
 .text.TIM1_UP_IRQHandler
                0x0000000008002e28      0x100 Core/Src/stm32f1xx_it.o
                0x0000000008002e28                TIM1_UP_IRQHandler
 .text.USART1_IRQHandler
                0x0000000008002f28       0x14 Core/Src/stm32f1xx_it.o
                0x0000000008002f28                USART1_IRQHandler
 .text.EXTI15_10_IRQHandler
                0x0000000008002f3c       0x88 Core/Src/stm32f1xx_it.o
                0x0000000008002f3c                EXTI15_10_IRQHandler
 .text.SystemInit
                0x0000000008002fc4        0xc Core/Src/system_stm32f1xx.o
                0x0000000008002fc4                SystemInit
 .text.Reset_Handler
                0x0000000008002fd0       0x48 Core/Startup/startup_stm32f103c8tx.o
                0x0000000008002fd0                Reset_Handler
 .text.Default_Handler
                0x0000000008003018        0x2 Core/Startup/startup_stm32f103c8tx.o
                0x0000000008003018                RTC_Alarm_IRQHandler
                0x0000000008003018                TIM1_CC_IRQHandler
                0x0000000008003018                PVD_IRQHandler
                0x0000000008003018                EXTI3_IRQHandler
                0x0000000008003018                EXTI0_IRQHandler
                0x0000000008003018                I2C2_EV_IRQHandler
                0x0000000008003018                ADC1_2_IRQHandler
                0x0000000008003018                SPI1_IRQHandler
                0x0000000008003018                TAMPER_IRQHandler
                0x0000000008003018                DMA1_Channel4_IRQHandler
                0x0000000008003018                USART3_IRQHandler
                0x0000000008003018                RTC_IRQHandler
                0x0000000008003018                DMA1_Channel7_IRQHandler
                0x0000000008003018                CAN1_RX1_IRQHandler
                0x0000000008003018                TIM4_IRQHandler
                0x0000000008003018                I2C1_EV_IRQHandler
                0x0000000008003018                DMA1_Channel6_IRQHandler
                0x0000000008003018                TIM3_IRQHandler
                0x0000000008003018                RCC_IRQHandler
                0x0000000008003018                TIM1_TRG_COM_IRQHandler
                0x0000000008003018                DMA1_Channel1_IRQHandler
                0x0000000008003018                Default_Handler
                0x0000000008003018                SPI2_IRQHandler
                0x0000000008003018                DMA1_Channel5_IRQHandler
                0x0000000008003018                EXTI4_IRQHandler
                0x0000000008003018                USB_LP_CAN1_RX0_IRQHandler
                0x0000000008003018                USB_HP_CAN1_TX_IRQHandler
                0x0000000008003018                DMA1_Channel3_IRQHandler
                0x0000000008003018                WWDG_IRQHandler
                0x0000000008003018                TIM2_IRQHandler
                0x0000000008003018                TIM1_BRK_IRQHandler
                0x0000000008003018                EXTI1_IRQHandler
                0x0000000008003018                USART2_IRQHandler
                0x0000000008003018                I2C2_ER_IRQHandler
                0x0000000008003018                DMA1_Channel2_IRQHandler
                0x0000000008003018                CAN1_SCE_IRQHandler
                0x0000000008003018                FLASH_IRQHandler
                0x0000000008003018                I2C1_ER_IRQHandler
                0x0000000008003018                USBWakeUp_IRQHandler
 *fill*         0x000000000800301a        0x2 
 .text.HAL_Init
                0x000000000800301c       0x2c Drivers/STM32F1xx_HAL_Driver/Src/stm32f1xx_hal.o
                0x000000000800301c                HAL_Init
 .text.HAL_InitTick
                0x0000000008003048       0x60 Drivers/STM32F1xx_HAL_Driver/Src/stm32f1xx_hal.o
                0x0000000008003048                HAL_InitTick
 .text.HAL_IncTick
                0x00000000080030a8       0x24 Drivers/STM32F1xx_HAL_Driver/Src/stm32f1xx_hal.o
                0x00000000080030a8                HAL_IncTick
 .text.HAL_GetTick
                0x00000000080030cc       0x14 Drivers/STM32F1xx_HAL_Driver/Src/stm32f1xx_hal.o
                0x00000000080030cc                HAL_GetTick
 .text.HAL_Delay
                0x00000000080030e0       0x48 Drivers/STM32F1xx_HAL_Driver/Src/stm32f1xx_hal.o
                0x00000000080030e0                HAL_Delay
 .text.__NVIC_SetPriorityGrouping
                0x0000000008003128       0x48 Drivers/STM32F1xx_HAL_Driver/Src/stm32f1xx_hal_cortex.o
 .text.__NVIC_GetPriorityGrouping
                0x0000000008003170       0x1c Drivers/STM32F1xx_HAL_Driver/Src/stm32f1xx_hal_cortex.o
 .text.__NVIC_EnableIRQ
                0x000000000800318c       0x38 Drivers/STM32F1xx_HAL_Driver/Src/stm32f1xx_hal_cortex.o
 .text.__NVIC_SetPriority
                0x00000000080031c4       0x54 Drivers/STM32F1xx_HAL_Driver/Src/stm32f1xx_hal_cortex.o
 .text.NVIC_EncodePriority
                0x0000000008003218       0x64 Drivers/STM32F1xx_HAL_Driver/Src/stm32f1xx_hal_cortex.o
 .text.SysTick_Config
                0x000000000800327c       0x44 Drivers/STM32F1xx_HAL_Driver/Src/stm32f1xx_hal_cortex.o
 .text.HAL_NVIC_SetPriorityGrouping
                0x00000000080032c0       0x16 Drivers/STM32F1xx_HAL_Driver/Src/stm32f1xx_hal_cortex.o
                0x00000000080032c0                HAL_NVIC_SetPriorityGrouping
 .text.HAL_NVIC_SetPriority
                0x00000000080032d6       0x38 Drivers/STM32F1xx_HAL_Driver/Src/stm32f1xx_hal_cortex.o
                0x00000000080032d6                HAL_NVIC_SetPriority
 .text.HAL_NVIC_EnableIRQ
                0x000000000800330e       0x1c Drivers/STM32F1xx_HAL_Driver/Src/stm32f1xx_hal_cortex.o
                0x000000000800330e                HAL_NVIC_EnableIRQ
 .text.HAL_SYSTICK_Config
                0x000000000800332a       0x18 Drivers/STM32F1xx_HAL_Driver/Src/stm32f1xx_hal_cortex.o
                0x000000000800332a                HAL_SYSTICK_Config
 .text.HAL_DMA_Abort
                0x0000000008003342       0x74 Drivers/STM32F1xx_HAL_Driver/Src/stm32f1xx_hal_dma.o
                0x0000000008003342                HAL_DMA_Abort
 *fill*         0x00000000080033b6        0x2 
 .text.HAL_DMA_Abort_IT
                0x00000000080033b8       0xec Drivers/STM32F1xx_HAL_Driver/Src/stm32f1xx_hal_dma.o
                0x00000000080033b8                HAL_DMA_Abort_IT
 .text.HAL_GPIO_Init
                0x00000000080034a4      0x308 Drivers/STM32F1xx_HAL_Driver/Src/stm32f1xx_hal_gpio.o
                0x00000000080034a4                HAL_GPIO_Init
 .text.HAL_GPIO_ReadPin
                0x00000000080037ac       0x2e Drivers/STM32F1xx_HAL_Driver/Src/stm32f1xx_hal_gpio.o
                0x00000000080037ac                HAL_GPIO_ReadPin
 .text.HAL_GPIO_WritePin
                0x00000000080037da       0x30 Drivers/STM32F1xx_HAL_Driver/Src/stm32f1xx_hal_gpio.o
                0x00000000080037da                HAL_GPIO_WritePin
 .text.HAL_GPIO_TogglePin
                0x000000000800380a       0x32 Drivers/STM32F1xx_HAL_Driver/Src/stm32f1xx_hal_gpio.o
                0x000000000800380a                HAL_GPIO_TogglePin
 .text.HAL_GPIO_EXTI_IRQHandler
                0x000000000800383c       0x30 Drivers/STM32F1xx_HAL_Driver/Src/stm32f1xx_hal_gpio.o
                0x000000000800383c                HAL_GPIO_EXTI_IRQHandler
 .text.HAL_I2C_Init
                0x000000000800386c      0x288 Drivers/STM32F1xx_HAL_Driver/Src/stm32f1xx_hal_i2c.o
                0x000000000800386c                HAL_I2C_Init
 .text.HAL_I2C_Mem_Write
                0x0000000008003af4      0x1f4 Drivers/STM32F1xx_HAL_Driver/Src/stm32f1xx_hal_i2c.o
                0x0000000008003af4                HAL_I2C_Mem_Write
 .text.I2C_RequestMemoryWrite
                0x0000000008003ce8      0x12c Drivers/STM32F1xx_HAL_Driver/Src/stm32f1xx_hal_i2c.o
 .text.I2C_WaitOnFlagUntilTimeout
                0x0000000008003e14       0xae Drivers/STM32F1xx_HAL_Driver/Src/stm32f1xx_hal_i2c.o
 .text.I2C_WaitOnMasterAddressFlagUntilTimeout
                0x0000000008003ec2       0xfe Drivers/STM32F1xx_HAL_Driver/Src/stm32f1xx_hal_i2c.o
 .text.I2C_WaitOnTXEFlagUntilTimeout
                0x0000000008003fc0       0x82 Drivers/STM32F1xx_HAL_Driver/Src/stm32f1xx_hal_i2c.o
 .text.I2C_WaitOnBTFFlagUntilTimeout
                0x0000000008004042       0x82 Drivers/STM32F1xx_HAL_Driver/Src/stm32f1xx_hal_i2c.o
 .text.I2C_IsAcknowledgeFailed
                0x00000000080040c4       0x5c Drivers/STM32F1xx_HAL_Driver/Src/stm32f1xx_hal_i2c.o
 .text.HAL_RCC_OscConfig
                0x0000000008004120      0x500 Drivers/STM32F1xx_HAL_Driver/Src/stm32f1xx_hal_rcc.o
                0x0000000008004120                HAL_RCC_OscConfig
 .text.HAL_RCC_ClockConfig
                0x0000000008004620      0x1d4 Drivers/STM32F1xx_HAL_Driver/Src/stm32f1xx_hal_rcc.o
                0x0000000008004620                HAL_RCC_ClockConfig
 .text.HAL_RCC_GetSysClockFreq
                0x00000000080047f4       0xc0 Drivers/STM32F1xx_HAL_Driver/Src/stm32f1xx_hal_rcc.o
                0x00000000080047f4                HAL_RCC_GetSysClockFreq
 .text.HAL_RCC_GetHCLKFreq
                0x00000000080048b4       0x14 Drivers/STM32F1xx_HAL_Driver/Src/stm32f1xx_hal_rcc.o
                0x00000000080048b4                HAL_RCC_GetHCLKFreq
 .text.HAL_RCC_GetPCLK1Freq
                0x00000000080048c8       0x28 Drivers/STM32F1xx_HAL_Driver/Src/stm32f1xx_hal_rcc.o
                0x00000000080048c8                HAL_RCC_GetPCLK1Freq
 .text.HAL_RCC_GetPCLK2Freq
                0x00000000080048f0       0x28 Drivers/STM32F1xx_HAL_Driver/Src/stm32f1xx_hal_rcc.o
                0x00000000080048f0                HAL_RCC_GetPCLK2Freq
 .text.RCC_Delay
                0x0000000008004918       0x3c Drivers/STM32F1xx_HAL_Driver/Src/stm32f1xx_hal_rcc.o
 .text.HAL_SPI_Init
                0x0000000008004954      0x108 Drivers/STM32F1xx_HAL_Driver/Src/stm32f1xx_hal_spi.o
                0x0000000008004954                HAL_SPI_Init
 .text.HAL_SPI_Transmit
                0x0000000008004a5c      0x278 Drivers/STM32F1xx_HAL_Driver/Src/stm32f1xx_hal_spi.o
                0x0000000008004a5c                HAL_SPI_Transmit
 .text.HAL_SPI_Receive
                0x0000000008004cd4      0x222 Drivers/STM32F1xx_HAL_Driver/Src/stm32f1xx_hal_spi.o
                0x0000000008004cd4                HAL_SPI_Receive
 .text.HAL_SPI_TransmitReceive
                0x0000000008004ef6      0x344 Drivers/STM32F1xx_HAL_Driver/Src/stm32f1xx_hal_spi.o
                0x0000000008004ef6                HAL_SPI_TransmitReceive
 *fill*         0x000000000800523a        0x2 
 .text.SPI_WaitFlagStateUntilTimeout
                0x000000000800523c      0x110 Drivers/STM32F1xx_HAL_Driver/Src/stm32f1xx_hal_spi.o
 .text.SPI_EndRxTransaction
                0x000000000800534c       0xa4 Drivers/STM32F1xx_HAL_Driver/Src/stm32f1xx_hal_spi.o
 .text.SPI_EndRxTxTransaction
                0x00000000080053f0       0x3c Drivers/STM32F1xx_HAL_Driver/Src/stm32f1xx_hal_spi.o
 .text.HAL_TIM_Base_Init
                0x000000000800542c       0x9e Drivers/STM32F1xx_HAL_Driver/Src/stm32f1xx_hal_tim.o
                0x000000000800542c                HAL_TIM_Base_Init
 *fill*         0x00000000080054ca        0x2 
 .text.HAL_TIM_Base_Start_IT
                0x00000000080054cc       0xa4 Drivers/STM32F1xx_HAL_Driver/Src/stm32f1xx_hal_tim.o
                0x00000000080054cc                HAL_TIM_Base_Start_IT
 .text.HAL_TIM_Base_Stop_IT
                0x0000000008005570       0x5c Drivers/STM32F1xx_HAL_Driver/Src/stm32f1xx_hal_tim.o
                0x0000000008005570                HAL_TIM_Base_Stop_IT
 .text.HAL_TIM_IRQHandler
                0x00000000080055cc      0x210 Drivers/STM32F1xx_HAL_Driver/Src/stm32f1xx_hal_tim.o
                0x00000000080055cc                HAL_TIM_IRQHandler
 .text.HAL_TIM_ConfigClockSource
                0x00000000080057dc      0x188 Drivers/STM32F1xx_HAL_Driver/Src/stm32f1xx_hal_tim.o
                0x00000000080057dc                HAL_TIM_ConfigClockSource
 .text.HAL_TIM_PeriodElapsedCallback
                0x0000000008005964       0x12 Drivers/STM32F1xx_HAL_Driver/Src/stm32f1xx_hal_tim.o
                0x0000000008005964                HAL_TIM_PeriodElapsedCallback
 .text.HAL_TIM_OC_DelayElapsedCallback
                0x0000000008005976       0x12 Drivers/STM32F1xx_HAL_Driver/Src/stm32f1xx_hal_tim.o
                0x0000000008005976                HAL_TIM_OC_DelayElapsedCallback
 .text.HAL_TIM_IC_CaptureCallback
                0x0000000008005988       0x12 Drivers/STM32F1xx_HAL_Driver/Src/stm32f1xx_hal_tim.o
                0x0000000008005988                HAL_TIM_IC_CaptureCallback
 .text.HAL_TIM_PWM_PulseFinishedCallback
                0x000000000800599a       0x12 Drivers/STM32F1xx_HAL_Driver/Src/stm32f1xx_hal_tim.o
                0x000000000800599a                HAL_TIM_PWM_PulseFinishedCallback
 .text.HAL_TIM_TriggerCallback
                0x00000000080059ac       0x12 Drivers/STM32F1xx_HAL_Driver/Src/stm32f1xx_hal_tim.o
                0x00000000080059ac                HAL_TIM_TriggerCallback
 *fill*         0x00000000080059be        0x2 
 .text.TIM_Base_SetConfig
                0x00000000080059c0       0xc4 Drivers/STM32F1xx_HAL_Driver/Src/stm32f1xx_hal_tim.o
                0x00000000080059c0                TIM_Base_SetConfig
 .text.TIM_TI1_ConfigInputStage
                0x0000000008005a84       0x5c Drivers/STM32F1xx_HAL_Driver/Src/stm32f1xx_hal_tim.o
 .text.TIM_TI2_ConfigInputStage
                0x0000000008005ae0       0x5e Drivers/STM32F1xx_HAL_Driver/Src/stm32f1xx_hal_tim.o
 .text.TIM_ITRx_SetConfig
                0x0000000008005b3e       0x34 Drivers/STM32F1xx_HAL_Driver/Src/stm32f1xx_hal_tim.o
 .text.TIM_ETR_SetConfig
                0x0000000008005b72       0x3e Drivers/STM32F1xx_HAL_Driver/Src/stm32f1xx_hal_tim.o
                0x0000000008005b72                TIM_ETR_SetConfig
 .text.HAL_TIMEx_MasterConfigSynchronization
                0x0000000008005bb0       0xbc Drivers/STM32F1xx_HAL_Driver/Src/stm32f1xx_hal_tim_ex.o
                0x0000000008005bb0                HAL_TIMEx_MasterConfigSynchronization
 .text.HAL_TIMEx_CommutCallback
                0x0000000008005c6c       0x12 Drivers/STM32F1xx_HAL_Driver/Src/stm32f1xx_hal_tim_ex.o
                0x0000000008005c6c                HAL_TIMEx_CommutCallback
 .text.HAL_TIMEx_BreakCallback
                0x0000000008005c7e       0x12 Drivers/STM32F1xx_HAL_Driver/Src/stm32f1xx_hal_tim_ex.o
                0x0000000008005c7e                HAL_TIMEx_BreakCallback
 .text.HAL_UART_Init
                0x0000000008005c90       0x9a Drivers/STM32F1xx_HAL_Driver/Src/stm32f1xx_hal_uart.o
                0x0000000008005c90                HAL_UART_Init
 .text.HAL_UART_Receive_IT
                0x0000000008005d2a       0x60 Drivers/STM32F1xx_HAL_Driver/Src/stm32f1xx_hal_uart.o
                0x0000000008005d2a                HAL_UART_Receive_IT
 *fill*         0x0000000008005d8a        0x2 
 .text.HAL_UART_IRQHandler
                0x0000000008005d8c      0x354 Drivers/STM32F1xx_HAL_Driver/Src/stm32f1xx_hal_uart.o
                0x0000000008005d8c                HAL_UART_IRQHandler
 .text.HAL_UART_TxCpltCallback
                0x00000000080060e0       0x12 Drivers/STM32F1xx_HAL_Driver/Src/stm32f1xx_hal_uart.o
                0x00000000080060e0                HAL_UART_TxCpltCallback
 .text.HAL_UART_ErrorCallback
                0x00000000080060f2       0x12 Drivers/STM32F1xx_HAL_Driver/Src/stm32f1xx_hal_uart.o
                0x00000000080060f2                HAL_UART_ErrorCallback
 .text.HAL_UARTEx_RxEventCallback
                0x0000000008006104       0x16 Drivers/STM32F1xx_HAL_Driver/Src/stm32f1xx_hal_uart.o
                0x0000000008006104                HAL_UARTEx_RxEventCallback
 .text.UART_Start_Receive_IT
                0x000000000800611a       0x72 Drivers/STM32F1xx_HAL_Driver/Src/stm32f1xx_hal_uart.o
                0x000000000800611a                UART_Start_Receive_IT
 .text.UART_EndRxTransfer
                0x000000000800618c       0x58 Drivers/STM32F1xx_HAL_Driver/Src/stm32f1xx_hal_uart.o
 .text.UART_DMAAbortOnError
                0x00000000080061e4       0x28 Drivers/STM32F1xx_HAL_Driver/Src/stm32f1xx_hal_uart.o
 .text.UART_Transmit_IT
                0x000000000800620c       0x9e Drivers/STM32F1xx_HAL_Driver/Src/stm32f1xx_hal_uart.o
 .text.UART_EndTransmit_IT
                0x00000000080062aa       0x30 Drivers/STM32F1xx_HAL_Driver/Src/stm32f1xx_hal_uart.o
 .text.UART_Receive_IT
                0x00000000080062da      0x152 Drivers/STM32F1xx_HAL_Driver/Src/stm32f1xx_hal_uart.o
 .text.UART_SetConfig
                0x000000000800642c      0x11c Drivers/STM32F1xx_HAL_Driver/Src/stm32f1xx_hal_uart.o
 .text.__libc_init_array
                0x0000000008006548       0x48 /home/odemki/Programs/programs/STM32IDE/1/en.en-st-stm32cubeide_1-5-0_8698_20201117_1050_amd64_sh/makeself_dir_5QpOGP/y/plugins/com.st.stm32cube.ide.mcu.externaltools.gnu-tools-for-stm32.9-2020-q2-update.linux64_1.5.0.202011040924/tools/bin/../lib/gcc/arm-none-eabi/9.3.1/../../../../arm-none-eabi/lib/thumb/v7-m/nofp/libc_nano.a(lib_a-init.o)
                0x0000000008006548                __libc_init_array
 .text.__itoa   0x0000000008006590       0x30 /home/odemki/Programs/programs/STM32IDE/1/en.en-st-stm32cubeide_1-5-0_8698_20201117_1050_amd64_sh/makeself_dir_5QpOGP/y/plugins/com.st.stm32cube.ide.mcu.externaltools.gnu-tools-for-stm32.9-2020-q2-update.linux64_1.5.0.202011040924/tools/bin/../lib/gcc/arm-none-eabi/9.3.1/../../../../arm-none-eabi/lib/thumb/v7-m/nofp/libc_nano.a(lib_a-itoa.o)
                0x0000000008006590                __itoa
 .text.itoa     0x00000000080065c0        0x4 /home/odemki/Programs/programs/STM32IDE/1/en.en-st-stm32cubeide_1-5-0_8698_20201117_1050_amd64_sh/makeself_dir_5QpOGP/y/plugins/com.st.stm32cube.ide.mcu.externaltools.gnu-tools-for-stm32.9-2020-q2-update.linux64_1.5.0.202011040924/tools/bin/../lib/gcc/arm-none-eabi/9.3.1/../../../../arm-none-eabi/lib/thumb/v7-m/nofp/libc_nano.a(lib_a-itoa.o)
                0x00000000080065c0                itoa
 .text.memset   0x00000000080065c4       0x10 /home/odemki/Programs/programs/STM32IDE/1/en.en-st-stm32cubeide_1-5-0_8698_20201117_1050_amd64_sh/makeself_dir_5QpOGP/y/plugins/com.st.stm32cube.ide.mcu.externaltools.gnu-tools-for-stm32.9-2020-q2-update.linux64_1.5.0.202011040924/tools/bin/../lib/gcc/arm-none-eabi/9.3.1/../../../../arm-none-eabi/lib/thumb/v7-m/nofp/libc_nano.a(lib_a-memset.o)
                0x00000000080065c4                memset
 .text.strncpy  0x00000000080065d4       0x26 /home/odemki/Programs/programs/STM32IDE/1/en.en-st-stm32cubeide_1-5-0_8698_20201117_1050_amd64_sh/makeself_dir_5QpOGP/y/plugins/com.st.stm32cube.ide.mcu.externaltools.gnu-tools-for-stm32.9-2020-q2-update.linux64_1.5.0.202011040924/tools/bin/../lib/gcc/arm-none-eabi/9.3.1/../../../../arm-none-eabi/lib/thumb/v7-m/nofp/libc_nano.a(lib_a-strncpy.o)
                0x00000000080065d4                strncpy
 *fill*         0x00000000080065fa        0x2 
 .text.__utoa   0x00000000080065fc       0x84 /home/odemki/Programs/programs/STM32IDE/1/en.en-st-stm32cubeide_1-5-0_8698_20201117_1050_amd64_sh/makeself_dir_5QpOGP/y/plugins/com.st.stm32cube.ide.mcu.externaltools.gnu-tools-for-stm32.9-2020-q2-update.linux64_1.5.0.202011040924/tools/bin/../lib/gcc/arm-none-eabi/9.3.1/../../../../arm-none-eabi/lib/thumb/v7-m/nofp/libc_nano.a(lib_a-utoa.o)
                0x00000000080065fc                __utoa
 *(.glue_7)
 .glue_7        0x0000000008006680        0x0 linker stubs
 *(.glue_7t)
 .glue_7t       0x0000000008006680        0x0 linker stubs
 *(.eh_frame)
 .eh_frame      0x0000000008006680        0x0 /home/odemki/Programs/programs/STM32IDE/1/en.en-st-stm32cubeide_1-5-0_8698_20201117_1050_amd64_sh/makeself_dir_5QpOGP/y/plugins/com.st.stm32cube.ide.mcu.externaltools.gnu-tools-for-stm32.9-2020-q2-update.linux64_1.5.0.202011040924/tools/bin/../lib/gcc/arm-none-eabi/9.3.1/thumb/v7-m/nofp/crtbegin.o
 *(.init)
 .init          0x0000000008006680        0x4 /home/odemki/Programs/programs/STM32IDE/1/en.en-st-stm32cubeide_1-5-0_8698_20201117_1050_amd64_sh/makeself_dir_5QpOGP/y/plugins/com.st.stm32cube.ide.mcu.externaltools.gnu-tools-for-stm32.9-2020-q2-update.linux64_1.5.0.202011040924/tools/bin/../lib/gcc/arm-none-eabi/9.3.1/thumb/v7-m/nofp/crti.o
                0x0000000008006680                _init
 .init          0x0000000008006684        0x8 /home/odemki/Programs/programs/STM32IDE/1/en.en-st-stm32cubeide_1-5-0_8698_20201117_1050_amd64_sh/makeself_dir_5QpOGP/y/plugins/com.st.stm32cube.ide.mcu.externaltools.gnu-tools-for-stm32.9-2020-q2-update.linux64_1.5.0.202011040924/tools/bin/../lib/gcc/arm-none-eabi/9.3.1/thumb/v7-m/nofp/crtn.o
 *(.fini)
 .fini          0x000000000800668c        0x4 /home/odemki/Programs/programs/STM32IDE/1/en.en-st-stm32cubeide_1-5-0_8698_20201117_1050_amd64_sh/makeself_dir_5QpOGP/y/plugins/com.st.stm32cube.ide.mcu.externaltools.gnu-tools-for-stm32.9-2020-q2-update.linux64_1.5.0.202011040924/tools/bin/../lib/gcc/arm-none-eabi/9.3.1/thumb/v7-m/nofp/crti.o
                0x000000000800668c                _fini
 .fini          0x0000000008006690        0x8 /home/odemki/Programs/programs/STM32IDE/1/en.en-st-stm32cubeide_1-5-0_8698_20201117_1050_amd64_sh/makeself_dir_5QpOGP/y/plugins/com.st.stm32cube.ide.mcu.externaltools.gnu-tools-for-stm32.9-2020-q2-update.linux64_1.5.0.202011040924/tools/bin/../lib/gcc/arm-none-eabi/9.3.1/thumb/v7-m/nofp/crtn.o
                0x0000000008006698                . = ALIGN (0x4)
                0x0000000008006698                _etext = .

.vfp11_veneer   0x0000000008006698        0x0
 .vfp11_veneer  0x0000000008006698        0x0 linker stubs

.v4_bx          0x0000000008006698        0x0
 .v4_bx         0x0000000008006698        0x0 linker stubs

.iplt           0x0000000008006698        0x0
 .iplt          0x0000000008006698        0x0 /home/odemki/Programs/programs/STM32IDE/1/en.en-st-stm32cubeide_1-5-0_8698_20201117_1050_amd64_sh/makeself_dir_5QpOGP/y/plugins/com.st.stm32cube.ide.mcu.externaltools.gnu-tools-for-stm32.9-2020-q2-update.linux64_1.5.0.202011040924/tools/bin/../lib/gcc/arm-none-eabi/9.3.1/thumb/v7-m/nofp/crtbegin.o

.rodata         0x0000000008006698      0x958
                0x0000000008006698                . = ALIGN (0x4)
 *(.rodata)
 .rodata        0x0000000008006698      0x19a Core/Src/lists/oled_simulation_menu.o
 *fill*         0x0000000008006832        0x2 
 .rodata        0x0000000008006834       0x10 Drivers/STM32F1xx_HAL_Driver/Src/stm32f1xx_hal_rcc.o
 *(.rodata*)
 .rodata.Font7x10
                0x0000000008006844      0x76c Core/Src/OLED/fonts.o
 .rodata.AHBPrescTable
                0x0000000008006fb0       0x10 Core/Src/system_stm32f1xx.o
                0x0000000008006fb0                AHBPrescTable
 .rodata.APBPrescTable
                0x0000000008006fc0        0x8 Core/Src/system_stm32f1xx.o
                0x0000000008006fc0                APBPrescTable
 .rodata.__utoa.str1.1
                0x0000000008006fc8       0x25 /home/odemki/Programs/programs/STM32IDE/1/en.en-st-stm32cubeide_1-5-0_8698_20201117_1050_amd64_sh/makeself_dir_5QpOGP/y/plugins/com.st.stm32cube.ide.mcu.externaltools.gnu-tools-for-stm32.9-2020-q2-update.linux64_1.5.0.202011040924/tools/bin/../lib/gcc/arm-none-eabi/9.3.1/../../../../arm-none-eabi/lib/thumb/v7-m/nofp/libc_nano.a(lib_a-utoa.o)
                0x0000000008006ff0                . = ALIGN (0x4)
 *fill*         0x0000000008006fed        0x3 

.rel.dyn        0x0000000008006ff0        0x0
 .rel.iplt      0x0000000008006ff0        0x0 /home/odemki/Programs/programs/STM32IDE/1/en.en-st-stm32cubeide_1-5-0_8698_20201117_1050_amd64_sh/makeself_dir_5QpOGP/y/plugins/com.st.stm32cube.ide.mcu.externaltools.gnu-tools-for-stm32.9-2020-q2-update.linux64_1.5.0.202011040924/tools/bin/../lib/gcc/arm-none-eabi/9.3.1/thumb/v7-m/nofp/crtbegin.o

.ARM.extab      0x0000000008006ff0        0x0
                0x0000000008006ff0                . = ALIGN (0x4)
 *(.ARM.extab* .gnu.linkonce.armextab.*)
                0x0000000008006ff0                . = ALIGN (0x4)

.ARM            0x0000000008006ff0        0x0
                0x0000000008006ff0                . = ALIGN (0x4)
                0x0000000008006ff0                __exidx_start = .
 *(.ARM.exidx*)
                0x0000000008006ff0                __exidx_end = .
                0x0000000008006ff0                . = ALIGN (0x4)

.preinit_array  0x0000000008006ff0        0x0
                0x0000000008006ff0                . = ALIGN (0x4)
                0x0000000008006ff0                PROVIDE (__preinit_array_start = .)
 *(.preinit_array*)
                0x0000000008006ff0                PROVIDE (__preinit_array_end = .)
                0x0000000008006ff0                . = ALIGN (0x4)

.init_array     0x0000000008006ff0        0x4
                0x0000000008006ff0                . = ALIGN (0x4)
                0x0000000008006ff0                PROVIDE (__init_array_start = .)
 *(SORT_BY_NAME(.init_array.*))
 *(.init_array*)
 .init_array    0x0000000008006ff0        0x4 /home/odemki/Programs/programs/STM32IDE/1/en.en-st-stm32cubeide_1-5-0_8698_20201117_1050_amd64_sh/makeself_dir_5QpOGP/y/plugins/com.st.stm32cube.ide.mcu.externaltools.gnu-tools-for-stm32.9-2020-q2-update.linux64_1.5.0.202011040924/tools/bin/../lib/gcc/arm-none-eabi/9.3.1/thumb/v7-m/nofp/crtbegin.o
                0x0000000008006ff4                PROVIDE (__init_array_end = .)
                0x0000000008006ff4                . = ALIGN (0x4)

.fini_array     0x0000000008006ff4        0x4
                0x0000000008006ff4                . = ALIGN (0x4)
                [!provide]                        PROVIDE (__fini_array_start = .)
 *(SORT_BY_NAME(.fini_array.*))
 *(.fini_array*)
 .fini_array    0x0000000008006ff4        0x4 /home/odemki/Programs/programs/STM32IDE/1/en.en-st-stm32cubeide_1-5-0_8698_20201117_1050_amd64_sh/makeself_dir_5QpOGP/y/plugins/com.st.stm32cube.ide.mcu.externaltools.gnu-tools-for-stm32.9-2020-q2-update.linux64_1.5.0.202011040924/tools/bin/../lib/gcc/arm-none-eabi/9.3.1/thumb/v7-m/nofp/crtbegin.o
                [!provide]                        PROVIDE (__fini_array_end = .)
                0x0000000008006ff8                . = ALIGN (0x4)
                0x0000000008006ff8                _sidata = LOADADDR (.data)

.data           0x0000000020000000       0x30 load address 0x0000000008006ff8
                0x0000000020000000                . = ALIGN (0x4)
                0x0000000020000000                _sdata = .
 *(.data)
 *(.data*)
 .data.Font_7x10
                0x0000000020000000        0x8 Core/Src/OLED/fonts.o
                0x0000000020000000                Font_7x10
 .data.currentItem
                0x0000000020000008        0x4 Core/Src/lists/oled_simulation_menu.o
                0x0000000020000008                currentItem
 .data.str_pointer
                0x000000002000000c        0x4 Core/Src/lists/oled_simulation_menu.o
                0x000000002000000c                str_pointer
 .data.first_menu_row
                0x0000000020000010        0x2 Core/Src/lists/oled_simulation_menu.o
                0x0000000020000010                first_menu_row
 .data.second_menu_row
                0x0000000020000012        0x2 Core/Src/lists/oled_simulation_menu.o
                0x0000000020000012                second_menu_row
 .data.third_menu_row
                0x0000000020000014        0x2 Core/Src/lists/oled_simulation_menu.o
                0x0000000020000014                third_menu_row
 .data.fourth_menu_row
                0x0000000020000016        0x2 Core/Src/lists/oled_simulation_menu.o
                0x0000000020000016                fourth_menu_row
 .data.row_step
                0x0000000020000018        0x1 Core/Src/lists/oled_simulation_menu.o
                0x0000000020000018                row_step
 *fill*         0x0000000020000019        0x1 
 .data.start_print_id_menu_x
                0x000000002000001a        0x2 Core/Src/lists/oled_simulation_menu.o
                0x000000002000001a                start_print_id_menu_x
 .data.start_print_name_menu_x
                0x000000002000001c        0x2 Core/Src/lists/oled_simulation_menu.o
                0x000000002000001c                start_print_name_menu_x
 .data.doesent_detected
                0x000000002000001e        0x1 Core/Src/stm32f1xx_it.o
                0x000000002000001e                doesent_detected
 .data.dalay_duration
                0x000000002000001f        0x1 Core/Src/stm32f1xx_it.o
                0x000000002000001f                dalay_duration
 .data.button_processed_status
                0x0000000020000020        0x4 Core/Src/stm32f1xx_it.o
                0x0000000020000020                button_processed_status
 .data.SystemCoreClock
                0x0000000020000024        0x4 Core/Src/system_stm32f1xx.o
                0x0000000020000024                SystemCoreClock
 .data.uwTickPrio
                0x0000000020000028        0x4 Drivers/STM32F1xx_HAL_Driver/Src/stm32f1xx_hal.o
                0x0000000020000028                uwTickPrio
 .data.uwTickFreq
                0x000000002000002c        0x1 Drivers/STM32F1xx_HAL_Driver/Src/stm32f1xx_hal.o
                0x000000002000002c                uwTickFreq
 *(.RamFunc)
 *(.RamFunc*)
                0x0000000020000030                . = ALIGN (0x4)
 *fill*         0x000000002000002d        0x3 
                0x0000000020000030                _edata = .

.igot.plt       0x0000000020000030        0x0 load address 0x0000000008007028
 .igot.plt      0x0000000020000030        0x0 /home/odemki/Programs/programs/STM32IDE/1/en.en-st-stm32cubeide_1-5-0_8698_20201117_1050_amd64_sh/makeself_dir_5QpOGP/y/plugins/com.st.stm32cube.ide.mcu.externaltools.gnu-tools-for-stm32.9-2020-q2-update.linux64_1.5.0.202011040924/tools/bin/../lib/gcc/arm-none-eabi/9.3.1/thumb/v7-m/nofp/crtbegin.o
                0x0000000020000030                . = ALIGN (0x4)

.bss            0x0000000020000030      0x9b8 load address 0x0000000008007028
                0x0000000020000030                _sbss = .
                0x0000000020000030                __bss_start__ = _sbss
 *(.bss)
 .bss           0x0000000020000030       0x1c /home/odemki/Programs/programs/STM32IDE/1/en.en-st-stm32cubeide_1-5-0_8698_20201117_1050_amd64_sh/makeself_dir_5QpOGP/y/plugins/com.st.stm32cube.ide.mcu.externaltools.gnu-tools-for-stm32.9-2020-q2-update.linux64_1.5.0.202011040924/tools/bin/../lib/gcc/arm-none-eabi/9.3.1/thumb/v7-m/nofp/crtbegin.o
 *(.bss*)
 .bss.RX_BUF    0x000000002000004c        0xa Core/Src/NRF24L01/nrf24l01.o
                0x000000002000004c                RX_BUF
 .bss.rx_flag   0x0000000020000056        0x1 Core/Src/NRF24L01/nrf24l01.o
                0x0000000020000056                rx_flag
 .bss.pipe      0x0000000020000057        0x1 Core/Src/NRF24L01/nrf24l01.o
                0x0000000020000057                pipe
 .bss.SSD1306_Buffer
                0x0000000020000058      0x400 Core/Src/OLED/ssd1306.o
 .bss.SSD1306   0x0000000020000458        0x6 Core/Src/OLED/ssd1306.o
 .bss.block_interrupt_form_up_and_down_buttons
                0x000000002000045e        0x1 Core/Src/lists/oled_simulation_menu.o
                0x000000002000045e                block_interrupt_form_up_and_down_buttons
 .bss.button_status
                0x000000002000045f        0x1 Core/Src/lists/oled_simulation_menu.o
                0x000000002000045f                button_status
 .bss.uart_rx_data
                0x0000000020000460       0x32 Core/Src/main.o
                0x0000000020000460                uart_rx_data
 *fill*         0x0000000020000492        0x2 
 .bss.str       0x0000000020000494        0x1 Core/Src/main.o
                0x0000000020000494                str
 .bss.flag_command_received
                0x0000000020000495        0x1 Core/Src/main.o
                0x0000000020000495                flag_command_received
 .bss.rx_data_counter
                0x0000000020000496        0x1 Core/Src/main.o
                0x0000000020000496                rx_data_counter
 *fill*         0x0000000020000497        0x1 
 .bss.delay_time
                0x0000000020000498        0x4 Core/Src/stm32f1xx_it.o
                0x0000000020000498                delay_time
 *(COMMON)
 COMMON         0x000000002000049c      0x3cc Core/Src/lists/oled_simulation_menu.o
                0x000000002000049c                items_menu_2
                0x0000000020000508                items_menu_4
                0x0000000020000670                items_menu_1
                0x0000000020000724                items_menu_3
                0x000000002000076c                items
 COMMON         0x0000000020000868      0x17c Core/Src/main.o
                0x0000000020000868                huart3
                0x00000000200008ac                hi2c1
                0x0000000020000900                huart1
                0x0000000020000944                htim1
                0x000000002000098c                hspi1
 COMMON         0x00000000200009e4        0x4 Drivers/STM32F1xx_HAL_Driver/Src/stm32f1xx_hal.o
                0x00000000200009e4                uwTick
                0x00000000200009e8                . = ALIGN (0x4)
                0x00000000200009e8                _ebss = .
                0x00000000200009e8                __bss_end__ = _ebss

._user_heap_stack
                0x00000000200009e8      0x600 load address 0x0000000008007028
                0x00000000200009e8                . = ALIGN (0x8)
                [!provide]                        PROVIDE (end = .)
                0x00000000200009e8                PROVIDE (_end = .)
                0x0000000020000be8                . = (. + _Min_Heap_Size)
 *fill*         0x00000000200009e8      0x200 
                0x0000000020000fe8                . = (. + _Min_Stack_Size)
 *fill*         0x0000000020000be8      0x400 
                0x0000000020000fe8                . = ALIGN (0x8)

/DISCARD/
 libc.a(*)
 libm.a(*)
 libgcc.a(*)

.ARM.attributes
                0x0000000000000000       0x29
 *(.ARM.attributes)
 .ARM.attributes
                0x0000000000000000       0x1d /home/odemki/Programs/programs/STM32IDE/1/en.en-st-stm32cubeide_1-5-0_8698_20201117_1050_amd64_sh/makeself_dir_5QpOGP/y/plugins/com.st.stm32cube.ide.mcu.externaltools.gnu-tools-for-stm32.9-2020-q2-update.linux64_1.5.0.202011040924/tools/bin/../lib/gcc/arm-none-eabi/9.3.1/thumb/v7-m/nofp/crti.o
 .ARM.attributes
                0x000000000000001d       0x2d /home/odemki/Programs/programs/STM32IDE/1/en.en-st-stm32cubeide_1-5-0_8698_20201117_1050_amd64_sh/makeself_dir_5QpOGP/y/plugins/com.st.stm32cube.ide.mcu.externaltools.gnu-tools-for-stm32.9-2020-q2-update.linux64_1.5.0.202011040924/tools/bin/../lib/gcc/arm-none-eabi/9.3.1/thumb/v7-m/nofp/crtbegin.o
 .ARM.attributes
                0x000000000000004a       0x2d Core/Src/NRF24L01/nrf24l01.o
 .ARM.attributes
                0x0000000000000077       0x33 Core/Src/OLED/fonts.o
 .ARM.attributes
                0x00000000000000aa       0x2d Core/Src/OLED/oled_main.o
 .ARM.attributes
                0x00000000000000d7       0x2d Core/Src/OLED/ssd1306.o
 .ARM.attributes
                0x0000000000000104       0x2d Core/Src/lists/oled_simulation_menu.o
 .ARM.attributes
                0x0000000000000131       0x2d Core/Src/main.o
 .ARM.attributes
                0x000000000000015e       0x2d Core/Src/stm32f1xx_hal_msp.o
 .ARM.attributes
                0x000000000000018b       0x2d Core/Src/stm32f1xx_it.o
 .ARM.attributes
                0x00000000000001b8       0x2d Core/Src/system_stm32f1xx.o
 .ARM.attributes
                0x00000000000001e5       0x21 Core/Startup/startup_stm32f103c8tx.o
 .ARM.attributes
                0x0000000000000206       0x2d Drivers/STM32F1xx_HAL_Driver/Src/stm32f1xx_hal.o
 .ARM.attributes
                0x0000000000000233       0x2d Drivers/STM32F1xx_HAL_Driver/Src/stm32f1xx_hal_cortex.o
 .ARM.attributes
                0x0000000000000260       0x2d Drivers/STM32F1xx_HAL_Driver/Src/stm32f1xx_hal_dma.o
 .ARM.attributes
                0x000000000000028d       0x2d Drivers/STM32F1xx_HAL_Driver/Src/stm32f1xx_hal_gpio.o
 .ARM.attributes
                0x00000000000002ba       0x2d Drivers/STM32F1xx_HAL_Driver/Src/stm32f1xx_hal_i2c.o
 .ARM.attributes
                0x00000000000002e7       0x2d Drivers/STM32F1xx_HAL_Driver/Src/stm32f1xx_hal_rcc.o
 .ARM.attributes
                0x0000000000000314       0x2d Drivers/STM32F1xx_HAL_Driver/Src/stm32f1xx_hal_spi.o
 .ARM.attributes
                0x0000000000000341       0x2d Drivers/STM32F1xx_HAL_Driver/Src/stm32f1xx_hal_tim.o
 .ARM.attributes
                0x000000000000036e       0x2d Drivers/STM32F1xx_HAL_Driver/Src/stm32f1xx_hal_tim_ex.o
 .ARM.attributes
                0x000000000000039b       0x2d Drivers/STM32F1xx_HAL_Driver/Src/stm32f1xx_hal_uart.o
 .ARM.attributes
                0x00000000000003c8       0x2d /home/odemki/Programs/programs/STM32IDE/1/en.en-st-stm32cubeide_1-5-0_8698_20201117_1050_amd64_sh/makeself_dir_5QpOGP/y/plugins/com.st.stm32cube.ide.mcu.externaltools.gnu-tools-for-stm32.9-2020-q2-update.linux64_1.5.0.202011040924/tools/bin/../lib/gcc/arm-none-eabi/9.3.1/../../../../arm-none-eabi/lib/thumb/v7-m/nofp/libc_nano.a(lib_a-init.o)
 .ARM.attributes
                0x00000000000003f5       0x2d /home/odemki/Programs/programs/STM32IDE/1/en.en-st-stm32cubeide_1-5-0_8698_20201117_1050_amd64_sh/makeself_dir_5QpOGP/y/plugins/com.st.stm32cube.ide.mcu.externaltools.gnu-tools-for-stm32.9-2020-q2-update.linux64_1.5.0.202011040924/tools/bin/../lib/gcc/arm-none-eabi/9.3.1/../../../../arm-none-eabi/lib/thumb/v7-m/nofp/libc_nano.a(lib_a-itoa.o)
 .ARM.attributes
                0x0000000000000422       0x2d /home/odemki/Programs/programs/STM32IDE/1/en.en-st-stm32cubeide_1-5-0_8698_20201117_1050_amd64_sh/makeself_dir_5QpOGP/y/plugins/com.st.stm32cube.ide.mcu.externaltools.gnu-tools-for-stm32.9-2020-q2-update.linux64_1.5.0.202011040924/tools/bin/../lib/gcc/arm-none-eabi/9.3.1/../../../../arm-none-eabi/lib/thumb/v7-m/nofp/libc_nano.a(lib_a-memset.o)
 .ARM.attributes
                0x000000000000044f       0x2d /home/odemki/Programs/programs/STM32IDE/1/en.en-st-stm32cubeide_1-5-0_8698_20201117_1050_amd64_sh/makeself_dir_5QpOGP/y/plugins/com.st.stm32cube.ide.mcu.externaltools.gnu-tools-for-stm32.9-2020-q2-update.linux64_1.5.0.202011040924/tools/bin/../lib/gcc/arm-none-eabi/9.3.1/../../../../arm-none-eabi/lib/thumb/v7-m/nofp/libc_nano.a(lib_a-strncpy.o)
 .ARM.attributes
                0x000000000000047c       0x2d /home/odemki/Programs/programs/STM32IDE/1/en.en-st-stm32cubeide_1-5-0_8698_20201117_1050_amd64_sh/makeself_dir_5QpOGP/y/plugins/com.st.stm32cube.ide.mcu.externaltools.gnu-tools-for-stm32.9-2020-q2-update.linux64_1.5.0.202011040924/tools/bin/../lib/gcc/arm-none-eabi/9.3.1/../../../../arm-none-eabi/lib/thumb/v7-m/nofp/libc_nano.a(lib_a-utoa.o)
 .ARM.attributes
                0x00000000000004a9       0x1d /home/odemki/Programs/programs/STM32IDE/1/en.en-st-stm32cubeide_1-5-0_8698_20201117_1050_amd64_sh/makeself_dir_5QpOGP/y/plugins/com.st.stm32cube.ide.mcu.externaltools.gnu-tools-for-stm32.9-2020-q2-update.linux64_1.5.0.202011040924/tools/bin/../lib/gcc/arm-none-eabi/9.3.1/thumb/v7-m/nofp/crtn.o
OUTPUT(NRF_and_LoRa_RX.elf elf32-littlearm)
LOAD linker stubs
LOAD /home/odemki/Programs/programs/STM32IDE/1/en.en-st-stm32cubeide_1-5-0_8698_20201117_1050_amd64_sh/makeself_dir_5QpOGP/y/plugins/com.st.stm32cube.ide.mcu.externaltools.gnu-tools-for-stm32.9-2020-q2-update.linux64_1.5.0.202011040924/tools/bin/../lib/gcc/arm-none-eabi/9.3.1/../../../../arm-none-eabi/lib/thumb/v7-m/nofp/libc.a
LOAD /home/odemki/Programs/programs/STM32IDE/1/en.en-st-stm32cubeide_1-5-0_8698_20201117_1050_amd64_sh/makeself_dir_5QpOGP/y/plugins/com.st.stm32cube.ide.mcu.externaltools.gnu-tools-for-stm32.9-2020-q2-update.linux64_1.5.0.202011040924/tools/bin/../lib/gcc/arm-none-eabi/9.3.1/../../../../arm-none-eabi/lib/thumb/v7-m/nofp/libm.a
LOAD /home/odemki/Programs/programs/STM32IDE/1/en.en-st-stm32cubeide_1-5-0_8698_20201117_1050_amd64_sh/makeself_dir_5QpOGP/y/plugins/com.st.stm32cube.ide.mcu.externaltools.gnu-tools-for-stm32.9-2020-q2-update.linux64_1.5.0.202011040924/tools/bin/../lib/gcc/arm-none-eabi/9.3.1/thumb/v7-m/nofp/libgcc.a

.debug_info     0x0000000000000000    0x15e47
 .debug_info    0x0000000000000000     0x16b4 Core/Src/NRF24L01/nrf24l01.o
 .debug_info    0x00000000000016b4      0xb43 Core/Src/OLED/fonts.o
 .debug_info    0x00000000000021f7      0x730 Core/Src/OLED/oled_main.o
 .debug_info    0x0000000000002927     0x1468 Core/Src/OLED/ssd1306.o
 .debug_info    0x0000000000003d8f     0x2064 Core/Src/lists/oled_simulation_menu.o
 .debug_info    0x0000000000005df3     0x1eee Core/Src/main.o
 .debug_info    0x0000000000007ce1     0x1459 Core/Src/stm32f1xx_hal_msp.o
 .debug_info    0x000000000000913a      0xbb9 Core/Src/stm32f1xx_it.o
 .debug_info    0x0000000000009cf3      0x2be Core/Src/system_stm32f1xx.o
 .debug_info    0x0000000000009fb1       0x22 Core/Startup/startup_stm32f103c8tx.o
 .debug_info    0x0000000000009fd3      0x76a Drivers/STM32F1xx_HAL_Driver/Src/stm32f1xx_hal.o
 .debug_info    0x000000000000a73d      0xbdc Drivers/STM32F1xx_HAL_Driver/Src/stm32f1xx_hal_cortex.o
 .debug_info    0x000000000000b319      0x81e Drivers/STM32F1xx_HAL_Driver/Src/stm32f1xx_hal_dma.o
 .debug_info    0x000000000000bb37      0x701 Drivers/STM32F1xx_HAL_Driver/Src/stm32f1xx_hal_gpio.o
 .debug_info    0x000000000000c238     0x278e Drivers/STM32F1xx_HAL_Driver/Src/stm32f1xx_hal_i2c.o
 .debug_info    0x000000000000e9c6      0x88e Drivers/STM32F1xx_HAL_Driver/Src/stm32f1xx_hal_rcc.o
 .debug_info    0x000000000000f254     0x16bf Drivers/STM32F1xx_HAL_Driver/Src/stm32f1xx_hal_spi.o
 .debug_info    0x0000000000010913     0x2a45 Drivers/STM32F1xx_HAL_Driver/Src/stm32f1xx_hal_tim.o
 .debug_info    0x0000000000013358     0x14d5 Drivers/STM32F1xx_HAL_Driver/Src/stm32f1xx_hal_tim_ex.o
 .debug_info    0x000000000001482d     0x161a Drivers/STM32F1xx_HAL_Driver/Src/stm32f1xx_hal_uart.o

.debug_abbrev   0x0000000000000000     0x2b8b
 .debug_abbrev  0x0000000000000000      0x2dc Core/Src/NRF24L01/nrf24l01.o
 .debug_abbrev  0x00000000000002dc      0x1c2 Core/Src/OLED/fonts.o
 .debug_abbrev  0x000000000000049e      0x149 Core/Src/OLED/oled_main.o
 .debug_abbrev  0x00000000000005e7      0x2f0 Core/Src/OLED/ssd1306.o
 .debug_abbrev  0x00000000000008d7      0x308 Core/Src/lists/oled_simulation_menu.o
 .debug_abbrev  0x0000000000000bdf      0x2db Core/Src/main.o
 .debug_abbrev  0x0000000000000eba      0x206 Core/Src/stm32f1xx_hal_msp.o
 .debug_abbrev  0x00000000000010c0      0x1a3 Core/Src/stm32f1xx_it.o
 .debug_abbrev  0x0000000000001263      0x14e Core/Src/system_stm32f1xx.o
 .debug_abbrev  0x00000000000013b1       0x12 Core/Startup/startup_stm32f103c8tx.o
 .debug_abbrev  0x00000000000013c3      0x1ed Drivers/STM32F1xx_HAL_Driver/Src/stm32f1xx_hal.o
 .debug_abbrev  0x00000000000015b0      0x313 Drivers/STM32F1xx_HAL_Driver/Src/stm32f1xx_hal_cortex.o
 .debug_abbrev  0x00000000000018c3      0x228 Drivers/STM32F1xx_HAL_Driver/Src/stm32f1xx_hal_dma.o
 .debug_abbrev  0x0000000000001aeb      0x1e8 Drivers/STM32F1xx_HAL_Driver/Src/stm32f1xx_hal_gpio.o
 .debug_abbrev  0x0000000000001cd3      0x288 Drivers/STM32F1xx_HAL_Driver/Src/stm32f1xx_hal_i2c.o
 .debug_abbrev  0x0000000000001f5b      0x273 Drivers/STM32F1xx_HAL_Driver/Src/stm32f1xx_hal_rcc.o
 .debug_abbrev  0x00000000000021ce      0x26e Drivers/STM32F1xx_HAL_Driver/Src/stm32f1xx_hal_spi.o
 .debug_abbrev  0x000000000000243c      0x25e Drivers/STM32F1xx_HAL_Driver/Src/stm32f1xx_hal_tim.o
 .debug_abbrev  0x000000000000269a      0x266 Drivers/STM32F1xx_HAL_Driver/Src/stm32f1xx_hal_tim_ex.o
 .debug_abbrev  0x0000000000002900      0x28b Drivers/STM32F1xx_HAL_Driver/Src/stm32f1xx_hal_uart.o

.debug_aranges  0x0000000000000000     0x12e8
 .debug_aranges
                0x0000000000000000       0x98 Core/Src/NRF24L01/nrf24l01.o
 .debug_aranges
                0x0000000000000098       0x18 Core/Src/OLED/fonts.o
 .debug_aranges
                0x00000000000000b0       0x28 Core/Src/OLED/oled_main.o
 .debug_aranges
                0x00000000000000d8       0x78 Core/Src/OLED/ssd1306.o
 .debug_aranges
                0x0000000000000150      0x100 Core/Src/lists/oled_simulation_menu.o
 .debug_aranges
                0x0000000000000250       0x70 Core/Src/main.o
 .debug_aranges
                0x00000000000002c0       0x60 Core/Src/stm32f1xx_hal_msp.o
 .debug_aranges
                0x0000000000000320       0x88 Core/Src/stm32f1xx_it.o
 .debug_aranges
                0x00000000000003a8       0x28 Core/Src/system_stm32f1xx.o
 .debug_aranges
                0x00000000000003d0       0x28 Core/Startup/startup_stm32f103c8tx.o
 .debug_aranges
                0x00000000000003f8       0xe0 Drivers/STM32F1xx_HAL_Driver/Src/stm32f1xx_hal.o
 .debug_aranges
                0x00000000000004d8      0x100 Drivers/STM32F1xx_HAL_Driver/Src/stm32f1xx_hal_cortex.o
 .debug_aranges
                0x00000000000005d8       0x80 Drivers/STM32F1xx_HAL_Driver/Src/stm32f1xx_hal_dma.o
 .debug_aranges
                0x0000000000000658       0x58 Drivers/STM32F1xx_HAL_Driver/Src/stm32f1xx_hal_gpio.o
 .debug_aranges
                0x00000000000006b0      0x2a0 Drivers/STM32F1xx_HAL_Driver/Src/stm32f1xx_hal_i2c.o
 .debug_aranges
                0x0000000000000950       0x90 Drivers/STM32F1xx_HAL_Driver/Src/stm32f1xx_hal_rcc.o
 .debug_aranges
                0x00000000000009e0      0x1d0 Drivers/STM32F1xx_HAL_Driver/Src/stm32f1xx_hal_spi.o
 .debug_aranges
                0x0000000000000bb0      0x3d0 Drivers/STM32F1xx_HAL_Driver/Src/stm32f1xx_hal_tim.o
 .debug_aranges
                0x0000000000000f80      0x168 Drivers/STM32F1xx_HAL_Driver/Src/stm32f1xx_hal_tim_ex.o
 .debug_aranges
                0x00000000000010e8      0x200 Drivers/STM32F1xx_HAL_Driver/Src/stm32f1xx_hal_uart.o

.debug_ranges   0x0000000000000000     0x1230
 .debug_ranges  0x0000000000000000       0x88 Core/Src/NRF24L01/nrf24l01.o
 .debug_ranges  0x0000000000000088       0x18 Core/Src/OLED/oled_main.o
 .debug_ranges  0x00000000000000a0       0x68 Core/Src/OLED/ssd1306.o
 .debug_ranges  0x0000000000000108      0x120 Core/Src/lists/oled_simulation_menu.o
 .debug_ranges  0x0000000000000228       0x60 Core/Src/main.o
 .debug_ranges  0x0000000000000288       0x50 Core/Src/stm32f1xx_hal_msp.o
 .debug_ranges  0x00000000000002d8       0x78 Core/Src/stm32f1xx_it.o
 .debug_ranges  0x0000000000000350       0x18 Core/Src/system_stm32f1xx.o
 .debug_ranges  0x0000000000000368       0x20 Core/Startup/startup_stm32f103c8tx.o
 .debug_ranges  0x0000000000000388       0xd0 Drivers/STM32F1xx_HAL_Driver/Src/stm32f1xx_hal.o
 .debug_ranges  0x0000000000000458       0xf0 Drivers/STM32F1xx_HAL_Driver/Src/stm32f1xx_hal_cortex.o
 .debug_ranges  0x0000000000000548       0x70 Drivers/STM32F1xx_HAL_Driver/Src/stm32f1xx_hal_dma.o
 .debug_ranges  0x00000000000005b8       0x48 Drivers/STM32F1xx_HAL_Driver/Src/stm32f1xx_hal_gpio.o
 .debug_ranges  0x0000000000000600      0x2b8 Drivers/STM32F1xx_HAL_Driver/Src/stm32f1xx_hal_i2c.o
 .debug_ranges  0x00000000000008b8       0x80 Drivers/STM32F1xx_HAL_Driver/Src/stm32f1xx_hal_rcc.o
 .debug_ranges  0x0000000000000938      0x1c0 Drivers/STM32F1xx_HAL_Driver/Src/stm32f1xx_hal_spi.o
 .debug_ranges  0x0000000000000af8      0x3c0 Drivers/STM32F1xx_HAL_Driver/Src/stm32f1xx_hal_tim.o
 .debug_ranges  0x0000000000000eb8      0x158 Drivers/STM32F1xx_HAL_Driver/Src/stm32f1xx_hal_tim_ex.o
 .debug_ranges  0x0000000000001010      0x220 Drivers/STM32F1xx_HAL_Driver/Src/stm32f1xx_hal_uart.o

.debug_macro    0x0000000000000000     0x3037
 .debug_macro   0x0000000000000000      0x2db Core/Src/NRF24L01/nrf24l01.o
 .debug_macro   0x00000000000002db       0xf4 Core/Src/NRF24L01/nrf24l01.o
 .debug_macro   0x00000000000003cf       0x1c Core/Src/NRF24L01/nrf24l01.o
 .debug_macro   0x00000000000003eb      0x338 Core/Src/OLED/fonts.o
 .debug_macro   0x0000000000000723       0x16 Core/Src/OLED/fonts.o
 .debug_macro   0x0000000000000739       0x10 Core/Src/OLED/fonts.o
 .debug_macro   0x0000000000000749       0x10 Core/Src/OLED/fonts.o
 .debug_macro   0x0000000000000759       0x1c Core/Src/OLED/fonts.o
 .debug_macro   0x0000000000000775       0x52 Core/Src/OLED/fonts.o
 .debug_macro   0x00000000000007c7       0x22 Core/Src/OLED/fonts.o
 .debug_macro   0x00000000000007e9       0x10 Core/Src/OLED/fonts.o
 .debug_macro   0x00000000000007f9       0x40 Core/Src/OLED/fonts.o
 .debug_macro   0x0000000000000839       0xd5 Core/Src/OLED/fonts.o
 .debug_macro   0x000000000000090e       0x1c Core/Src/OLED/fonts.o
 .debug_macro   0x000000000000092a       0x3d Core/Src/OLED/fonts.o
 .debug_macro   0x0000000000000967       0x16 Core/Src/OLED/fonts.o
 .debug_macro   0x000000000000097d      0x145 Core/Src/OLED/fonts.o
 .debug_macro   0x0000000000000ac2      0x1ec Core/Src/OLED/oled_main.o
 .debug_macro   0x0000000000000cae      0x2f7 Core/Src/OLED/ssd1306.o
 .debug_macro   0x0000000000000fa5      0x1a9 Core/Src/OLED/ssd1306.o
 .debug_macro   0x000000000000114e       0x16 Core/Src/OLED/ssd1306.o
 .debug_macro   0x0000000000001164       0x16 Core/Src/OLED/ssd1306.o
 .debug_macro   0x000000000000117a       0x29 Core/Src/OLED/ssd1306.o
 .debug_macro   0x00000000000011a3       0x16 Core/Src/OLED/ssd1306.o
 .debug_macro   0x00000000000011b9      0x3b0 Core/Src/lists/oled_simulation_menu.o
 .debug_macro   0x0000000000001569       0x22 Core/Src/lists/oled_simulation_menu.o
 .debug_macro   0x000000000000158b      0x31c Core/Src/main.o
 .debug_macro   0x00000000000018a7      0x1cf Core/Src/stm32f1xx_hal_msp.o
 .debug_macro   0x0000000000001a76      0x1f2 Core/Src/stm32f1xx_it.o
 .debug_macro   0x0000000000001c68      0x1b7 Core/Src/system_stm32f1xx.o
 .debug_macro   0x0000000000001e1f      0x1db Drivers/STM32F1xx_HAL_Driver/Src/stm32f1xx_hal.o
 .debug_macro   0x0000000000001ffa      0x1b7 Drivers/STM32F1xx_HAL_Driver/Src/stm32f1xx_hal_cortex.o
 .debug_macro   0x00000000000021b1      0x1b7 Drivers/STM32F1xx_HAL_Driver/Src/stm32f1xx_hal_dma.o
 .debug_macro   0x0000000000002368      0x222 Drivers/STM32F1xx_HAL_Driver/Src/stm32f1xx_hal_gpio.o
 .debug_macro   0x000000000000258a      0x1fe Drivers/STM32F1xx_HAL_Driver/Src/stm32f1xx_hal_i2c.o
 .debug_macro   0x0000000000002788      0x1c9 Drivers/STM32F1xx_HAL_Driver/Src/stm32f1xx_hal_rcc.o
 .debug_macro   0x0000000000002951      0x1bf Drivers/STM32F1xx_HAL_Driver/Src/stm32f1xx_hal_spi.o
 .debug_macro   0x0000000000002b10      0x1b8 Drivers/STM32F1xx_HAL_Driver/Src/stm32f1xx_hal_tim.o
 .debug_macro   0x0000000000002cc8      0x1b7 Drivers/STM32F1xx_HAL_Driver/Src/stm32f1xx_hal_tim_ex.o
 .debug_macro   0x0000000000002e7f      0x1b8 Drivers/STM32F1xx_HAL_Driver/Src/stm32f1xx_hal_uart.o

.debug_line     0x0000000000000000    0x16f7d
 .debug_line    0x0000000000000000      0xc78 Core/Src/NRF24L01/nrf24l01.o
 .debug_line    0x0000000000000c78      0xa39 Core/Src/OLED/fonts.o
 .debug_line    0x00000000000016b1      0x858 Core/Src/OLED/oled_main.o
 .debug_line    0x0000000000001f09      0xd82 Core/Src/OLED/ssd1306.o
 .debug_line    0x0000000000002c8b     0x1647 Core/Src/lists/oled_simulation_menu.o
 .debug_line    0x00000000000042d2      0xd89 Core/Src/main.o
 .debug_line    0x000000000000505b      0x96f Core/Src/stm32f1xx_hal_msp.o
 .debug_line    0x00000000000059ca      0xa37 Core/Src/stm32f1xx_it.o
 .debug_line    0x0000000000006401      0x879 Core/Src/system_stm32f1xx.o
 .debug_line    0x0000000000006c7a       0x87 Core/Startup/startup_stm32f103c8tx.o
 .debug_line    0x0000000000006d01      0xaa6 Drivers/STM32F1xx_HAL_Driver/Src/stm32f1xx_hal.o
 .debug_line    0x00000000000077a7      0xc8e Drivers/STM32F1xx_HAL_Driver/Src/stm32f1xx_hal_cortex.o
 .debug_line    0x0000000000008435      0xefe Drivers/STM32F1xx_HAL_Driver/Src/stm32f1xx_hal_dma.o
 .debug_line    0x0000000000009333      0xb3d Drivers/STM32F1xx_HAL_Driver/Src/stm32f1xx_hal_gpio.o
 .debug_line    0x0000000000009e70     0x3b90 Drivers/STM32F1xx_HAL_Driver/Src/stm32f1xx_hal_i2c.o
 .debug_line    0x000000000000da00      0xeb4 Drivers/STM32F1xx_HAL_Driver/Src/stm32f1xx_hal_rcc.o
 .debug_line    0x000000000000e8b4     0x1d2b Drivers/STM32F1xx_HAL_Driver/Src/stm32f1xx_hal_spi.o
 .debug_line    0x00000000000105df     0x344f Drivers/STM32F1xx_HAL_Driver/Src/stm32f1xx_hal_tim.o
 .debug_line    0x0000000000013a2e     0x19ce Drivers/STM32F1xx_HAL_Driver/Src/stm32f1xx_hal_tim_ex.o
 .debug_line    0x00000000000153fc     0x1b81 Drivers/STM32F1xx_HAL_Driver/Src/stm32f1xx_hal_uart.o

.debug_str      0x0000000000000000    0x8feb1
 .debug_str     0x0000000000000000    0x89b88 Core/Src/NRF24L01/nrf24l01.o
                                      0x8a01f (size before relaxing)
 .debug_str     0x0000000000089b88      0xf69 Core/Src/OLED/fonts.o
                                      0x8a31c (size before relaxing)
 .debug_str     0x000000000008aaf1       0x27 Core/Src/OLED/oled_main.o
                                      0x8673e (size before relaxing)
 .debug_str     0x000000000008ab18      0xa8b Core/Src/OLED/ssd1306.o
                                      0x8a3d0 (size before relaxing)
 .debug_str     0x000000000008b5a3      0x6e5 Core/Src/lists/oled_simulation_menu.o
                                      0x8b211 (size before relaxing)
 .debug_str     0x000000000008bc88      0x8d3 Core/Src/main.o
                                      0x8aa48 (size before relaxing)
 .debug_str     0x000000000008c55b      0x102 Core/Src/stm32f1xx_hal_msp.o
                                      0x870b2 (size before relaxing)
 .debug_str     0x000000000008c65d      0x174 Core/Src/stm32f1xx_it.o
                                      0x86ade (size before relaxing)
 .debug_str     0x000000000008c7d1       0x52 Core/Src/system_stm32f1xx.o
                                      0x8618f (size before relaxing)
 .debug_str     0x000000000008c823       0x36 Core/Startup/startup_stm32f103c8tx.o
                                         0x82 (size before relaxing)
 .debug_str     0x000000000008c859      0x2fa Drivers/STM32F1xx_HAL_Driver/Src/stm32f1xx_hal.o
                                      0x86820 (size before relaxing)
 .debug_str     0x000000000008cb53      0x300 Drivers/STM32F1xx_HAL_Driver/Src/stm32f1xx_hal_cortex.o
                                      0x86828 (size before relaxing)
 .debug_str     0x000000000008ce53      0x235 Drivers/STM32F1xx_HAL_Driver/Src/stm32f1xx_hal_dma.o
                                      0x8656a (size before relaxing)
 .debug_str     0x000000000008d088      0x2e2 Drivers/STM32F1xx_HAL_Driver/Src/stm32f1xx_hal_gpio.o
                                      0x86553 (size before relaxing)
 .debug_str     0x000000000008d36a      0xb41 Drivers/STM32F1xx_HAL_Driver/Src/stm32f1xx_hal_i2c.o
                                      0x871cb (size before relaxing)
 .debug_str     0x000000000008deab      0x244 Drivers/STM32F1xx_HAL_Driver/Src/stm32f1xx_hal_rcc.o
                                      0x8658c (size before relaxing)
 .debug_str     0x000000000008e0ef      0x52e Drivers/STM32F1xx_HAL_Driver/Src/stm32f1xx_hal_spi.o
                                      0x86a9b (size before relaxing)
 .debug_str     0x000000000008e61d      0xde0 Drivers/STM32F1xx_HAL_Driver/Src/stm32f1xx_hal_tim.o
                                      0x8755e (size before relaxing)
 .debug_str     0x000000000008f3fd      0x4ee Drivers/STM32F1xx_HAL_Driver/Src/stm32f1xx_hal_tim_ex.o
                                      0x86d0f (size before relaxing)
 .debug_str     0x000000000008f8eb      0x5c6 Drivers/STM32F1xx_HAL_Driver/Src/stm32f1xx_hal_uart.o
                                      0x86b7e (size before relaxing)

.comment        0x0000000000000000       0x53
 .comment       0x0000000000000000       0x53 Core/Src/NRF24L01/nrf24l01.o
                                         0x54 (size before relaxing)
 .comment       0x0000000000000053       0x54 Core/Src/OLED/fonts.o
 .comment       0x0000000000000053       0x54 Core/Src/OLED/oled_main.o
 .comment       0x0000000000000053       0x54 Core/Src/OLED/ssd1306.o
 .comment       0x0000000000000053       0x54 Core/Src/lists/oled_simulation_menu.o
 .comment       0x0000000000000053       0x54 Core/Src/main.o
 .comment       0x0000000000000053       0x54 Core/Src/stm32f1xx_hal_msp.o
 .comment       0x0000000000000053       0x54 Core/Src/stm32f1xx_it.o
 .comment       0x0000000000000053       0x54 Core/Src/system_stm32f1xx.o
 .comment       0x0000000000000053       0x54 Drivers/STM32F1xx_HAL_Driver/Src/stm32f1xx_hal.o
 .comment       0x0000000000000053       0x54 Drivers/STM32F1xx_HAL_Driver/Src/stm32f1xx_hal_cortex.o
 .comment       0x0000000000000053       0x54 Drivers/STM32F1xx_HAL_Driver/Src/stm32f1xx_hal_dma.o
 .comment       0x0000000000000053       0x54 Drivers/STM32F1xx_HAL_Driver/Src/stm32f1xx_hal_gpio.o
 .comment       0x0000000000000053       0x54 Drivers/STM32F1xx_HAL_Driver/Src/stm32f1xx_hal_i2c.o
 .comment       0x0000000000000053       0x54 Drivers/STM32F1xx_HAL_Driver/Src/stm32f1xx_hal_rcc.o
 .comment       0x0000000000000053       0x54 Drivers/STM32F1xx_HAL_Driver/Src/stm32f1xx_hal_spi.o
 .comment       0x0000000000000053       0x54 Drivers/STM32F1xx_HAL_Driver/Src/stm32f1xx_hal_tim.o
 .comment       0x0000000000000053       0x54 Drivers/STM32F1xx_HAL_Driver/Src/stm32f1xx_hal_tim_ex.o
 .comment       0x0000000000000053       0x54 Drivers/STM32F1xx_HAL_Driver/Src/stm32f1xx_hal_uart.o

.debug_frame    0x0000000000000000     0x5078
 .debug_frame   0x0000000000000000      0x23c Core/Src/NRF24L01/nrf24l01.o
 .debug_frame   0x000000000000023c       0x48 Core/Src/OLED/oled_main.o
 .debug_frame   0x0000000000000284      0x1d8 Core/Src/OLED/ssd1306.o
 .debug_frame   0x000000000000045c      0x430 Core/Src/lists/oled_simulation_menu.o
 .debug_frame   0x000000000000088c      0x168 Core/Src/main.o
 .debug_frame   0x00000000000009f4      0x158 Core/Src/stm32f1xx_hal_msp.o
 .debug_frame   0x0000000000000b4c      0x190 Core/Src/stm32f1xx_it.o
 .debug_frame   0x0000000000000cdc       0x58 Core/Src/system_stm32f1xx.o
 .debug_frame   0x0000000000000d34      0x334 Drivers/STM32F1xx_HAL_Driver/Src/stm32f1xx_hal.o
 .debug_frame   0x0000000000001068      0x428 Drivers/STM32F1xx_HAL_Driver/Src/stm32f1xx_hal_cortex.o
 .debug_frame   0x0000000000001490      0x208 Drivers/STM32F1xx_HAL_Driver/Src/stm32f1xx_hal_dma.o
 .debug_frame   0x0000000000001698      0x14c Drivers/STM32F1xx_HAL_Driver/Src/stm32f1xx_hal_gpio.o
 .debug_frame   0x00000000000017e4      0xc5c Drivers/STM32F1xx_HAL_Driver/Src/stm32f1xx_hal_i2c.o
 .debug_frame   0x0000000000002440      0x21c Drivers/STM32F1xx_HAL_Driver/Src/stm32f1xx_hal_rcc.o
 .debug_frame   0x000000000000265c      0x824 Drivers/STM32F1xx_HAL_Driver/Src/stm32f1xx_hal_spi.o
 .debug_frame   0x0000000000002e80     0x11b8 Drivers/STM32F1xx_HAL_Driver/Src/stm32f1xx_hal_tim.o
 .debug_frame   0x0000000000004038      0x638 Drivers/STM32F1xx_HAL_Driver/Src/stm32f1xx_hal_tim_ex.o
 .debug_frame   0x0000000000004670      0x914 Drivers/STM32F1xx_HAL_Driver/Src/stm32f1xx_hal_uart.o
 .debug_frame   0x0000000000004f84       0x2c /home/odemki/Programs/programs/STM32IDE/1/en.en-st-stm32cubeide_1-5-0_8698_20201117_1050_amd64_sh/makeself_dir_5QpOGP/y/plugins/com.st.stm32cube.ide.mcu.externaltools.gnu-tools-for-stm32.9-2020-q2-update.linux64_1.5.0.202011040924/tools/bin/../lib/gcc/arm-none-eabi/9.3.1/../../../../arm-none-eabi/lib/thumb/v7-m/nofp/libc_nano.a(lib_a-init.o)
 .debug_frame   0x0000000000004fb0       0x38 /home/odemki/Programs/programs/STM32IDE/1/en.en-st-stm32cubeide_1-5-0_8698_20201117_1050_amd64_sh/makeself_dir_5QpOGP/y/plugins/com.st.stm32cube.ide.mcu.externaltools.gnu-tools-for-stm32.9-2020-q2-update.linux64_1.5.0.202011040924/tools/bin/../lib/gcc/arm-none-eabi/9.3.1/../../../../arm-none-eabi/lib/thumb/v7-m/nofp/libc_nano.a(lib_a-itoa.o)
 .debug_frame   0x0000000000004fe8       0x20 /home/odemki/Programs/programs/STM32IDE/1/en.en-st-stm32cubeide_1-5-0_8698_20201117_1050_amd64_sh/makeself_dir_5QpOGP/y/plugins/com.st.stm32cube.ide.mcu.externaltools.gnu-tools-for-stm32.9-2020-q2-update.linux64_1.5.0.202011040924/tools/bin/../lib/gcc/arm-none-eabi/9.3.1/../../../../arm-none-eabi/lib/thumb/v7-m/nofp/libc_nano.a(lib_a-memset.o)
 .debug_frame   0x0000000000005008       0x28 /home/odemki/Programs/programs/STM32IDE/1/en.en-st-stm32cubeide_1-5-0_8698_20201117_1050_amd64_sh/makeself_dir_5QpOGP/y/plugins/com.st.stm32cube.ide.mcu.externaltools.gnu-tools-for-stm32.9-2020-q2-update.linux64_1.5.0.202011040924/tools/bin/../lib/gcc/arm-none-eabi/9.3.1/../../../../arm-none-eabi/lib/thumb/v7-m/nofp/libc_nano.a(lib_a-strncpy.o)
 .debug_frame   0x0000000000005030       0x48 /home/odemki/Programs/programs/STM32IDE/1/en.en-st-stm32cubeide_1-5-0_8698_20201117_1050_amd64_sh/makeself_dir_5QpOGP/y/plugins/com.st.stm32cube.ide.mcu.externaltools.gnu-tools-for-stm32.9-2020-q2-update.linux64_1.5.0.202011040924/tools/bin/../lib/gcc/arm-none-eabi/9.3.1/../../../../arm-none-eabi/lib/thumb/v7-m/nofp/libc_nano.a(lib_a-utoa.o)
