Archive member included to satisfy reference by file (symbol)

/home/odemki/Programs/programs/STM32IDE/1/en.en-st-stm32cubeide_1-5-0_8698_20201117_1050_amd64_sh/makeself_dir_5QpOGP/y/plugins/com.st.stm32cube.ide.mcu.externaltools.gnu-tools-for-stm32.9-2020-q2-update.linux64_1.5.0.202011040924/tools/bin/../lib/gcc/arm-none-eabi/9.3.1/../../../../arm-none-eabi/lib/thumb/v7-m/nofp/libc_nano.a(lib_a-errno.o)
                              Core/Src/syscalls.o (__errno)
/home/odemki/Programs/programs/STM32IDE/1/en.en-st-stm32cubeide_1-5-0_8698_20201117_1050_amd64_sh/makeself_dir_5QpOGP/y/plugins/com.st.stm32cube.ide.mcu.externaltools.gnu-tools-for-stm32.9-2020-q2-update.linux64_1.5.0.202011040924/tools/bin/../lib/gcc/arm-none-eabi/9.3.1/../../../../arm-none-eabi/lib/thumb/v7-m/nofp/libc_nano.a(lib_a-exit.o)
                              /home/odemki/Programs/programs/STM32IDE/1/en.en-st-stm32cubeide_1-5-0_8698_20201117_1050_amd64_sh/makeself_dir_5QpOGP/y/plugins/com.st.stm32cube.ide.mcu.externaltools.gnu-tools-for-stm32.9-2020-q2-update.linux64_1.5.0.202011040924/tools/bin/../lib/gcc/arm-none-eabi/9.3.1/../../../../arm-none-eabi/lib/thumb/v7-m/nofp/crt0.o (exit)
/home/odemki/Programs/programs/STM32IDE/1/en.en-st-stm32cubeide_1-5-0_8698_20201117_1050_amd64_sh/makeself_dir_5QpOGP/y/plugins/com.st.stm32cube.ide.mcu.externaltools.gnu-tools-for-stm32.9-2020-q2-update.linux64_1.5.0.202011040924/tools/bin/../lib/gcc/arm-none-eabi/9.3.1/../../../../arm-none-eabi/lib/thumb/v7-m/nofp/libc_nano.a(lib_a-impure.o)
                              /home/odemki/Programs/programs/STM32IDE/1/en.en-st-stm32cubeide_1-5-0_8698_20201117_1050_amd64_sh/makeself_dir_5QpOGP/y/plugins/com.st.stm32cube.ide.mcu.externaltools.gnu-tools-for-stm32.9-2020-q2-update.linux64_1.5.0.202011040924/tools/bin/../lib/gcc/arm-none-eabi/9.3.1/../../../../arm-none-eabi/lib/thumb/v7-m/nofp/libc_nano.a(lib_a-exit.o) (_global_impure_ptr)
/home/odemki/Programs/programs/STM32IDE/1/en.en-st-stm32cubeide_1-5-0_8698_20201117_1050_amd64_sh/makeself_dir_5QpOGP/y/plugins/com.st.stm32cube.ide.mcu.externaltools.gnu-tools-for-stm32.9-2020-q2-update.linux64_1.5.0.202011040924/tools/bin/../lib/gcc/arm-none-eabi/9.3.1/../../../../arm-none-eabi/lib/thumb/v7-m/nofp/libc_nano.a(lib_a-init.o)
                              /home/odemki/Programs/programs/STM32IDE/1/en.en-st-stm32cubeide_1-5-0_8698_20201117_1050_amd64_sh/makeself_dir_5QpOGP/y/plugins/com.st.stm32cube.ide.mcu.externaltools.gnu-tools-for-stm32.9-2020-q2-update.linux64_1.5.0.202011040924/tools/bin/../lib/gcc/arm-none-eabi/9.3.1/../../../../arm-none-eabi/lib/thumb/v7-m/nofp/crt0.o (__libc_init_array)
/home/odemki/Programs/programs/STM32IDE/1/en.en-st-stm32cubeide_1-5-0_8698_20201117_1050_amd64_sh/makeself_dir_5QpOGP/y/plugins/com.st.stm32cube.ide.mcu.externaltools.gnu-tools-for-stm32.9-2020-q2-update.linux64_1.5.0.202011040924/tools/bin/../lib/gcc/arm-none-eabi/9.3.1/../../../../arm-none-eabi/lib/thumb/v7-m/nofp/libc_nano.a(lib_a-itoa.o)
                              Core/Src/LoRa_E220_900T22D/e220_900t22d.o (itoa)
/home/odemki/Programs/programs/STM32IDE/1/en.en-st-stm32cubeide_1-5-0_8698_20201117_1050_amd64_sh/makeself_dir_5QpOGP/y/plugins/com.st.stm32cube.ide.mcu.externaltools.gnu-tools-for-stm32.9-2020-q2-update.linux64_1.5.0.202011040924/tools/bin/../lib/gcc/arm-none-eabi/9.3.1/../../../../arm-none-eabi/lib/thumb/v7-m/nofp/libc_nano.a(lib_a-malloc.o)
                              Core/Src/lists/simply_linked_list.o (malloc)
/home/odemki/Programs/programs/STM32IDE/1/en.en-st-stm32cubeide_1-5-0_8698_20201117_1050_amd64_sh/makeself_dir_5QpOGP/y/plugins/com.st.stm32cube.ide.mcu.externaltools.gnu-tools-for-stm32.9-2020-q2-update.linux64_1.5.0.202011040924/tools/bin/../lib/gcc/arm-none-eabi/9.3.1/../../../../arm-none-eabi/lib/thumb/v7-m/nofp/libc_nano.a(lib_a-memcpy-stub.o)
                              Core/Src/state_machine/state_machine.o (memcpy)
/home/odemki/Programs/programs/STM32IDE/1/en.en-st-stm32cubeide_1-5-0_8698_20201117_1050_amd64_sh/makeself_dir_5QpOGP/y/plugins/com.st.stm32cube.ide.mcu.externaltools.gnu-tools-for-stm32.9-2020-q2-update.linux64_1.5.0.202011040924/tools/bin/../lib/gcc/arm-none-eabi/9.3.1/../../../../arm-none-eabi/lib/thumb/v7-m/nofp/libc_nano.a(lib_a-memset.o)
                              /home/odemki/Programs/programs/STM32IDE/1/en.en-st-stm32cubeide_1-5-0_8698_20201117_1050_amd64_sh/makeself_dir_5QpOGP/y/plugins/com.st.stm32cube.ide.mcu.externaltools.gnu-tools-for-stm32.9-2020-q2-update.linux64_1.5.0.202011040924/tools/bin/../lib/gcc/arm-none-eabi/9.3.1/../../../../arm-none-eabi/lib/thumb/v7-m/nofp/crt0.o (memset)
/home/odemki/Programs/programs/STM32IDE/1/en.en-st-stm32cubeide_1-5-0_8698_20201117_1050_amd64_sh/makeself_dir_5QpOGP/y/plugins/com.st.stm32cube.ide.mcu.externaltools.gnu-tools-for-stm32.9-2020-q2-update.linux64_1.5.0.202011040924/tools/bin/../lib/gcc/arm-none-eabi/9.3.1/../../../../arm-none-eabi/lib/thumb/v7-m/nofp/libc_nano.a(lib_a-nano-freer.o)
[...]
Memory Configuration

Name             Origin             Length             Attributes
RAM              0x0000000020000000 0x0000000000005000 xrw
FLASH            0x0000000008000000 0x0000000000010000 xr
*default*        0x0000000000000000 0xffffffffffffffff

Linker script and memory map

LOAD /home/odemki/Programs/programs/STM32IDE/1/en.en-st-stm32cubeide_1-5-0_8698_20201117_1050_amd64_sh/makeself_dir_5QpOGP/y/plugins/com.st.stm32cube.ide.mcu.externaltools.gnu-tools-for-stm32.9-2020-q2-update.linux64_1.5.0.202011040924/tools/bin/../lib/gcc/arm-none-eabi/9.3.1/thumb/v7-m/nofp/crti.o
LOAD /home/odemki/Programs/programs/STM32IDE/1/en.en-st-stm32cubeide_1-5-0_8698_20201117_1050_amd64_sh/makeself_dir_5QpOGP/y/plugins/com.st.stm32cube.ide.mcu.externaltools.gnu-tools-for-stm32.9-2020-q2-update.linux64_1.5.0.202011040924/tools/bin/../lib/gcc/arm-none-eabi/9.3.1/thumb/v7-m/nofp/crtbegin.o
LOAD /home/odemki/Programs/programs/STM32IDE/1/en.en-st-stm32cubeide_1-5-0_8698_20201117_1050_amd64_sh/makeself_dir_5QpOGP/y/plugins/com.st.stm32cube.ide.mcu.externaltools.gnu-tools-for-stm32.9-2020-q2-update.linux64_1.5.0.202011040924/tools/bin/../lib/gcc/arm-none-eabi/9.3.1/../../../../arm-none-eabi/lib/thumb/v7-m/nofp/crt0.o
LOAD Core/Src/LoRa_E220_900T22D/e220_900t22d.o
LOAD Core/Src/NRF24L01/nrf24l01.o
LOAD Core/Src/OLED/fonts.o
LOAD Core/Src/OLED/oled_main.o
LOAD Core/Src/OLED/ssd1306.o
LOAD Core/Src/UART/uart.o
LOAD Core/Src/am2302/am2302.o
LOAD Core/Src/keyboard/keyboard.o
LOAD Core/Src/lists/lists.o
LOAD Core/Src/lists/simply_linked_list.o
LOAD Core/Src/main.o
LOAD Core/Src/stm32f1xx_hal_msp.o
LOAD Core/Src/stm32f1xx_it.o
LOAD Core/Src/syscalls.o
LOAD Core/Src/sysmem.o
LOAD Core/Src/system_stm32f1xx.o
LOAD Core/Src/menu/menu.o
LOAD Core/Src/state_machine/state_machine.o
LOAD Core/Startup/startup_stm32f103c8tx.o
LOAD Drivers/STM32F1xx_HAL_Driver/Src/stm32f1xx_hal.o
LOAD Drivers/STM32F1xx_HAL_Driver/Src/stm32f1xx_hal_cortex.o
LOAD Drivers/STM32F1xx_HAL_Driver/Src/stm32f1xx_hal_dma.o
LOAD Drivers/STM32F1xx_HAL_Driver/Src/stm32f1xx_hal_exti.o
LOAD Drivers/STM32F1xx_HAL_Driver/Src/stm32f1xx_hal_flash.o
LOAD Drivers/STM32F1xx_HAL_Driver/Src/stm32f1xx_hal_flash_ex.o
LOAD Drivers/STM32F1xx_HAL_Driver/Src/stm32f1xx_hal_gpio.o
LOAD Drivers/STM32F1xx_HAL_Driver/Src/stm32f1xx_hal_gpio_ex.o
LOAD Drivers/STM32F1xx_HAL_Driver/Src/stm32f1xx_hal_i2c.o
LOAD Drivers/STM32F1xx_HAL_Driver/Src/stm32f1xx_hal_pwr.o
LOAD Drivers/STM32F1xx_HAL_Driver/Src/stm32f1xx_hal_rcc.o
LOAD Drivers/STM32F1xx_HAL_Driver/Src/stm32f1xx_hal_rcc_ex.o
LOAD Drivers/STM32F1xx_HAL_Driver/Src/stm32f1xx_hal_spi.o
LOAD Drivers/STM32F1xx_HAL_Driver/Src/stm32f1xx_hal_tim.o
LOAD Drivers/STM32F1xx_HAL_Driver/Src/stm32f1xx_hal_tim_ex.o
LOAD Drivers/STM32F1xx_HAL_Driver/Src/stm32f1xx_hal_uart.o
START GROUP
LOAD /home/odemki/Programs/programs/STM32IDE/1/en.en-st-stm32cubeide_1-5-0_8698_20201117_1050_amd64_sh/makeself_dir_5QpOGP/y/plugins/com.st.stm32cube.ide.mcu.externaltools.gnu-tools-for-stm32.9-2020-q2-update.linux64_1.5.0.202011040924/tools/bin/../lib/gcc/arm-none-eabi/9.3.1/../../../../arm-none-eabi/lib/thumb/v7-m/nofp/libc_nano.a
LOAD /home/odemki/Programs/programs/STM32IDE/1/en.en-st-stm32cubeide_1-5-0_8698_20201117_1050_amd64_sh/makeself_dir_5QpOGP/y/plugins/com.st.stm32cube.ide.mcu.externaltools.gnu-tools-for-stm32.9-2020-q2-update.linux64_1.5.0.202011040924/tools/bin/../lib/gcc/arm-none-eabi/9.3.1/../../../../arm-none-eabi/lib/thumb/v7-m/nofp/libm.a
END GROUP
START GROUP
LOAD /home/odemki/Programs/programs/STM32IDE/1/en.en-st-stm32cubeide_1-5-0_8698_20201117_1050_amd64_sh/makeself_dir_5QpOGP/y/plugins/com.st.stm32cube.ide.mcu.externaltools.gnu-tools-for-stm32.9-2020-q2-update.linux64_1.5.0.202011040924/tools/bin/../lib/gcc/arm-none-eabi/9.3.1/thumb/v7-m/nofp/libgcc.a
LOAD /home/odemki/Programs/programs/STM32IDE/1/en.en-st-stm32cubeide_1-5-0_8698_20201117_1050_amd64_sh/makeself_dir_5QpOGP/y/plugins/com.st.stm32cube.ide.mcu.externaltools.gnu-tools-for-stm32.9-2020-q2-update.linux64_1.5.0.202011040924/tools/bin/../lib/gcc/arm-none-eabi/9.3.1/../../../../arm-none-eabi/lib/thumb/v7-m/nofp/libc_nano.a
END GROUP
START GROUP
LOAD /home/odemki/Programs/programs/STM32IDE/1/en.en-st-stm32cubeide_1-5-0_8698_20201117_1050_amd64_sh/makeself_dir_5QpOGP/y/plugins/com.st.stm32cube.ide.mcu.externaltools.gnu-tools-for-stm32.9-2020-q2-update.linux64_1.5.0.202011040924/tools/bin/../lib/gcc/arm-none-eabi/9.3.1/thumb/v7-m/nofp/libgcc.a
LOAD /home/odemki/Programs/programs/STM32IDE/1/en.en-st-stm32cubeide_1-5-0_8698_20201117_1050_amd64_sh/makeself_dir_5QpOGP/y/plugins/com.st.stm32cube.ide.mcu.externaltools.gnu-tools-for-stm32.9-2020-q2-update.linux64_1.5.0.202011040924/tools/bin/../lib/gcc/arm-none-eabi/9.3.1/../../../../arm-none-eabi/lib/thumb/v7-m/nofp/libc_nano.a
LOAD /home/odemki/Programs/programs/STM32IDE/1/en.en-st-stm32cubeide_1-5-0_8698_20201117_1050_amd64_sh/makeself_dir_5QpOGP/y/plugins/com.st.stm32cube.ide.mcu.externaltools.gnu-tools-for-stm32.9-2020-q2-update.linux64_1.5.0.202011040924/tools/bin/../lib/gcc/arm-none-eabi/9.3.1/../../../../arm-none-eabi/lib/thumb/v7-m/nofp/libnosys.a
END GROUP
START GROUP
LOAD /home/odemki/Programs/programs/STM32IDE/1/en.en-st-stm32cubeide_1-5-0_8698_20201117_1050_amd64_sh/makeself_dir_5QpOGP/y/plugins/com.st.stm32cube.ide.mcu.externaltools.gnu-tools-for-stm32.9-2020-q2-update.linux64_1.5.0.202011040924/tools/bin/../lib/gcc/arm-none-eabi/9.3.1/thumb/v7-m/nofp/libgcc.a
LOAD /home/odemki/Programs/programs/STM32IDE/1/en.en-st-stm32cubeide_1-5-0_8698_20201117_1050_amd64_sh/makeself_dir_5QpOGP/y/plugins/com.st.stm32cube.ide.mcu.externaltools.gnu-tools-for-stm32.9-2020-q2-update.linux64_1.5.0.202011040924/tools/bin/../lib/gcc/arm-none-eabi/9.3.1/../../../../arm-none-eabi/lib/thumb/v7-m/nofp/libc_nano.a
LOAD /home/odemki/Programs/programs/STM32IDE/1/en.en-st-stm32cubeide_1-5-0_8698_20201117_1050_amd64_sh/makeself_dir_5QpOGP/y/plugins/com.st.stm32cube.ide.mcu.externaltools.gnu-tools-for-stm32.9-2020-q2-update.linux64_1.5.0.202011040924/tools/bin/../lib/gcc/arm-none-eabi/9.3.1/../../../../arm-none-eabi/lib/thumb/v7-m/nofp/libnosys.a
END GROUP
LOAD /home/odemki/Programs/programs/STM32IDE/1/en.en-st-stm32cubeide_1-5-0_8698_20201117_1050_amd64_sh/makeself_dir_5QpOGP/y/plugins/com.st.stm32cube.ide.mcu.externaltools.gnu-tools-for-stm32.9-2020-q2-update.linux64_1.5.0.202011040924/tools/bin/../lib/gcc/arm-none-eabi/9.3.1/thumb/v7-m/nofp/crtend.o
LOAD /home/odemki/Programs/programs/STM32IDE/1/en.en-st-stm32cubeide_1-5-0_8698_20201117_1050_amd64_sh/makeself_dir_5QpOGP/y/plugins/com.st.stm32cube.ide.mcu.externaltools.gnu-tools-for-stm32.9-2020-q2-update.linux64_1.5.0.202011040924/tools/bin/../lib/gcc/arm-none-eabi/9.3.1/thumb/v7-m/nofp/crtn.o
                0x0000000020005000                _estack = (ORIGIN (RAM) + LENGTH (RAM))
                0x0000000000000200                _Min_Heap_Size = 0x200
                0x0000000000000400                _Min_Stack_Size = 0x400

.isr_vector     0x0000000008000000      0x10c
                0x0000000008000000                . = ALIGN (0x4)
 *(.isr_vector)
 .isr_vector    0x0000000008000000      0x10c Core/Startup/startup_stm32f103c8tx.o
                0x0000000008000000                g_pfnVectors
                0x000000000800010c                . = ALIGN (0x4)

.text           0x000000000800010c     0x8e38
                0x000000000800010c                . = ALIGN (0x4)
 *(.text)
 .text          0x000000000800010c       0x40 /home/odemki/Programs/programs/STM32IDE/1/en.en-st-stm32cubeide_1-5-0_8698_20201117_1050_amd64_sh/makeself_dir_5QpOGP/y/plugins/com.st.stm32cube.ide.mcu.externaltools.gnu-tools-for-stm32.9-2020-q2-update.linux64_1.5.0.202011040924/tools/bin/../lib/gcc/arm-none-eabi/9.3.1/thumb/v7-m/nofp/crtbegin.o
 .text          0x000000000800014c       0x10 /home/odemki/Programs/programs/STM32IDE/1/en.en-st-stm32cubeide_1-5-0_8698_20201117_1050_amd64_sh/makeself_dir_5QpOGP/y/plugins/com.st.stm32cube.ide.mcu.externaltools.gnu-tools-for-stm32.9-2020-q2-update.linux64_1.5.0.202011040924/tools/bin/../lib/gcc/arm-none-eabi/9.3.1/../../../../arm-none-eabi/lib/thumb/v7-m/nofp/libc_nano.a(lib_a-strlen.o)
                0x000000000800014c                strlen
 .text          0x000000000800015c      0x378 /home/odemki/Programs/programs/STM32IDE/1/en.en-st-stm32cubeide_1-5-0_8698_20201117_1050_amd64_sh/makeself_dir_5QpOGP/y/plugins/com.st.stm32cube.ide.mcu.externaltools.gnu-tools-for-stm32.9-2020-q2-update.linux64_1.5.0.202011040924/tools/bin/../lib/gcc/arm-none-eabi/9.3.1/thumb/v7-m/nofp/libgcc.a(_arm_addsubdf3.o)
                0x000000000800015c                __aeabi_drsub
                0x0000000008000164                __aeabi_dsub
                0x0000000008000164                __subdf3
                0x0000000008000168                __adddf3
                0x0000000008000168                __aeabi_dadd
                0x00000000080003e0                __aeabi_ui2d
                0x00000000080003e0                __floatunsidf
                0x0000000008000400                __floatsidf
                0x0000000008000400                __aeabi_i2d
                0x0000000008000424                __extendsfdf2
                0x0000000008000424                __aeabi_f2d
                0x0000000008000468                __aeabi_ul2d
                0x0000000008000468                __floatundidf
                0x0000000008000478                __floatdidf
                0x0000000008000478                __aeabi_l2d
 .text          0x00000000080004d4       0xa0 /home/odemki/Programs/programs/STM32IDE/1/en.en-st-stm32cubeide_1-5-0_8698_20201117_1050_amd64_sh/makeself_dir_5QpOGP/y/plugins/com.st.stm32cube.ide.mcu.externaltools.gnu-tools-for-stm32.9-2020-q2-update.linux64_1.5.0.202011040924/tools/bin/../lib/gcc/arm-none-eabi/9.3.1/thumb/v7-m/nofp/libgcc.a(_arm_truncdfsf2.o)
                0x00000000080004d4                __aeabi_d2f
                0x00000000080004d4                __truncdfsf2
 .text          0x0000000008000574      0x21c /home/odemki/Programs/programs/STM32IDE/1/en.en-st-stm32cubeide_1-5-0_8698_20201117_1050_amd64_sh/makeself_dir_5QpOGP/y/plugins/com.st.stm32cube.ide.mcu.externaltools.gnu-tools-for-stm32.9-2020-q2-update.linux64_1.5.0.202011040924/tools/bin/../lib/gcc/arm-none-eabi/9.3.1/thumb/v7-m/nofp/libgcc.a(_arm_addsubsf3.o)
                0x0000000008000574                __aeabi_frsub
                0x000000000800057c                __subsf3
                0x000000000800057c                __aeabi_fsub
                0x0000000008000580                __aeabi_fadd
                0x0000000008000580                __addsf3
                0x00000000080006e0                __aeabi_ui2f
                0x00000000080006e0                __floatunsisf
                0x00000000080006e8                __aeabi_i2f
                0x00000000080006e8                __floatsisf
                0x0000000008000704                __floatundisf
                0x0000000008000704                __aeabi_ul2f
                0x0000000008000714                __floatdisf
                0x0000000008000714                __aeabi_l2f
 .text          0x0000000008000790      0x2a0 /home/odemki/Programs/programs/STM32IDE/1/en.en-st-stm32cubeide_1-5-0_8698_20201117_1050_amd64_sh/makeself_dir_5QpOGP/y/plugins/com.st.stm32cube.ide.mcu.externaltools.gnu-tools-for-stm32.9-2020-q2-update.linux64_1.5.0.202011040924/tools/bin/../lib/gcc/arm-none-eabi/9.3.1/thumb/v7-m/nofp/libgcc.a(_arm_muldivsf3.o)
                0x0000000008000790                __mulsf3
                0x0000000008000790                __aeabi_fmul
                0x00000000080008f8                __divsf3
                0x00000000080008f8                __aeabi_fdiv
 .text          0x0000000008000a30       0x4c /home/odemki/Programs/programs/STM32IDE/1/en.en-st-stm32cubeide_1-5-0_8698_20201117_1050_amd64_sh/makeself_dir_5QpOGP/y/plugins/com.st.stm32cube.ide.mcu.externaltools.gnu-tools-for-stm32.9-2020-q2-update.linux64_1.5.0.202011040924/tools/bin/../lib/gcc/arm-none-eabi/9.3.1/thumb/v7-m/nofp/libgcc.a(_arm_fixsfsi.o)
                0x0000000008000a30                __fixsfsi
                0x0000000008000a30                __aeabi_f2iz
 *(.text*)
 .text.LoRa_RX  0x0000000008000a7c      0x180 Core/Src/LoRa_E220_900T22D/e220_900t22d.o
                0x0000000008000a7c                LoRa_RX
 .text.LoRa_TX_send_test_number
                0x0000000008000bfc      0x1ac Core/Src/LoRa_E220_900T22D/e220_900t22d.o
                0x0000000008000bfc                LoRa_TX_send_test_number
 .text.lora_transmit_data
                0x0000000008000da8      0x144 Core/Src/LoRa_E220_900T22D/e220_900t22d.o
                0x0000000008000da8                lora_transmit_data
 .text.LoRa_TX_send_T_and_H
                0x0000000008000eec      0x2e8 Core/Src/LoRa_E220_900T22D/e220_900t22d.o
                0x0000000008000eec                LoRa_TX_send_T_and_H
 .text.read_all_settings_from_module
                0x00000000080011d4       0x3c Core/Src/LoRa_E220_900T22D/e220_900t22d.o
                0x00000000080011d4                read_all_settings_from_module
 .text.init_lora_TX
                0x0000000008001210       0x90 Core/Src/LoRa_E220_900T22D/e220_900t22d.o
                0x0000000008001210                init_lora_TX
 .text.init_lora_RX
                0x00000000080012a0       0x90 Core/Src/LoRa_E220_900T22D/e220_900t22d.o
                0x00000000080012a0                init_lora_RX
 .text.set_config_deep_sleep_mode
                0x0000000008001330       0x24 Core/Src/LoRa_E220_900T22D/e220_900t22d.o
                0x0000000008001330                set_config_deep_sleep_mode
 .text.set_WOR_RX_mode
                0x0000000008001354       0x24 Core/Src/LoRa_E220_900T22D/e220_900t22d.o
                0x0000000008001354                set_WOR_RX_mode
 .text.set_WOR_TX_mode
                0x0000000008001378       0x24 Core/Src/LoRa_E220_900T22D/e220_900t22d.o
                0x0000000008001378                set_WOR_TX_mode
 .text.NRF24L01_RX_Mode
                0x000000000800139c       0x54 Core/Src/NRF24L01/nrf24l01.o
                0x000000000800139c                NRF24L01_RX_Mode
 .text.NRF24L01_Receive
                0x00000000080013f0       0xc8 Core/Src/NRF24L01/nrf24l01.o
                0x00000000080013f0                NRF24L01_Receive
 .text.NRF24_init_RX_mode
                0x00000000080014b8       0xc8 Core/Src/NRF24L01/nrf24l01.o
                0x00000000080014b8                NRF24_init_RX_mode
 .text.IRQ_Callback
                0x0000000008001580       0x74 Core/Src/NRF24L01/nrf24l01.o
                0x0000000008001580                IRQ_Callback
 .text.NRF24L01_RX_Mode_for_TX_mode
                0x00000000080015f4       0x4c Core/Src/NRF24L01/nrf24l01.o
                0x00000000080015f4                NRF24L01_RX_Mode_for_TX_mode
 .text.NRF24_init_TX_mode
                0x0000000008001640       0xb8 Core/Src/NRF24L01/nrf24l01.o
                0x0000000008001640                NRF24_init_TX_mode
 .text.NRF24L01_TX_Mode
                0x00000000080016f8       0x34 Core/Src/NRF24L01/nrf24l01.o
                0x00000000080016f8                NRF24L01_TX_Mode
 .text.NRF24_Transmit
                0x000000000800172c       0x6c Core/Src/NRF24L01/nrf24l01.o
                0x000000000800172c                NRF24_Transmit
 .text.NRF24L01_Send
                0x0000000008001798       0xc4 Core/Src/NRF24L01/nrf24l01.o
                0x0000000008001798                NRF24L01_Send
 .text.NRF24L01_Transmission_counter
                0x000000000800185c      0x228 Core/Src/NRF24L01/nrf24l01.o
                0x000000000800185c                NRF24L01_Transmission_counter
 .text.NRF24L01_Transmission_t_and_h
                0x0000000008001a84      0x2e8 Core/Src/NRF24L01/nrf24l01.o
                0x0000000008001a84                NRF24L01_Transmission_t_and_h
 .text.DelayMicro
                0x0000000008001d6c       0x44 Core/Src/NRF24L01/nrf24l01.o
 .text.NRF24_ReadReg
                0x0000000008001db0       0x68 Core/Src/NRF24L01/nrf24l01.o
                0x0000000008001db0                NRF24_ReadReg
 .text.NRF24_WriteReg
                0x0000000008001e18       0x5c Core/Src/NRF24L01/nrf24l01.o
                0x0000000008001e18                NRF24_WriteReg
 .text.NRF24_ToggleFeatures
                0x0000000008001e74       0x54 Core/Src/NRF24L01/nrf24l01.o
                0x0000000008001e74                NRF24_ToggleFeatures
 .text.NRF24_Read_Buf
                0x0000000008001ec8       0x54 Core/Src/NRF24L01/nrf24l01.o
                0x0000000008001ec8                NRF24_Read_Buf
 .text.NRF24_Write_Buf
                0x0000000008001f1c       0x64 Core/Src/NRF24L01/nrf24l01.o
                0x0000000008001f1c                NRF24_Write_Buf
 .text.NRF24_FlushRX
                0x0000000008001f80       0x44 Core/Src/NRF24L01/nrf24l01.o
                0x0000000008001f80                NRF24_FlushRX
 .text.NRF24_FlushTX
                0x0000000008001fc4       0x44 Core/Src/NRF24L01/nrf24l01.o
                0x0000000008001fc4                NRF24_FlushTX
 .text.read_config_registers
                0x0000000008002008       0x80 Core/Src/NRF24L01/nrf24l01.o
                0x0000000008002008                read_config_registers
 .text.reset_nrf24l01
                0x0000000008002088       0xb8 Core/Src/NRF24L01/nrf24l01.o
                0x0000000008002088                reset_nrf24l01
 .text.clearn_oled
                0x0000000008002140       0x12 Core/Src/OLED/oled_main.o
                0x0000000008002140                clearn_oled
 *fill*         0x0000000008002152        0x2 
 .text.ssd1306_WriteCommand
                0x0000000008002154       0x30 Core/Src/OLED/ssd1306.o
 .text.ssd1306_Init
                0x0000000008002184       0xd8 Core/Src/OLED/ssd1306.o
                0x0000000008002184                ssd1306_Init
 .text.ssd1306_Fill
                0x000000000800225c       0x44 Core/Src/OLED/ssd1306.o
                0x000000000800225c                ssd1306_Fill
 .text.ssd1306_UpdateScreen
                0x00000000080022a0       0x60 Core/Src/OLED/ssd1306.o
                0x00000000080022a0                ssd1306_UpdateScreen
 .text.ssd1306_DrawPixel
                0x0000000008002300       0xc0 Core/Src/OLED/ssd1306.o
                0x0000000008002300                ssd1306_DrawPixel
 .text.ssd1306_WriteChar
                0x00000000080023c0      0x100 Core/Src/OLED/ssd1306.o
                0x00000000080023c0                ssd1306_WriteChar
 .text.ssd1306_WriteString
                0x00000000080024c0       0x4c Core/Src/OLED/ssd1306.o
                0x00000000080024c0                ssd1306_WriteString
 .text.ssd1306_SetCursor
                0x000000000800250c       0x30 Core/Src/OLED/ssd1306.o
                0x000000000800250c                ssd1306_SetCursor
 .text.ssd1306_Line
                0x000000000800253c       0xd8 Core/Src/OLED/ssd1306.o
                0x000000000800253c                ssd1306_Line
 .text.ssd1306_DrawRectangle
                0x0000000008002614       0x6e Core/Src/OLED/ssd1306.o
                0x0000000008002614                ssd1306_DrawRectangle
 .text.ssd1306FillRect
                0x0000000008002682       0x6e Core/Src/OLED/ssd1306.o
                0x0000000008002682                ssd1306FillRect
 .text.DelayMicro
                0x00000000080026f0       0x44 Core/Src/am2302/am2302.o
 .text.am2302_measure
                0x0000000008002734      0x23c Core/Src/am2302/am2302.o
                0x0000000008002734                am2302_measure
 .text.main     0x0000000008002970       0x5c Core/Src/main.o
                0x0000000008002970                main
 .text.SystemClock_Config
                0x00000000080029cc       0x8a Core/Src/main.o
                0x00000000080029cc                SystemClock_Config
 *fill*         0x0000000008002a56        0x2 
 .text.MX_I2C1_Init
                0x0000000008002a58       0x5c Core/Src/main.o
 .text.MX_SPI1_Init
                0x0000000008002ab4       0x6c Core/Src/main.o
 .text.MX_TIM1_Init
                0x0000000008002b20       0xa0 Core/Src/main.o
 .text.MX_TIM2_Init
                0x0000000008002bc0       0x98 Core/Src/main.o
 .text.MX_USART1_UART_Init
                0x0000000008002c58       0x54 Core/Src/main.o
 .text.MX_USART3_UART_Init
                0x0000000008002cac       0x54 Core/Src/main.o
 .text.MX_GPIO_Init
                0x0000000008002d00      0x1a8 Core/Src/main.o
 .text.HAL_GPIO_EXTI_Callback
                0x0000000008002ea8       0x34 Core/Src/main.o
                0x0000000008002ea8                HAL_GPIO_EXTI_Callback
 .text.HAL_UART_RxCpltCallback
                0x0000000008002edc       0x74 Core/Src/main.o
                0x0000000008002edc                HAL_UART_RxCpltCallback
 .text.Error_Handler
                0x0000000008002f50        0xa Core/Src/main.o
                0x0000000008002f50                Error_Handler
 *fill*         0x0000000008002f5a        0x2 
 .text.HAL_MspInit
                0x0000000008002f5c       0x64 Core/Src/stm32f1xx_hal_msp.o
                0x0000000008002f5c                HAL_MspInit
 .text.HAL_I2C_MspInit
                0x0000000008002fc0       0x7c Core/Src/stm32f1xx_hal_msp.o
                0x0000000008002fc0                HAL_I2C_MspInit
 .text.HAL_SPI_MspInit
                0x000000000800303c       0x94 Core/Src/stm32f1xx_hal_msp.o
                0x000000000800303c                HAL_SPI_MspInit
 .text.HAL_TIM_Base_MspInit
                0x00000000080030d0       0x80 Core/Src/stm32f1xx_hal_msp.o
                0x00000000080030d0                HAL_TIM_Base_MspInit
 .text.HAL_UART_MspInit
                0x0000000008003150      0x120 Core/Src/stm32f1xx_hal_msp.o
                0x0000000008003150                HAL_UART_MspInit
 .text.NMI_Handler
                0x0000000008003270        0x6 Core/Src/stm32f1xx_it.o
                0x0000000008003270                NMI_Handler
 .text.HardFault_Handler
                0x0000000008003276        0x6 Core/Src/stm32f1xx_it.o
                0x0000000008003276                HardFault_Handler
 .text.MemManage_Handler
                0x000000000800327c        0x6 Core/Src/stm32f1xx_it.o
                0x000000000800327c                MemManage_Handler
 .text.BusFault_Handler
                0x0000000008003282        0x6 Core/Src/stm32f1xx_it.o
                0x0000000008003282                BusFault_Handler
 .text.UsageFault_Handler
                0x0000000008003288        0x6 Core/Src/stm32f1xx_it.o
                0x0000000008003288                UsageFault_Handler
 .text.SVC_Handler
                0x000000000800328e        0xc Core/Src/stm32f1xx_it.o
                0x000000000800328e                SVC_Handler
 .text.DebugMon_Handler
                0x000000000800329a        0xc Core/Src/stm32f1xx_it.o
                0x000000000800329a                DebugMon_Handler
 .text.PendSV_Handler
                0x00000000080032a6        0xc Core/Src/stm32f1xx_it.o
                0x00000000080032a6                PendSV_Handler
 .text.SysTick_Handler
                0x00000000080032b2        0xc Core/Src/stm32f1xx_it.o
                0x00000000080032b2                SysTick_Handler
 .text.EXTI2_IRQHandler
                0x00000000080032be        0xe Core/Src/stm32f1xx_it.o
                0x00000000080032be                EXTI2_IRQHandler
 .text.EXTI9_5_IRQHandler
                0x00000000080032cc       0x58 Core/Src/stm32f1xx_it.o
                0x00000000080032cc                EXTI9_5_IRQHandler
 .text.TIM1_UP_IRQHandler
                0x0000000008003324      0x100 Core/Src/stm32f1xx_it.o
                0x0000000008003324                TIM1_UP_IRQHandler
 .text.TIM2_IRQHandler
                0x0000000008003424       0x64 Core/Src/stm32f1xx_it.o
                0x0000000008003424                TIM2_IRQHandler
 .text.USART1_IRQHandler
                0x0000000008003488       0x14 Core/Src/stm32f1xx_it.o
                0x0000000008003488                USART1_IRQHandler
 .text.EXTI15_10_IRQHandler
                0x000000000800349c       0x88 Core/Src/stm32f1xx_it.o
                0x000000000800349c                EXTI15_10_IRQHandler
 .text._sbrk    0x0000000008003524       0x6c Core/Src/sysmem.o
                0x0000000008003524                _sbrk
 .text.SystemInit
                0x0000000008003590        0xc Core/Src/system_stm32f1xx.o
                0x0000000008003590                SystemInit
 .text.Menu_Init
                0x000000000800359c      0x538 Core/Src/menu/menu.o
                0x000000000800359c                Menu_Init
 .text.menu     0x0000000008003ad4       0x58 Core/Src/menu/menu.o
                0x0000000008003ad4                menu
 .text.up       0x0000000008003b2c       0x34 Core/Src/menu/menu.o
                0x0000000008003b2c                up
 .text.down     0x0000000008003b60       0x34 Core/Src/menu/menu.o
                0x0000000008003b60                down
 .text.enter    0x0000000008003b94       0x4c Core/Src/menu/menu.o
                0x0000000008003b94                enter
 .text.scroll_bar
                0x0000000008003be0       0xe8 Core/Src/menu/menu.o
                0x0000000008003be0                scroll_bar
 .text.print_rectangle_on_head
                0x0000000008003cc8       0x20 Core/Src/menu/menu.o
                0x0000000008003cc8                print_rectangle_on_head
 .text.clear_menu_items
                0x0000000008003ce8       0xe4 Core/Src/menu/menu.o
                0x0000000008003ce8                clear_menu_items
 .text.print_rows_on_oled_if_up
                0x0000000008003dcc       0xf8 Core/Src/menu/menu.o
                0x0000000008003dcc                print_rows_on_oled_if_up
 .text.print_rows_on_oled_if_down
                0x0000000008003ec4      0x104 Core/Src/menu/menu.o
                0x0000000008003ec4                print_rows_on_oled_if_down
 .text.print_menu_init
                0x0000000008003fc8      0x12c Core/Src/menu/menu.o
                0x0000000008003fc8                print_menu_init
 .text.print_menu_items
                0x00000000080040f4      0x13c Core/Src/menu/menu.o
                0x00000000080040f4                print_menu_items
 .text.return_from_menu
                0x0000000008004230       0x54 Core/Src/menu/menu.o
                0x0000000008004230                return_from_menu
 .text.lora_rx_mode
                0x0000000008004284       0x9c Core/Src/menu/menu.o
                0x0000000008004284                lora_rx_mode
 .text.lora_tx_mode
                0x0000000008004320       0x9c Core/Src/menu/menu.o
                0x0000000008004320                lora_tx_mode
 .text.lora_tx_mode_send_T_and_H
                0x00000000080043bc       0x9c Core/Src/menu/menu.o
                0x00000000080043bc                lora_tx_mode_send_T_and_H
 .text.nrf_rx_mode
                0x0000000008004458       0xbc Core/Src/menu/menu.o
                0x0000000008004458                nrf_rx_mode
 .text.nrf_tx_mode_send_test_number
                0x0000000008004514       0xd8 Core/Src/menu/menu.o
                0x0000000008004514                nrf_tx_mode_send_test_number
 .text.nrf_tx_mode_send_T_and_H
                0x00000000080045ec       0xd8 Core/Src/menu/menu.o
                0x00000000080045ec                nrf_tx_mode_send_T_and_H
 .text.am2302   0x00000000080046c4      0x30c Core/Src/menu/menu.o
                0x00000000080046c4                am2302
 .text.periodic_measurement_am2302_on
                0x00000000080049d0      0x2e8 Core/Src/menu/menu.o
                0x00000000080049d0                periodic_measurement_am2302_on
 .text.periodic_measurement_am2302_off
                0x0000000008004cb8      0x128 Core/Src/menu/menu.o
                0x0000000008004cb8                periodic_measurement_am2302_off
 .text.Reset_Handler
                0x0000000008004de0       0x48 Core/Startup/startup_stm32f103c8tx.o
                0x0000000008004de0                Reset_Handler
 .text.Default_Handler
                0x0000000008004e28        0x2 Core/Startup/startup_stm32f103c8tx.o
                0x0000000008004e28                RTC_Alarm_IRQHandler
                0x0000000008004e28                TIM1_CC_IRQHandler
                0x0000000008004e28                PVD_IRQHandler
                0x0000000008004e28                EXTI3_IRQHandler
                0x0000000008004e28                EXTI0_IRQHandler
                0x0000000008004e28                I2C2_EV_IRQHandler
                0x0000000008004e28                ADC1_2_IRQHandler
                0x0000000008004e28                SPI1_IRQHandler
                0x0000000008004e28                TAMPER_IRQHandler
                0x0000000008004e28                DMA1_Channel4_IRQHandler
                0x0000000008004e28                USART3_IRQHandler
                0x0000000008004e28                RTC_IRQHandler
                0x0000000008004e28                DMA1_Channel7_IRQHandler
                0x0000000008004e28                CAN1_RX1_IRQHandler
                0x0000000008004e28                TIM4_IRQHandler
                0x0000000008004e28                I2C1_EV_IRQHandler
                0x0000000008004e28                DMA1_Channel6_IRQHandler
                0x0000000008004e28                TIM3_IRQHandler
                0x0000000008004e28                RCC_IRQHandler
                0x0000000008004e28                TIM1_TRG_COM_IRQHandler
                0x0000000008004e28                DMA1_Channel1_IRQHandler
                0x0000000008004e28                Default_Handler
                0x0000000008004e28                SPI2_IRQHandler
                0x0000000008004e28                DMA1_Channel5_IRQHandler
                0x0000000008004e28                EXTI4_IRQHandler
                0x0000000008004e28                USB_LP_CAN1_RX0_IRQHandler
                0x0000000008004e28                USB_HP_CAN1_TX_IRQHandler
                0x0000000008004e28                DMA1_Channel3_IRQHandler
                0x0000000008004e28                WWDG_IRQHandler
                0x0000000008004e28                TIM1_BRK_IRQHandler
                0x0000000008004e28                EXTI1_IRQHandler
                0x0000000008004e28                USART2_IRQHandler
                0x0000000008004e28                I2C2_ER_IRQHandler
                0x0000000008004e28                DMA1_Channel2_IRQHandler
                0x0000000008004e28                CAN1_SCE_IRQHandler
                0x0000000008004e28                FLASH_IRQHandler
                0x0000000008004e28                I2C1_ER_IRQHandler
                0x0000000008004e28                USBWakeUp_IRQHandler
 *fill*         0x0000000008004e2a        0x2 
 .text.HAL_Init
                0x0000000008004e2c       0x2c Drivers/STM32F1xx_HAL_Driver/Src/stm32f1xx_hal.o
                0x0000000008004e2c                HAL_Init
 .text.HAL_InitTick
                0x0000000008004e58       0x60 Drivers/STM32F1xx_HAL_Driver/Src/stm32f1xx_hal.o
                0x0000000008004e58                HAL_InitTick
 .text.HAL_IncTick
                0x0000000008004eb8       0x24 Drivers/STM32F1xx_HAL_Driver/Src/stm32f1xx_hal.o
                0x0000000008004eb8                HAL_IncTick
 .text.HAL_GetTick
                0x0000000008004edc       0x14 Drivers/STM32F1xx_HAL_Driver/Src/stm32f1xx_hal.o
                0x0000000008004edc                HAL_GetTick
 .text.HAL_Delay
                0x0000000008004ef0       0x48 Drivers/STM32F1xx_HAL_Driver/Src/stm32f1xx_hal.o
                0x0000000008004ef0                HAL_Delay
 .text.__NVIC_SetPriorityGrouping
                0x0000000008004f38       0x48 Drivers/STM32F1xx_HAL_Driver/Src/stm32f1xx_hal_cortex.o
 .text.__NVIC_GetPriorityGrouping
                0x0000000008004f80       0x1c Drivers/STM32F1xx_HAL_Driver/Src/stm32f1xx_hal_cortex.o
 .text.__NVIC_EnableIRQ
                0x0000000008004f9c       0x38 Drivers/STM32F1xx_HAL_Driver/Src/stm32f1xx_hal_cortex.o
 .text.__NVIC_SetPriority
                0x0000000008004fd4       0x54 Drivers/STM32F1xx_HAL_Driver/Src/stm32f1xx_hal_cortex.o
 .text.NVIC_EncodePriority
                0x0000000008005028       0x64 Drivers/STM32F1xx_HAL_Driver/Src/stm32f1xx_hal_cortex.o
 .text.SysTick_Config
                0x000000000800508c       0x44 Drivers/STM32F1xx_HAL_Driver/Src/stm32f1xx_hal_cortex.o
 .text.HAL_NVIC_SetPriorityGrouping
                0x00000000080050d0       0x16 Drivers/STM32F1xx_HAL_Driver/Src/stm32f1xx_hal_cortex.o
                0x00000000080050d0                HAL_NVIC_SetPriorityGrouping
 .text.HAL_NVIC_SetPriority
                0x00000000080050e6       0x38 Drivers/STM32F1xx_HAL_Driver/Src/stm32f1xx_hal_cortex.o
                0x00000000080050e6                HAL_NVIC_SetPriority
 .text.HAL_NVIC_EnableIRQ
                0x000000000800511e       0x1c Drivers/STM32F1xx_HAL_Driver/Src/stm32f1xx_hal_cortex.o
                0x000000000800511e                HAL_NVIC_EnableIRQ
 .text.HAL_SYSTICK_Config
                0x000000000800513a       0x18 Drivers/STM32F1xx_HAL_Driver/Src/stm32f1xx_hal_cortex.o
                0x000000000800513a                HAL_SYSTICK_Config
 .text.HAL_DMA_Abort
                0x0000000008005152       0x74 Drivers/STM32F1xx_HAL_Driver/Src/stm32f1xx_hal_dma.o
                0x0000000008005152                HAL_DMA_Abort
 *fill*         0x00000000080051c6        0x2 
 .text.HAL_DMA_Abort_IT
                0x00000000080051c8       0xec Drivers/STM32F1xx_HAL_Driver/Src/stm32f1xx_hal_dma.o
                0x00000000080051c8                HAL_DMA_Abort_IT
 .text.HAL_GPIO_Init
                0x00000000080052b4      0x308 Drivers/STM32F1xx_HAL_Driver/Src/stm32f1xx_hal_gpio.o
                0x00000000080052b4                HAL_GPIO_Init
 .text.HAL_GPIO_DeInit
                0x00000000080055bc      0x178 Drivers/STM32F1xx_HAL_Driver/Src/stm32f1xx_hal_gpio.o
                0x00000000080055bc                HAL_GPIO_DeInit
 .text.HAL_GPIO_ReadPin
                0x0000000008005734       0x2e Drivers/STM32F1xx_HAL_Driver/Src/stm32f1xx_hal_gpio.o
                0x0000000008005734                HAL_GPIO_ReadPin
 .text.HAL_GPIO_WritePin
                0x0000000008005762       0x30 Drivers/STM32F1xx_HAL_Driver/Src/stm32f1xx_hal_gpio.o
                0x0000000008005762                HAL_GPIO_WritePin
 .text.HAL_GPIO_TogglePin
                0x0000000008005792       0x32 Drivers/STM32F1xx_HAL_Driver/Src/stm32f1xx_hal_gpio.o
                0x0000000008005792                HAL_GPIO_TogglePin
 .text.HAL_GPIO_EXTI_IRQHandler
                0x00000000080057c4       0x30 Drivers/STM32F1xx_HAL_Driver/Src/stm32f1xx_hal_gpio.o
                0x00000000080057c4                HAL_GPIO_EXTI_IRQHandler
 .text.HAL_I2C_Init
                0x00000000080057f4      0x288 Drivers/STM32F1xx_HAL_Driver/Src/stm32f1xx_hal_i2c.o
                0x00000000080057f4                HAL_I2C_Init
 .text.HAL_I2C_Mem_Write
                0x0000000008005a7c      0x1f4 Drivers/STM32F1xx_HAL_Driver/Src/stm32f1xx_hal_i2c.o
                0x0000000008005a7c                HAL_I2C_Mem_Write
 .text.I2C_RequestMemoryWrite
                0x0000000008005c70      0x12c Drivers/STM32F1xx_HAL_Driver/Src/stm32f1xx_hal_i2c.o
 .text.I2C_WaitOnFlagUntilTimeout
                0x0000000008005d9c       0xae Drivers/STM32F1xx_HAL_Driver/Src/stm32f1xx_hal_i2c.o
 .text.I2C_WaitOnMasterAddressFlagUntilTimeout
                0x0000000008005e4a       0xfe Drivers/STM32F1xx_HAL_Driver/Src/stm32f1xx_hal_i2c.o
 .text.I2C_WaitOnTXEFlagUntilTimeout
                0x0000000008005f48       0x82 Drivers/STM32F1xx_HAL_Driver/Src/stm32f1xx_hal_i2c.o
 .text.I2C_WaitOnBTFFlagUntilTimeout
                0x0000000008005fca       0x82 Drivers/STM32F1xx_HAL_Driver/Src/stm32f1xx_hal_i2c.o
 .text.I2C_IsAcknowledgeFailed
                0x000000000800604c       0x5c Drivers/STM32F1xx_HAL_Driver/Src/stm32f1xx_hal_i2c.o
 .text.HAL_RCC_OscConfig
                0x00000000080060a8      0x500 Drivers/STM32F1xx_HAL_Driver/Src/stm32f1xx_hal_rcc.o
                0x00000000080060a8                HAL_RCC_OscConfig
 .text.HAL_RCC_ClockConfig
                0x00000000080065a8      0x1d4 Drivers/STM32F1xx_HAL_Driver/Src/stm32f1xx_hal_rcc.o
                0x00000000080065a8                HAL_RCC_ClockConfig
 .text.HAL_RCC_GetSysClockFreq
                0x000000000800677c       0xc0 Drivers/STM32F1xx_HAL_Driver/Src/stm32f1xx_hal_rcc.o
                0x000000000800677c                HAL_RCC_GetSysClockFreq
 .text.HAL_RCC_GetHCLKFreq
                0x000000000800683c       0x14 Drivers/STM32F1xx_HAL_Driver/Src/stm32f1xx_hal_rcc.o
                0x000000000800683c                HAL_RCC_GetHCLKFreq
 .text.HAL_RCC_GetPCLK1Freq
                0x0000000008006850       0x28 Drivers/STM32F1xx_HAL_Driver/Src/stm32f1xx_hal_rcc.o
                0x0000000008006850                HAL_RCC_GetPCLK1Freq
 .text.HAL_RCC_GetPCLK2Freq
                0x0000000008006878       0x28 Drivers/STM32F1xx_HAL_Driver/Src/stm32f1xx_hal_rcc.o
                0x0000000008006878                HAL_RCC_GetPCLK2Freq
 .text.RCC_Delay
                0x00000000080068a0       0x3c Drivers/STM32F1xx_HAL_Driver/Src/stm32f1xx_hal_rcc.o
 .text.HAL_SPI_Init
                0x00000000080068dc      0x108 Drivers/STM32F1xx_HAL_Driver/Src/stm32f1xx_hal_spi.o
                0x00000000080068dc                HAL_SPI_Init
 .text.HAL_SPI_Transmit
                0x00000000080069e4      0x278 Drivers/STM32F1xx_HAL_Driver/Src/stm32f1xx_hal_spi.o
                0x00000000080069e4                HAL_SPI_Transmit
 .text.HAL_SPI_Receive
                0x0000000008006c5c      0x222 Drivers/STM32F1xx_HAL_Driver/Src/stm32f1xx_hal_spi.o
                0x0000000008006c5c                HAL_SPI_Receive
 .text.HAL_SPI_TransmitReceive
                0x0000000008006e7e      0x344 Drivers/STM32F1xx_HAL_Driver/Src/stm32f1xx_hal_spi.o
                0x0000000008006e7e                HAL_SPI_TransmitReceive
 *fill*         0x00000000080071c2        0x2 
 .text.SPI_WaitFlagStateUntilTimeout
                0x00000000080071c4      0x110 Drivers/STM32F1xx_HAL_Driver/Src/stm32f1xx_hal_spi.o
 .text.SPI_EndRxTransaction
                0x00000000080072d4       0xa4 Drivers/STM32F1xx_HAL_Driver/Src/stm32f1xx_hal_spi.o
 .text.SPI_EndRxTxTransaction
                0x0000000008007378       0x3c Drivers/STM32F1xx_HAL_Driver/Src/stm32f1xx_hal_spi.o
 .text.HAL_TIM_Base_Init
                0x00000000080073b4       0x9e Drivers/STM32F1xx_HAL_Driver/Src/stm32f1xx_hal_tim.o
                0x00000000080073b4                HAL_TIM_Base_Init
 *fill*         0x0000000008007452        0x2 
 .text.HAL_TIM_Base_Start_IT
                0x0000000008007454       0xa4 Drivers/STM32F1xx_HAL_Driver/Src/stm32f1xx_hal_tim.o
                0x0000000008007454                HAL_TIM_Base_Start_IT
 .text.HAL_TIM_Base_Stop_IT
                0x00000000080074f8       0x5c Drivers/STM32F1xx_HAL_Driver/Src/stm32f1xx_hal_tim.o
                0x00000000080074f8                HAL_TIM_Base_Stop_IT
 .text.HAL_TIM_IRQHandler
                0x0000000008007554      0x210 Drivers/STM32F1xx_HAL_Driver/Src/stm32f1xx_hal_tim.o
                0x0000000008007554                HAL_TIM_IRQHandler
 .text.HAL_TIM_ConfigClockSource
                0x0000000008007764      0x188 Drivers/STM32F1xx_HAL_Driver/Src/stm32f1xx_hal_tim.o
                0x0000000008007764                HAL_TIM_ConfigClockSource
 .text.HAL_TIM_PeriodElapsedCallback
                0x00000000080078ec       0x12 Drivers/STM32F1xx_HAL_Driver/Src/stm32f1xx_hal_tim.o
                0x00000000080078ec                HAL_TIM_PeriodElapsedCallback
 .text.HAL_TIM_OC_DelayElapsedCallback
                0x00000000080078fe       0x12 Drivers/STM32F1xx_HAL_Driver/Src/stm32f1xx_hal_tim.o
                0x00000000080078fe                HAL_TIM_OC_DelayElapsedCallback
 .text.HAL_TIM_IC_CaptureCallback
                0x0000000008007910       0x12 Drivers/STM32F1xx_HAL_Driver/Src/stm32f1xx_hal_tim.o
                0x0000000008007910                HAL_TIM_IC_CaptureCallback
 .text.HAL_TIM_PWM_PulseFinishedCallback
                0x0000000008007922       0x12 Drivers/STM32F1xx_HAL_Driver/Src/stm32f1xx_hal_tim.o
                0x0000000008007922                HAL_TIM_PWM_PulseFinishedCallback
 .text.HAL_TIM_TriggerCallback
                0x0000000008007934       0x12 Drivers/STM32F1xx_HAL_Driver/Src/stm32f1xx_hal_tim.o
                0x0000000008007934                HAL_TIM_TriggerCallback
 *fill*         0x0000000008007946        0x2 
 .text.TIM_Base_SetConfig
                0x0000000008007948       0xc4 Drivers/STM32F1xx_HAL_Driver/Src/stm32f1xx_hal_tim.o
                0x0000000008007948                TIM_Base_SetConfig
 .text.TIM_TI1_ConfigInputStage
                0x0000000008007a0c       0x5c Drivers/STM32F1xx_HAL_Driver/Src/stm32f1xx_hal_tim.o
 .text.TIM_TI2_ConfigInputStage
                0x0000000008007a68       0x5e Drivers/STM32F1xx_HAL_Driver/Src/stm32f1xx_hal_tim.o
 .text.TIM_ITRx_SetConfig
                0x0000000008007ac6       0x34 Drivers/STM32F1xx_HAL_Driver/Src/stm32f1xx_hal_tim.o
 .text.TIM_ETR_SetConfig
                0x0000000008007afa       0x3e Drivers/STM32F1xx_HAL_Driver/Src/stm32f1xx_hal_tim.o
                0x0000000008007afa                TIM_ETR_SetConfig
 .text.HAL_TIMEx_MasterConfigSynchronization
                0x0000000008007b38       0xbc Drivers/STM32F1xx_HAL_Driver/Src/stm32f1xx_hal_tim_ex.o
                0x0000000008007b38                HAL_TIMEx_MasterConfigSynchronization
 .text.HAL_TIMEx_CommutCallback
                0x0000000008007bf4       0x12 Drivers/STM32F1xx_HAL_Driver/Src/stm32f1xx_hal_tim_ex.o
                0x0000000008007bf4                HAL_TIMEx_CommutCallback
 .text.HAL_TIMEx_BreakCallback
                0x0000000008007c06       0x12 Drivers/STM32F1xx_HAL_Driver/Src/stm32f1xx_hal_tim_ex.o
                0x0000000008007c06                HAL_TIMEx_BreakCallback
 .text.HAL_UART_Init
                0x0000000008007c18       0x9a Drivers/STM32F1xx_HAL_Driver/Src/stm32f1xx_hal_uart.o
                0x0000000008007c18                HAL_UART_Init
 .text.HAL_UART_Transmit_IT
                0x0000000008007cb2       0x88 Drivers/STM32F1xx_HAL_Driver/Src/stm32f1xx_hal_uart.o
                0x0000000008007cb2                HAL_UART_Transmit_IT
 .text.HAL_UART_Receive_IT
                0x0000000008007d3a       0x60 Drivers/STM32F1xx_HAL_Driver/Src/stm32f1xx_hal_uart.o
                0x0000000008007d3a                HAL_UART_Receive_IT
 *fill*         0x0000000008007d9a        0x2 
 .text.HAL_UART_IRQHandler
                0x0000000008007d9c      0x354 Drivers/STM32F1xx_HAL_Driver/Src/stm32f1xx_hal_uart.o
                0x0000000008007d9c                HAL_UART_IRQHandler
 .text.HAL_UART_TxCpltCallback
                0x00000000080080f0       0x12 Drivers/STM32F1xx_HAL_Driver/Src/stm32f1xx_hal_uart.o
                0x00000000080080f0                HAL_UART_TxCpltCallback
 .text.HAL_UART_ErrorCallback
                0x0000000008008102       0x12 Drivers/STM32F1xx_HAL_Driver/Src/stm32f1xx_hal_uart.o
                0x0000000008008102                HAL_UART_ErrorCallback
 .text.HAL_UARTEx_RxEventCallback
                0x0000000008008114       0x16 Drivers/STM32F1xx_HAL_Driver/Src/stm32f1xx_hal_uart.o
                0x0000000008008114                HAL_UARTEx_RxEventCallback
 .text.UART_Start_Receive_IT
                0x000000000800812a       0x72 Drivers/STM32F1xx_HAL_Driver/Src/stm32f1xx_hal_uart.o
                0x000000000800812a                UART_Start_Receive_IT
 .text.UART_EndRxTransfer
                0x000000000800819c       0x58 Drivers/STM32F1xx_HAL_Driver/Src/stm32f1xx_hal_uart.o
 .text.UART_DMAAbortOnError
                0x00000000080081f4       0x28 Drivers/STM32F1xx_HAL_Driver/Src/stm32f1xx_hal_uart.o
 .text.UART_Transmit_IT
                0x000000000800821c       0x9e Drivers/STM32F1xx_HAL_Driver/Src/stm32f1xx_hal_uart.o
 .text.UART_EndTransmit_IT
                0x00000000080082ba       0x30 Drivers/STM32F1xx_HAL_Driver/Src/stm32f1xx_hal_uart.o
 .text.UART_Receive_IT
                0x00000000080082ea      0x152 Drivers/STM32F1xx_HAL_Driver/Src/stm32f1xx_hal_uart.o
 .text.UART_SetConfig
                0x000000000800843c      0x11c Drivers/STM32F1xx_HAL_Driver/Src/stm32f1xx_hal_uart.o
 .text.__errno  0x0000000008008558        0xc /home/odemki/Programs/programs/STM32IDE/1/en.en-st-stm32cubeide_1-5-0_8698_20201117_1050_amd64_sh/makeself_dir_5QpOGP/y/plugins/com.st.stm32cube.ide.mcu.externaltools.gnu-tools-for-stm32.9-2020-q2-update.linux64_1.5.0.202011040924/tools/bin/../lib/gcc/arm-none-eabi/9.3.1/../../../../arm-none-eabi/lib/thumb/v7-m/nofp/libc_nano.a(lib_a-errno.o)
                0x0000000008008558                __errno
 .text.__libc_init_array
                0x0000000008008564       0x48 /home/odemki/Programs/programs/STM32IDE/1/en.en-st-stm32cubeide_1-5-0_8698_20201117_1050_amd64_sh/makeself_dir_5QpOGP/y/plugins/com.st.stm32cube.ide.mcu.externaltools.gnu-tools-for-stm32.9-2020-q2-update.linux64_1.5.0.202011040924/tools/bin/../lib/gcc/arm-none-eabi/9.3.1/../../../../arm-none-eabi/lib/thumb/v7-m/nofp/libc_nano.a(lib_a-init.o)
                0x0000000008008564                __libc_init_array
 .text.__itoa   0x00000000080085ac       0x30 /home/odemki/Programs/programs/STM32IDE/1/en.en-st-stm32cubeide_1-5-0_8698_20201117_1050_amd64_sh/makeself_dir_5QpOGP/y/plugins/com.st.stm32cube.ide.mcu.externaltools.gnu-tools-for-stm32.9-2020-q2-update.linux64_1.5.0.202011040924/tools/bin/../lib/gcc/arm-none-eabi/9.3.1/../../../../arm-none-eabi/lib/thumb/v7-m/nofp/libc_nano.a(lib_a-itoa.o)
                0x00000000080085ac                __itoa
 .text.itoa     0x00000000080085dc        0x4 /home/odemki/Programs/programs/STM32IDE/1/en.en-st-stm32cubeide_1-5-0_8698_20201117_1050_amd64_sh/makeself_dir_5QpOGP/y/plugins/com.st.stm32cube.ide.mcu.externaltools.gnu-tools-for-stm32.9-2020-q2-update.linux64_1.5.0.202011040924/tools/bin/../lib/gcc/arm-none-eabi/9.3.1/../../../../arm-none-eabi/lib/thumb/v7-m/nofp/libc_nano.a(lib_a-itoa.o)
                0x00000000080085dc                itoa
 .text.memcpy   0x00000000080085e0       0x1c /home/odemki/Programs/programs/STM32IDE/1/en.en-st-stm32cubeide_1-5-0_8698_20201117_1050_amd64_sh/makeself_dir_5QpOGP/y/plugins/com.st.stm32cube.ide.mcu.externaltools.gnu-tools-for-stm32.9-2020-q2-update.linux64_1.5.0.202011040924/tools/bin/../lib/gcc/arm-none-eabi/9.3.1/../../../../arm-none-eabi/lib/thumb/v7-m/nofp/libc_nano.a(lib_a-memcpy-stub.o)
                0x00000000080085e0                memcpy
 .text.memset   0x00000000080085fc       0x10 /home/odemki/Programs/programs/STM32IDE/1/en.en-st-stm32cubeide_1-5-0_8698_20201117_1050_amd64_sh/makeself_dir_5QpOGP/y/plugins/com.st.stm32cube.ide.mcu.externaltools.gnu-tools-for-stm32.9-2020-q2-update.linux64_1.5.0.202011040924/tools/bin/../lib/gcc/arm-none-eabi/9.3.1/../../../../arm-none-eabi/lib/thumb/v7-m/nofp/libc_nano.a(lib_a-memset.o)
                0x00000000080085fc                memset
 .text._free_r  0x000000000800860c       0x98 /home/odemki/Programs/programs/STM32IDE/1/en.en-st-stm32cubeide_1-5-0_8698_20201117_1050_amd64_sh/makeself_dir_5QpOGP/y/plugins/com.st.stm32cube.ide.mcu.externaltools.gnu-tools-for-stm32.9-2020-q2-update.linux64_1.5.0.202011040924/tools/bin/../lib/gcc/arm-none-eabi/9.3.1/../../../../arm-none-eabi/lib/thumb/v7-m/nofp/libc_nano.a(lib_a-nano-freer.o)
                0x000000000800860c                _free_r
 .text._malloc_r
                0x00000000080086a4       0xb4 /home/odemki/Programs/programs/STM32IDE/1/en.en-st-stm32cubeide_1-5-0_8698_20201117_1050_amd64_sh/makeself_dir_5QpOGP/y/plugins/com.st.stm32cube.ide.mcu.externaltools.gnu-tools-for-stm32.9-2020-q2-update.linux64_1.5.0.202011040924/tools/bin/../lib/gcc/arm-none-eabi/9.3.1/../../../../arm-none-eabi/lib/thumb/v7-m/nofp/libc_nano.a(lib_a-nano-mallocr.o)
                0x00000000080086a4                _malloc_r
 .text._sbrk_r  0x0000000008008758       0x20 /home/odemki/Programs/programs/STM32IDE/1/en.en-st-stm32cubeide_1-5-0_8698_20201117_1050_amd64_sh/makeself_dir_5QpOGP/y/plugins/com.st.stm32cube.ide.mcu.externaltools.gnu-tools-for-stm32.9-2020-q2-update.linux64_1.5.0.202011040924/tools/bin/../lib/gcc/arm-none-eabi/9.3.1/../../../../arm-none-eabi/lib/thumb/v7-m/nofp/libc_nano.a(lib_a-sbrkr.o)
                0x0000000008008758                _sbrk_r
 .text.sprintf  0x0000000008008778       0x40 /home/odemki/Programs/programs/STM32IDE/1/en.en-st-stm32cubeide_1-5-0_8698_20201117_1050_amd64_sh/makeself_dir_5QpOGP/y/plugins/com.st.stm32cube.ide.mcu.externaltools.gnu-tools-for-stm32.9-2020-q2-update.linux64_1.5.0.202011040924/tools/bin/../lib/gcc/arm-none-eabi/9.3.1/../../../../arm-none-eabi/lib/thumb/v7-m/nofp/libc_nano.a(lib_a-sprintf.o)
                0x0000000008008778                sprintf
                0x0000000008008778                siprintf
 .text.strcat   0x00000000080087b8       0x1e /home/odemki/Programs/programs/STM32IDE/1/en.en-st-stm32cubeide_1-5-0_8698_20201117_1050_amd64_sh/makeself_dir_5QpOGP/y/plugins/com.st.stm32cube.ide.mcu.externaltools.gnu-tools-for-stm32.9-2020-q2-update.linux64_1.5.0.202011040924/tools/bin/../lib/gcc/arm-none-eabi/9.3.1/../../../../arm-none-eabi/lib/thumb/v7-m/nofp/libc_nano.a(lib_a-strcat.o)
                0x00000000080087b8                strcat
 .text.strncpy  0x00000000080087d6       0x26 /home/odemki/Programs/programs/STM32IDE/1/en.en-st-stm32cubeide_1-5-0_8698_20201117_1050_amd64_sh/makeself_dir_5QpOGP/y/plugins/com.st.stm32cube.ide.mcu.externaltools.gnu-tools-for-stm32.9-2020-q2-update.linux64_1.5.0.202011040924/tools/bin/../lib/gcc/arm-none-eabi/9.3.1/../../../../arm-none-eabi/lib/thumb/v7-m/nofp/libc_nano.a(lib_a-strncpy.o)
                0x00000000080087d6                strncpy
 .text.__utoa   0x00000000080087fc       0x84 /home/odemki/Programs/programs/STM32IDE/1/en.en-st-stm32cubeide_1-5-0_8698_20201117_1050_amd64_sh/makeself_dir_5QpOGP/y/plugins/com.st.stm32cube.ide.mcu.externaltools.gnu-tools-for-stm32.9-2020-q2-update.linux64_1.5.0.202011040924/tools/bin/../lib/gcc/arm-none-eabi/9.3.1/../../../../arm-none-eabi/lib/thumb/v7-m/nofp/libc_nano.a(lib_a-utoa.o)
                0x00000000080087fc                __utoa
 .text.__malloc_lock
                0x0000000008008880        0xc /home/odemki/Programs/programs/STM32IDE/1/en.en-st-stm32cubeide_1-5-0_8698_20201117_1050_amd64_sh/makeself_dir_5QpOGP/y/plugins/com.st.stm32cube.ide.mcu.externaltools.gnu-tools-for-stm32.9-2020-q2-update.linux64_1.5.0.202011040924/tools/bin/../lib/gcc/arm-none-eabi/9.3.1/../../../../arm-none-eabi/lib/thumb/v7-m/nofp/libc_nano.a(lib_a-mlock.o)
                0x0000000008008880                __malloc_lock
 .text.__malloc_unlock
                0x000000000800888c        0xc /home/odemki/Programs/programs/STM32IDE/1/en.en-st-stm32cubeide_1-5-0_8698_20201117_1050_amd64_sh/makeself_dir_5QpOGP/y/plugins/com.st.stm32cube.ide.mcu.externaltools.gnu-tools-for-stm32.9-2020-q2-update.linux64_1.5.0.202011040924/tools/bin/../lib/gcc/arm-none-eabi/9.3.1/../../../../arm-none-eabi/lib/thumb/v7-m/nofp/libc_nano.a(lib_a-mlock.o)
                0x000000000800888c                __malloc_unlock
 .text.__ssputs_r
                0x0000000008008898       0xb6 /home/odemki/Programs/programs/STM32IDE/1/en.en-st-stm32cubeide_1-5-0_8698_20201117_1050_amd64_sh/makeself_dir_5QpOGP/y/plugins/com.st.stm32cube.ide.mcu.externaltools.gnu-tools-for-stm32.9-2020-q2-update.linux64_1.5.0.202011040924/tools/bin/../lib/gcc/arm-none-eabi/9.3.1/../../../../arm-none-eabi/lib/thumb/v7-m/nofp/libc_nano.a(lib_a-nano-svfprintf.o)
                0x0000000008008898                __ssputs_r
 *fill*         0x000000000800894e        0x2 
 .text._svfprintf_r
                0x0000000008008950      0x200 /home/odemki/Programs/programs/STM32IDE/1/en.en-st-stm32cubeide_1-5-0_8698_20201117_1050_amd64_sh/makeself_dir_5QpOGP/y/plugins/com.st.stm32cube.ide.mcu.externaltools.gnu-tools-for-stm32.9-2020-q2-update.linux64_1.5.0.202011040924/tools/bin/../lib/gcc/arm-none-eabi/9.3.1/../../../../arm-none-eabi/lib/thumb/v7-m/nofp/libc_nano.a(lib_a-nano-svfprintf.o)
                0x0000000008008950                _svfprintf_r
                0x0000000008008950                _svfiprintf_r
 .text._printf_common
                0x0000000008008b50       0xde /home/odemki/Programs/programs/STM32IDE/1/en.en-st-stm32cubeide_1-5-0_8698_20201117_1050_amd64_sh/makeself_dir_5QpOGP/y/plugins/com.st.stm32cube.ide.mcu.externaltools.gnu-tools-for-stm32.9-2020-q2-update.linux64_1.5.0.202011040924/tools/bin/../lib/gcc/arm-none-eabi/9.3.1/../../../../arm-none-eabi/lib/thumb/v7-m/nofp/libc_nano.a(lib_a-nano-vfprintf_i.o)
                0x0000000008008b50                _printf_common
 *fill*         0x0000000008008c2e        0x2 
 .text._printf_i
                0x0000000008008c30      0x24c /home/odemki/Programs/programs/STM32IDE/1/en.en-st-stm32cubeide_1-5-0_8698_20201117_1050_amd64_sh/makeself_dir_5QpOGP/y/plugins/com.st.stm32cube.ide.mcu.externaltools.gnu-tools-for-stm32.9-2020-q2-update.linux64_1.5.0.202011040924/tools/bin/../lib/gcc/arm-none-eabi/9.3.1/../../../../arm-none-eabi/lib/thumb/v7-m/nofp/libc_nano.a(lib_a-nano-vfprintf_i.o)
                0x0000000008008c30                _printf_i
 .text.__retarget_lock_acquire_recursive
                0x0000000008008e7c        0x2 /home/odemki/Programs/programs/STM32IDE/1/en.en-st-stm32cubeide_1-5-0_8698_20201117_1050_amd64_sh/makeself_dir_5QpOGP/y/plugins/com.st.stm32cube.ide.mcu.externaltools.gnu-tools-for-stm32.9-2020-q2-update.linux64_1.5.0.202011040924/tools/bin/../lib/gcc/arm-none-eabi/9.3.1/../../../../arm-none-eabi/lib/thumb/v7-m/nofp/libc_nano.a(lib_a-lock.o)
                0x0000000008008e7c                __retarget_lock_acquire_recursive
 .text.__retarget_lock_release_recursive
                0x0000000008008e7e        0x2 /home/odemki/Programs/programs/STM32IDE/1/en.en-st-stm32cubeide_1-5-0_8698_20201117_1050_amd64_sh/makeself_dir_5QpOGP/y/plugins/com.st.stm32cube.ide.mcu.externaltools.gnu-tools-for-stm32.9-2020-q2-update.linux64_1.5.0.202011040924/tools/bin/../lib/gcc/arm-none-eabi/9.3.1/../../../../arm-none-eabi/lib/thumb/v7-m/nofp/libc_nano.a(lib_a-lock.o)
                0x0000000008008e7e                __retarget_lock_release_recursive
 .text.memchr   0x0000000008008e80       0x1c /home/odemki/Programs/programs/STM32IDE/1/en.en-st-stm32cubeide_1-5-0_8698_20201117_1050_amd64_sh/makeself_dir_5QpOGP/y/plugins/com.st.stm32cube.ide.mcu.externaltools.gnu-tools-for-stm32.9-2020-q2-update.linux64_1.5.0.202011040924/tools/bin/../lib/gcc/arm-none-eabi/9.3.1/../../../../arm-none-eabi/lib/thumb/v7-m/nofp/libc_nano.a(lib_a-memchr-stub.o)
                0x0000000008008e80                memchr
 .text.memmove  0x0000000008008e9c       0x34 /home/odemki/Programs/programs/STM32IDE/1/en.en-st-stm32cubeide_1-5-0_8698_20201117_1050_amd64_sh/makeself_dir_5QpOGP/y/plugins/com.st.stm32cube.ide.mcu.externaltools.gnu-tools-for-stm32.9-2020-q2-update.linux64_1.5.0.202011040924/tools/bin/../lib/gcc/arm-none-eabi/9.3.1/../../../../arm-none-eabi/lib/thumb/v7-m/nofp/libc_nano.a(lib_a-memmove.o)
                0x0000000008008e9c                memmove
 .text._realloc_r
                0x0000000008008ed0       0x4c /home/odemki/Programs/programs/STM32IDE/1/en.en-st-stm32cubeide_1-5-0_8698_20201117_1050_amd64_sh/makeself_dir_5QpOGP/y/plugins/com.st.stm32cube.ide.mcu.externaltools.gnu-tools-for-stm32.9-2020-q2-update.linux64_1.5.0.202011040924/tools/bin/../lib/gcc/arm-none-eabi/9.3.1/../../../../arm-none-eabi/lib/thumb/v7-m/nofp/libc_nano.a(lib_a-nano-reallocr.o)
                0x0000000008008ed0                _realloc_r
 .text._malloc_usable_size_r
                0x0000000008008f1c       0x10 /home/odemki/Programs/programs/STM32IDE/1/en.en-st-stm32cubeide_1-5-0_8698_20201117_1050_amd64_sh/makeself_dir_5QpOGP/y/plugins/com.st.stm32cube.ide.mcu.externaltools.gnu-tools-for-stm32.9-2020-q2-update.linux64_1.5.0.202011040924/tools/bin/../lib/gcc/arm-none-eabi/9.3.1/../../../../arm-none-eabi/lib/thumb/v7-m/nofp/libc_nano.a(lib_a-nano-msizer.o)
                0x0000000008008f1c                _malloc_usable_size_r
 *(.glue_7)
 .glue_7        0x0000000008008f2c        0x0 linker stubs
 *(.glue_7t)
 .glue_7t       0x0000000008008f2c        0x0 linker stubs
 *(.eh_frame)
 .eh_frame      0x0000000008008f2c        0x0 /home/odemki/Programs/programs/STM32IDE/1/en.en-st-stm32cubeide_1-5-0_8698_20201117_1050_amd64_sh/makeself_dir_5QpOGP/y/plugins/com.st.stm32cube.ide.mcu.externaltools.gnu-tools-for-stm32.9-2020-q2-update.linux64_1.5.0.202011040924/tools/bin/../lib/gcc/arm-none-eabi/9.3.1/thumb/v7-m/nofp/crtbegin.o
 *(.init)
 .init          0x0000000008008f2c        0x4 /home/odemki/Programs/programs/STM32IDE/1/en.en-st-stm32cubeide_1-5-0_8698_20201117_1050_amd64_sh/makeself_dir_5QpOGP/y/plugins/com.st.stm32cube.ide.mcu.externaltools.gnu-tools-for-stm32.9-2020-q2-update.linux64_1.5.0.202011040924/tools/bin/../lib/gcc/arm-none-eabi/9.3.1/thumb/v7-m/nofp/crti.o
                0x0000000008008f2c                _init
 .init          0x0000000008008f30        0x8 /home/odemki/Programs/programs/STM32IDE/1/en.en-st-stm32cubeide_1-5-0_8698_20201117_1050_amd64_sh/makeself_dir_5QpOGP/y/plugins/com.st.stm32cube.ide.mcu.externaltools.gnu-tools-for-stm32.9-2020-q2-update.linux64_1.5.0.202011040924/tools/bin/../lib/gcc/arm-none-eabi/9.3.1/thumb/v7-m/nofp/crtn.o
 *(.fini)
 .fini          0x0000000008008f38        0x4 /home/odemki/Programs/programs/STM32IDE/1/en.en-st-stm32cubeide_1-5-0_8698_20201117_1050_amd64_sh/makeself_dir_5QpOGP/y/plugins/com.st.stm32cube.ide.mcu.externaltools.gnu-tools-for-stm32.9-2020-q2-update.linux64_1.5.0.202011040924/tools/bin/../lib/gcc/arm-none-eabi/9.3.1/thumb/v7-m/nofp/crti.o
                0x0000000008008f38                _fini
 .fini          0x0000000008008f3c        0x8 /home/odemki/Programs/programs/STM32IDE/1/en.en-st-stm32cubeide_1-5-0_8698_20201117_1050_amd64_sh/makeself_dir_5QpOGP/y/plugins/com.st.stm32cube.ide.mcu.externaltools.gnu-tools-for-stm32.9-2020-q2-update.linux64_1.5.0.202011040924/tools/bin/../lib/gcc/arm-none-eabi/9.3.1/thumb/v7-m/nofp/crtn.o
                0x0000000008008f44                . = ALIGN (0x4)
                0x0000000008008f44                _etext = .

.vfp11_veneer   0x0000000008008f44        0x0
 .vfp11_veneer  0x0000000008008f44        0x0 linker stubs

.v4_bx          0x0000000008008f44        0x0
 .v4_bx         0x0000000008008f44        0x0 linker stubs

.iplt           0x0000000008008f44        0x0
 .iplt          0x0000000008008f44        0x0 /home/odemki/Programs/programs/STM32IDE/1/en.en-st-stm32cubeide_1-5-0_8698_20201117_1050_amd64_sh/makeself_dir_5QpOGP/y/plugins/com.st.stm32cube.ide.mcu.externaltools.gnu-tools-for-stm32.9-2020-q2-update.linux64_1.5.0.202011040924/tools/bin/../lib/gcc/arm-none-eabi/9.3.1/thumb/v7-m/nofp/crtbegin.o

.rodata         0x0000000008008f44      0x9e4
                0x0000000008008f44                . = ALIGN (0x4)
 *(.rodata)
 .rodata        0x0000000008008f44       0x6a Core/Src/LoRa_E220_900T22D/e220_900t22d.o
 *fill*         0x0000000008008fae        0x2 
 .rodata        0x0000000008008fb0       0x53 Core/Src/NRF24L01/nrf24l01.o
 *fill*         0x0000000008009003        0x1 
 .rodata        0x0000000008009004      0x136 Core/Src/menu/menu.o
 *fill*         0x000000000800913a        0x2 
 .rodata        0x000000000800913c       0x10 Drivers/STM32F1xx_HAL_Driver/Src/stm32f1xx_hal_rcc.o
 *(.rodata*)
 .rodata.Font7x10
                0x000000000800914c      0x76c Core/Src/OLED/fonts.o
 .rodata.AHBPrescTable
                0x00000000080098b8       0x10 Core/Src/system_stm32f1xx.o
                0x00000000080098b8                AHBPrescTable
 .rodata.APBPrescTable
                0x00000000080098c8        0x8 Core/Src/system_stm32f1xx.o
                0x00000000080098c8                APBPrescTable
 .rodata.__utoa.str1.1
                0x00000000080098d0       0x25 /home/odemki/Programs/programs/STM32IDE/1/en.en-st-stm32cubeide_1-5-0_8698_20201117_1050_amd64_sh/makeself_dir_5QpOGP/y/plugins/com.st.stm32cube.ide.mcu.externaltools.gnu-tools-for-stm32.9-2020-q2-update.linux64_1.5.0.202011040924/tools/bin/../lib/gcc/arm-none-eabi/9.3.1/../../../../arm-none-eabi/lib/thumb/v7-m/nofp/libc_nano.a(lib_a-utoa.o)
 .rodata._svfprintf_r.str1.1
                0x00000000080098f5       0x11 /home/odemki/Programs/programs/STM32IDE/1/en.en-st-stm32cubeide_1-5-0_8698_20201117_1050_amd64_sh/makeself_dir_5QpOGP/y/plugins/com.st.stm32cube.ide.mcu.externaltools.gnu-tools-for-stm32.9-2020-q2-update.linux64_1.5.0.202011040924/tools/bin/../lib/gcc/arm-none-eabi/9.3.1/../../../../arm-none-eabi/lib/thumb/v7-m/nofp/libc_nano.a(lib_a-nano-svfprintf.o)
 .rodata._printf_i.str1.1
                0x0000000008009906       0x22 /home/odemki/Programs/programs/STM32IDE/1/en.en-st-stm32cubeide_1-5-0_8698_20201117_1050_amd64_sh/makeself_dir_5QpOGP/y/plugins/com.st.stm32cube.ide.mcu.externaltools.gnu-tools-for-stm32.9-2020-q2-update.linux64_1.5.0.202011040924/tools/bin/../lib/gcc/arm-none-eabi/9.3.1/../../../../arm-none-eabi/lib/thumb/v7-m/nofp/libc_nano.a(lib_a-nano-vfprintf_i.o)
                0x0000000008009928                . = ALIGN (0x4)

.rel.dyn        0x0000000008009928        0x0
 .rel.iplt      0x0000000008009928        0x0 /home/odemki/Programs/programs/STM32IDE/1/en.en-st-stm32cubeide_1-5-0_8698_20201117_1050_amd64_sh/makeself_dir_5QpOGP/y/plugins/com.st.stm32cube.ide.mcu.externaltools.gnu-tools-for-stm32.9-2020-q2-update.linux64_1.5.0.202011040924/tools/bin/../lib/gcc/arm-none-eabi/9.3.1/thumb/v7-m/nofp/crtbegin.o

.ARM.extab      0x0000000008009928        0x0
                0x0000000008009928                . = ALIGN (0x4)
 *(.ARM.extab* .gnu.linkonce.armextab.*)
                0x0000000008009928                . = ALIGN (0x4)

.ARM            0x0000000008009928        0x0
                0x0000000008009928                . = ALIGN (0x4)
                0x0000000008009928                __exidx_start = .
 *(.ARM.exidx*)
                0x0000000008009928                __exidx_end = .
                0x0000000008009928                . = ALIGN (0x4)

.preinit_array  0x0000000008009928        0x0
                0x0000000008009928                . = ALIGN (0x4)
                0x0000000008009928                PROVIDE (__preinit_array_start = .)
 *(.preinit_array*)
                0x0000000008009928                PROVIDE (__preinit_array_end = .)
                0x0000000008009928                . = ALIGN (0x4)

.init_array     0x0000000008009928        0x4
                0x0000000008009928                . = ALIGN (0x4)
                0x0000000008009928                PROVIDE (__init_array_start = .)
 *(SORT_BY_NAME(.init_array.*))
 *(.init_array*)
 .init_array    0x0000000008009928        0x4 /home/odemki/Programs/programs/STM32IDE/1/en.en-st-stm32cubeide_1-5-0_8698_20201117_1050_amd64_sh/makeself_dir_5QpOGP/y/plugins/com.st.stm32cube.ide.mcu.externaltools.gnu-tools-for-stm32.9-2020-q2-update.linux64_1.5.0.202011040924/tools/bin/../lib/gcc/arm-none-eabi/9.3.1/thumb/v7-m/nofp/crtbegin.o
                0x000000000800992c                PROVIDE (__init_array_end = .)
                0x000000000800992c                . = ALIGN (0x4)

.fini_array     0x000000000800992c        0x4
                0x000000000800992c                . = ALIGN (0x4)
                [!provide]                        PROVIDE (__fini_array_start = .)
 *(SORT_BY_NAME(.fini_array.*))
 *(.fini_array*)
 .fini_array    0x000000000800992c        0x4 /home/odemki/Programs/programs/STM32IDE/1/en.en-st-stm32cubeide_1-5-0_8698_20201117_1050_amd64_sh/makeself_dir_5QpOGP/y/plugins/com.st.stm32cube.ide.mcu.externaltools.gnu-tools-for-stm32.9-2020-q2-update.linux64_1.5.0.202011040924/tools/bin/../lib/gcc/arm-none-eabi/9.3.1/thumb/v7-m/nofp/crtbegin.o
                [!provide]                        PROVIDE (__fini_array_end = .)
                0x0000000008009930                . = ALIGN (0x4)
                0x0000000008009930                _sidata = LOADADDR (.data)

.data           0x0000000020000000       0xb4 load address 0x0000000008009930
                0x0000000020000000                . = ALIGN (0x4)
                0x0000000020000000                _sdata = .
 *(.data)
 *(.data*)
 .data.transmit_count
                0x0000000020000000        0x4 Core/Src/LoRa_E220_900T22D/e220_900t22d.o
                0x0000000020000000                transmit_count
 .data.flag_first_time.7027
                0x0000000020000004        0x1 Core/Src/LoRa_E220_900T22D/e220_900t22d.o
 .data.flag_first_time.7036
                0x0000000020000005        0x1 Core/Src/LoRa_E220_900T22D/e220_900t22d.o
 .data.flag_first_time.7046
                0x0000000020000006        0x1 Core/Src/LoRa_E220_900T22D/e220_900t22d.o
 .data.tx_mode  0x0000000020000007        0x1 Core/Src/NRF24L01/nrf24l01.o
                0x0000000020000007                tx_mode
 .data.tx_or_rx_mode
                0x0000000020000008        0x1 Core/Src/NRF24L01/nrf24l01.o
                0x0000000020000008                tx_or_rx_mode
 *fill*         0x0000000020000009        0x3 
 .data.TX_ADDRESS_0
                0x000000002000000c        0x3 Core/Src/NRF24L01/nrf24l01.o
                0x000000002000000c                TX_ADDRESS_0
 *fill*         0x000000002000000f        0x1 
 .data.TX_ADDRESS_1
                0x0000000020000010        0x3 Core/Src/NRF24L01/nrf24l01.o
                0x0000000020000010                TX_ADDRESS_1
 *fill*         0x0000000020000013        0x1 
 .data.TX_ADDRESS
                0x0000000020000014        0x3 Core/Src/NRF24L01/nrf24l01.o
                0x0000000020000014                TX_ADDRESS
 *fill*         0x0000000020000017        0x1 
 .data.i        0x0000000020000018        0x4 Core/Src/NRF24L01/nrf24l01.o
                0x0000000020000018                i
 .data.Font_7x10
                0x000000002000001c        0x8 Core/Src/OLED/fonts.o
                0x000000002000001c                Font_7x10
 .data.ready_to_work
                0x0000000020000024        0x1 Core/Src/am2302/am2302.o
                0x0000000020000024                ready_to_work
 .data.doesent_detected
                0x0000000020000025        0x1 Core/Src/stm32f1xx_it.o
                0x0000000020000025                doesent_detected
 .data.dalay_duration
                0x0000000020000026        0x1 Core/Src/stm32f1xx_it.o
                0x0000000020000026                dalay_duration
 *fill*         0x0000000020000027        0x1 
 .data.button_processed_status
                0x0000000020000028        0x4 Core/Src/stm32f1xx_it.o
                0x0000000020000028                button_processed_status
 .data.SystemCoreClock
                0x000000002000002c        0x4 Core/Src/system_stm32f1xx.o
                0x000000002000002c                SystemCoreClock
 .data.currentItem
                0x0000000020000030        0x4 Core/Src/menu/menu.o
                0x0000000020000030                currentItem
 .data.str_pointer
                0x0000000020000034        0x4 Core/Src/menu/menu.o
                0x0000000020000034                str_pointer
 .data.first_menu_row
                0x0000000020000038        0x2 Core/Src/menu/menu.o
                0x0000000020000038                first_menu_row
 .data.second_menu_row
                0x000000002000003a        0x2 Core/Src/menu/menu.o
                0x000000002000003a                second_menu_row
 .data.third_menu_row
                0x000000002000003c        0x2 Core/Src/menu/menu.o
                0x000000002000003c                third_menu_row
 .data.fourth_menu_row
                0x000000002000003e        0x2 Core/Src/menu/menu.o
                0x000000002000003e                fourth_menu_row
 .data.row_step
                0x0000000020000040        0x1 Core/Src/menu/menu.o
                0x0000000020000040                row_step
 *fill*         0x0000000020000041        0x1 
 .data.start_print_id_menu_x
                0x0000000020000042        0x2 Core/Src/menu/menu.o
                0x0000000020000042                start_print_id_menu_x
 .data.start_print_name_menu_x
                0x0000000020000044        0x2 Core/Src/menu/menu.o
                0x0000000020000044                start_print_name_menu_x
 *fill*         0x0000000020000046        0x2 
 .data.uwTickPrio
                0x0000000020000048        0x4 Drivers/STM32F1xx_HAL_Driver/Src/stm32f1xx_hal.o
                0x0000000020000048                uwTickPrio
 .data.uwTickFreq
                0x000000002000004c        0x1 Drivers/STM32F1xx_HAL_Driver/Src/stm32f1xx_hal.o
                0x000000002000004c                uwTickFreq
 *fill*         0x000000002000004d        0x3 
 .data._impure_ptr
                0x0000000020000050        0x4 /home/odemki/Programs/programs/STM32IDE/1/en.en-st-stm32cubeide_1-5-0_8698_20201117_1050_amd64_sh/makeself_dir_5QpOGP/y/plugins/com.st.stm32cube.ide.mcu.externaltools.gnu-tools-for-stm32.9-2020-q2-update.linux64_1.5.0.202011040924/tools/bin/../lib/gcc/arm-none-eabi/9.3.1/../../../../arm-none-eabi/lib/thumb/v7-m/nofp/libc_nano.a(lib_a-impure.o)
                0x0000000020000050                _impure_ptr
 .data.impure_data
                0x0000000020000054       0x60 /home/odemki/Programs/programs/STM32IDE/1/en.en-st-stm32cubeide_1-5-0_8698_20201117_1050_amd64_sh/makeself_dir_5QpOGP/y/plugins/com.st.stm32cube.ide.mcu.externaltools.gnu-tools-for-stm32.9-2020-q2-update.linux64_1.5.0.202011040924/tools/bin/../lib/gcc/arm-none-eabi/9.3.1/../../../../arm-none-eabi/lib/thumb/v7-m/nofp/libc_nano.a(lib_a-impure.o)
 *(.RamFunc)
 *(.RamFunc*)
                0x00000000200000b4                . = ALIGN (0x4)
                0x00000000200000b4                _edata = .

.igot.plt       0x00000000200000b4        0x0 load address 0x00000000080099e4
 .igot.plt      0x00000000200000b4        0x0 /home/odemki/Programs/programs/STM32IDE/1/en.en-st-stm32cubeide_1-5-0_8698_20201117_1050_amd64_sh/makeself_dir_5QpOGP/y/plugins/com.st.stm32cube.ide.mcu.externaltools.gnu-tools-for-stm32.9-2020-q2-update.linux64_1.5.0.202011040924/tools/bin/../lib/gcc/arm-none-eabi/9.3.1/thumb/v7-m/nofp/crtbegin.o
                0x00000000200000b4                . = ALIGN (0x4)

.bss            0x00000000200000b4      0x988 load address 0x00000000080099e4
                0x00000000200000b4                _sbss = .
                0x00000000200000b4                __bss_start__ = _sbss
 *(.bss)
 .bss           0x00000000200000b4       0x1c /home/odemki/Programs/programs/STM32IDE/1/en.en-st-stm32cubeide_1-5-0_8698_20201117_1050_amd64_sh/makeself_dir_5QpOGP/y/plugins/com.st.stm32cube.ide.mcu.externaltools.gnu-tools-for-stm32.9-2020-q2-update.linux64_1.5.0.202011040924/tools/bin/../lib/gcc/arm-none-eabi/9.3.1/thumb/v7-m/nofp/crtbegin.o
 *(.bss*)
 .bss.tx_lora_data
                0x00000000200000d0        0x4 Core/Src/LoRa_E220_900T22D/e220_900t22d.o
                0x00000000200000d0                tx_lora_data
 .bss.data.7042
                0x00000000200000d4        0xa Core/Src/LoRa_E220_900T22D/e220_900t22d.o
 *fill*         0x00000000200000de        0x2 
 .bss.data.7056
                0x00000000200000e0        0xa Core/Src/LoRa_E220_900T22D/e220_900t22d.o
 *fill*         0x00000000200000ea        0x2 
 .bss.data.7060
                0x00000000200000ec        0xa Core/Src/LoRa_E220_900T22D/e220_900t22d.o
 *fill*         0x00000000200000f6        0x2 
 .bss.data.7064
                0x00000000200000f8        0xa Core/Src/LoRa_E220_900T22D/e220_900t22d.o
 .bss.rx_mode   0x0000000020000102        0x1 Core/Src/NRF24L01/nrf24l01.o
                0x0000000020000102                rx_mode
 *fill*         0x0000000020000103        0x1 
 .bss.RX_BUF    0x0000000020000104        0xf Core/Src/NRF24L01/nrf24l01.o
                0x0000000020000104                RX_BUF
 .bss.rx_flag   0x0000000020000113        0x1 Core/Src/NRF24L01/nrf24l01.o
                0x0000000020000113                rx_flag
 .bss.config_array
                0x0000000020000114        0xf Core/Src/NRF24L01/nrf24l01.o
                0x0000000020000114                config_array
 *fill*         0x0000000020000123        0x1 
 .bss.buf1      0x0000000020000124       0x14 Core/Src/NRF24L01/nrf24l01.o
                0x0000000020000124                buf1
 .bss.pipe      0x0000000020000138        0x1 Core/Src/NRF24L01/nrf24l01.o
                0x0000000020000138                pipe
 *fill*         0x0000000020000139        0x3 
 .bss.retr_cnt_full
                0x000000002000013c        0x4 Core/Src/NRF24L01/nrf24l01.o
                0x000000002000013c                retr_cnt_full
 .bss.cnt_lost  0x0000000020000140        0x4 Core/Src/NRF24L01/nrf24l01.o
                0x0000000020000140                cnt_lost
 .bss.test_data
                0x0000000020000144        0x4 Core/Src/NRF24L01/nrf24l01.o
                0x0000000020000144                test_data
 .bss.dt.7125   0x0000000020000148        0x1 Core/Src/NRF24L01/nrf24l01.o
 .bss.retr_cnt.7124
                0x0000000020000149        0x1 Core/Src/NRF24L01/nrf24l01.o
 .bss.dt.7136   0x000000002000014a        0x1 Core/Src/NRF24L01/nrf24l01.o
 .bss.retr_cnt.7135
                0x000000002000014b        0x1 Core/Src/NRF24L01/nrf24l01.o
 .bss.SSD1306_Buffer
                0x000000002000014c      0x400 Core/Src/OLED/ssd1306.o
 .bss.SSD1306   0x000000002000054c        0x6 Core/Src/OLED/ssd1306.o
 .bss.error_state
                0x0000000020000552        0x1 Core/Src/am2302/am2302.o
                0x0000000020000552                error_state
 *fill*         0x0000000020000553        0x1 
 .bss.uart_rx_data
                0x0000000020000554       0x32 Core/Src/main.o
                0x0000000020000554                uart_rx_data
 *fill*         0x0000000020000586        0x2 
 .bss.str       0x0000000020000588        0x1 Core/Src/main.o
                0x0000000020000588                str
 .bss.flag_command_received
                0x0000000020000589        0x1 Core/Src/main.o
                0x0000000020000589                flag_command_received
 .bss.rx_data_counter
                0x000000002000058a        0x1 Core/Src/main.o
                0x000000002000058a                rx_data_counter
 *fill*         0x000000002000058b        0x1 
 .bss.delay_time
                0x000000002000058c        0x4 Core/Src/stm32f1xx_it.o
                0x000000002000058c                delay_time
 .bss.am2302_ready
                0x0000000020000590        0x1 Core/Src/stm32f1xx_it.o
                0x0000000020000590                am2302_ready
 *fill*         0x0000000020000591        0x3 
 .bss.i.6591    0x0000000020000594        0x4 Core/Src/stm32f1xx_it.o
 .bss.__sbrk_heap_end
                0x0000000020000598        0x4 Core/Src/sysmem.o
 .bss.measure_counter
                0x000000002000059c        0x4 Core/Src/menu/menu.o
                0x000000002000059c                measure_counter
 .bss.block_interrupt_form_up_and_down_buttons
                0x00000000200005a0        0x1 Core/Src/menu/menu.o
                0x00000000200005a0                block_interrupt_form_up_and_down_buttons
 .bss.button_status
                0x00000000200005a1        0x1 Core/Src/menu/menu.o
                0x00000000200005a1                button_status
 *fill*         0x00000000200005a2        0x2 
 .bss.__malloc_free_list
                0x00000000200005a4        0x4 /home/odemki/Programs/programs/STM32IDE/1/en.en-st-stm32cubeide_1-5-0_8698_20201117_1050_amd64_sh/makeself_dir_5QpOGP/y/plugins/com.st.stm32cube.ide.mcu.externaltools.gnu-tools-for-stm32.9-2020-q2-update.linux64_1.5.0.202011040924/tools/bin/../lib/gcc/arm-none-eabi/9.3.1/../../../../arm-none-eabi/lib/thumb/v7-m/nofp/libc_nano.a(lib_a-nano-mallocr.o)
                0x00000000200005a4                __malloc_free_list
 .bss.__malloc_sbrk_start
                0x00000000200005a8        0x4 /home/odemki/Programs/programs/STM32IDE/1/en.en-st-stm32cubeide_1-5-0_8698_20201117_1050_amd64_sh/makeself_dir_5QpOGP/y/plugins/com.st.stm32cube.ide.mcu.externaltools.gnu-tools-for-stm32.9-2020-q2-update.linux64_1.5.0.202011040924/tools/bin/../lib/gcc/arm-none-eabi/9.3.1/../../../../arm-none-eabi/lib/thumb/v7-m/nofp/libc_nano.a(lib_a-nano-mallocr.o)
                0x00000000200005a8                __malloc_sbrk_start
 *(COMMON)
 COMMON         0x00000000200005ac        0xc Core/Src/LoRa_E220_900T22D/e220_900t22d.o
                0x00000000200005ac                am3202_sensor
 COMMON         0x00000000200005b8      0x1c4 Core/Src/main.o
                0x00000000200005b8                huart3
                0x00000000200005fc                hi2c1
                0x0000000020000650                huart1
                0x0000000020000694                htim1
                0x00000000200006dc                hspi1
                0x0000000020000734                htim2
 COMMON         0x000000002000077c      0x2ac Core/Src/menu/menu.o
                0x000000002000077c                items_menu_2_1
                0x00000000200007e8                items_menu_2
                0x0000000020000854                items_menu_1
                0x00000000200008c0                items_menu_3
                0x0000000020000950                items
                0x00000000200009bc                items_menu_1_1
 COMMON         0x0000000020000a28        0x4 Drivers/STM32F1xx_HAL_Driver/Src/stm32f1xx_hal.o
                0x0000000020000a28                uwTick
 COMMON         0x0000000020000a2c        0x4 /home/odemki/Programs/programs/STM32IDE/1/en.en-st-stm32cubeide_1-5-0_8698_20201117_1050_amd64_sh/makeself_dir_5QpOGP/y/plugins/com.st.stm32cube.ide.mcu.externaltools.gnu-tools-for-stm32.9-2020-q2-update.linux64_1.5.0.202011040924/tools/bin/../lib/gcc/arm-none-eabi/9.3.1/../../../../arm-none-eabi/lib/thumb/v7-m/nofp/libc_nano.a(lib_a-reent.o)
                0x0000000020000a2c                errno
 COMMON         0x0000000020000a30        0x9 /home/odemki/Programs/programs/STM32IDE/1/en.en-st-stm32cubeide_1-5-0_8698_20201117_1050_amd64_sh/makeself_dir_5QpOGP/y/plugins/com.st.stm32cube.ide.mcu.externaltools.gnu-tools-for-stm32.9-2020-q2-update.linux64_1.5.0.202011040924/tools/bin/../lib/gcc/arm-none-eabi/9.3.1/../../../../arm-none-eabi/lib/thumb/v7-m/nofp/libc_nano.a(lib_a-lock.o)
                0x0000000020000a30                __lock___atexit_recursive_mutex
                0x0000000020000a31                __lock___arc4random_mutex
                0x0000000020000a32                __lock___env_recursive_mutex
                0x0000000020000a33                __lock___sinit_recursive_mutex
                0x0000000020000a34                __lock___malloc_recursive_mutex
                0x0000000020000a35                __lock___at_quick_exit_mutex
                0x0000000020000a36                __lock___dd_hash_mutex
                0x0000000020000a37                __lock___tz_mutex
                0x0000000020000a38                __lock___sfp_recursive_mutex
                0x0000000020000a3c                . = ALIGN (0x4)
 *fill*         0x0000000020000a39        0x3 
                0x0000000020000a3c                _ebss = .
                0x0000000020000a3c                __bss_end__ = _ebss

._user_heap_stack
                0x0000000020000a3c      0x604 load address 0x00000000080099e4
                0x0000000020000a40                . = ALIGN (0x8)
 *fill*         0x0000000020000a3c        0x4 
                [!provide]                        PROVIDE (end = .)
                0x0000000020000a40                PROVIDE (_end = .)
                0x0000000020000c40                . = (. + _Min_Heap_Size)
 *fill*         0x0000000020000a40      0x200 
                0x0000000020001040                . = (. + _Min_Stack_Size)
 *fill*         0x0000000020000c40      0x400 
                0x0000000020001040                . = ALIGN (0x8)

/DISCARD/
 libc.a(*)
 libm.a(*)
 libgcc.a(*)

.ARM.attributes
                0x0000000000000000       0x29
 *(.ARM.attributes)
 .ARM.attributes
                0x0000000000000000       0x1d /home/odemki/Programs/programs/STM32IDE/1/en.en-st-stm32cubeide_1-5-0_8698_20201117_1050_amd64_sh/makeself_dir_5QpOGP/y/plugins/com.st.stm32cube.ide.mcu.externaltools.gnu-tools-for-stm32.9-2020-q2-update.linux64_1.5.0.202011040924/tools/bin/../lib/gcc/arm-none-eabi/9.3.1/thumb/v7-m/nofp/crti.o
 .ARM.attributes
                0x000000000000001d       0x2d /home/odemki/Programs/programs/STM32IDE/1/en.en-st-stm32cubeide_1-5-0_8698_20201117_1050_amd64_sh/makeself_dir_5QpOGP/y/plugins/com.st.stm32cube.ide.mcu.externaltools.gnu-tools-for-stm32.9-2020-q2-update.linux64_1.5.0.202011040924/tools/bin/../lib/gcc/arm-none-eabi/9.3.1/thumb/v7-m/nofp/crtbegin.o
 .ARM.attributes
                0x000000000000004a       0x2d Core/Src/LoRa_E220_900T22D/e220_900t22d.o
 .ARM.attributes
                0x0000000000000077       0x2d Core/Src/NRF24L01/nrf24l01.o
 .ARM.attributes
                0x00000000000000a4       0x33 Core/Src/OLED/fonts.o
 .ARM.attributes
                0x00000000000000d7       0x2d Core/Src/OLED/oled_main.o
 .ARM.attributes
                0x0000000000000104       0x2d Core/Src/OLED/ssd1306.o
 .ARM.attributes
                0x0000000000000131       0x2d Core/Src/am2302/am2302.o
 .ARM.attributes
                0x000000000000015e       0x2d Core/Src/main.o
 .ARM.attributes
                0x000000000000018b       0x2d Core/Src/stm32f1xx_hal_msp.o
 .ARM.attributes
                0x00000000000001b8       0x2d Core/Src/stm32f1xx_it.o
 .ARM.attributes
                0x00000000000001e5       0x2d Core/Src/sysmem.o
 .ARM.attributes
                0x0000000000000212       0x2d Core/Src/system_stm32f1xx.o
 .ARM.attributes
                0x000000000000023f       0x2d Core/Src/menu/menu.o
 .ARM.attributes
                0x000000000000026c       0x21 Core/Startup/startup_stm32f103c8tx.o
 .ARM.attributes
                0x000000000000028d       0x2d Drivers/STM32F1xx_HAL_Driver/Src/stm32f1xx_hal.o
 .ARM.attributes
                0x00000000000002ba       0x2d Drivers/STM32F1xx_HAL_Driver/Src/stm32f1xx_hal_cortex.o
 .ARM.attributes
                0x00000000000002e7       0x2d Drivers/STM32F1xx_HAL_Driver/Src/stm32f1xx_hal_dma.o
 .ARM.attributes
                0x0000000000000314       0x2d Drivers/STM32F1xx_HAL_Driver/Src/stm32f1xx_hal_gpio.o
 .ARM.attributes
                0x0000000000000341       0x2d Drivers/STM32F1xx_HAL_Driver/Src/stm32f1xx_hal_i2c.o
 .ARM.attributes
                0x000000000000036e       0x2d Drivers/STM32F1xx_HAL_Driver/Src/stm32f1xx_hal_rcc.o
 .ARM.attributes
                0x000000000000039b       0x2d Drivers/STM32F1xx_HAL_Driver/Src/stm32f1xx_hal_spi.o
 .ARM.attributes
                0x00000000000003c8       0x2d Drivers/STM32F1xx_HAL_Driver/Src/stm32f1xx_hal_tim.o
 .ARM.attributes
                0x00000000000003f5       0x2d Drivers/STM32F1xx_HAL_Driver/Src/stm32f1xx_hal_tim_ex.o
 .ARM.attributes
                0x0000000000000422       0x2d Drivers/STM32F1xx_HAL_Driver/Src/stm32f1xx_hal_uart.o
 .ARM.attributes
                0x000000000000044f       0x2d /home/odemki/Programs/programs/STM32IDE/1/en.en-st-stm32cubeide_1-5-0_8698_20201117_1050_amd64_sh/makeself_dir_5QpOGP/y/plugins/com.st.stm32cube.ide.mcu.externaltools.gnu-tools-for-stm32.9-2020-q2-update.linux64_1.5.0.202011040924/tools/bin/../lib/gcc/arm-none-eabi/9.3.1/../../../../arm-none-eabi/lib/thumb/v7-m/nofp/libc_nano.a(lib_a-errno.o)
 .ARM.attributes
                0x000000000000047c       0x2d /home/odemki/Programs/programs/STM32IDE/1/en.en-st-stm32cubeide_1-5-0_8698_20201117_1050_amd64_sh/makeself_dir_5QpOGP/y/plugins/com.st.stm32cube.ide.mcu.externaltools.gnu-tools-for-stm32.9-2020-q2-update.linux64_1.5.0.202011040924/tools/bin/../lib/gcc/arm-none-eabi/9.3.1/../../../../arm-none-eabi/lib/thumb/v7-m/nofp/libc_nano.a(lib_a-impure.o)
 .ARM.attributes
                0x00000000000004a9       0x2d /home/odemki/Programs/programs/STM32IDE/1/en.en-st-stm32cubeide_1-5-0_8698_20201117_1050_amd64_sh/makeself_dir_5QpOGP/y/plugins/com.st.stm32cube.ide.mcu.externaltools.gnu-tools-for-stm32.9-2020-q2-update.linux64_1.5.0.202011040924/tools/bin/../lib/gcc/arm-none-eabi/9.3.1/../../../../arm-none-eabi/lib/thumb/v7-m/nofp/libc_nano.a(lib_a-init.o)
 .ARM.attributes
                0x00000000000004d6       0x2d /home/odemki/Programs/programs/STM32IDE/1/en.en-st-stm32cubeide_1-5-0_8698_20201117_1050_amd64_sh/makeself_dir_5QpOGP/y/plugins/com.st.stm32cube.ide.mcu.externaltools.gnu-tools-for-stm32.9-2020-q2-update.linux64_1.5.0.202011040924/tools/bin/../lib/gcc/arm-none-eabi/9.3.1/../../../../arm-none-eabi/lib/thumb/v7-m/nofp/libc_nano.a(lib_a-itoa.o)
 .ARM.attributes
                0x0000000000000503       0x2d /home/odemki/Programs/programs/STM32IDE/1/en.en-st-stm32cubeide_1-5-0_8698_20201117_1050_amd64_sh/makeself_dir_5QpOGP/y/plugins/com.st.stm32cube.ide.mcu.externaltools.gnu-tools-for-stm32.9-2020-q2-update.linux64_1.5.0.202011040924/tools/bin/../lib/gcc/arm-none-eabi/9.3.1/../../../../arm-none-eabi/lib/thumb/v7-m/nofp/libc_nano.a(lib_a-memcpy-stub.o)
 .ARM.attributes
                0x0000000000000530       0x2d /home/odemki/Programs/programs/STM32IDE/1/en.en-st-stm32cubeide_1-5-0_8698_20201117_1050_amd64_sh/makeself_dir_5QpOGP/y/plugins/com.st.stm32cube.ide.mcu.externaltools.gnu-tools-for-stm32.9-2020-q2-update.linux64_1.5.0.202011040924/tools/bin/../lib/gcc/arm-none-eabi/9.3.1/../../../../arm-none-eabi/lib/thumb/v7-m/nofp/libc_nano.a(lib_a-memset.o)
 .ARM.attributes
                0x000000000000055d       0x2d /home/odemki/Programs/programs/STM32IDE/1/en.en-st-stm32cubeide_1-5-0_8698_20201117_1050_amd64_sh/makeself_dir_5QpOGP/y/plugins/com.st.stm32cube.ide.mcu.externaltools.gnu-tools-for-stm32.9-2020-q2-update.linux64_1.5.0.202011040924/tools/bin/../lib/gcc/arm-none-eabi/9.3.1/../../../../arm-none-eabi/lib/thumb/v7-m/nofp/libc_nano.a(lib_a-nano-freer.o)
 .ARM.attributes
                0x000000000000058a       0x2d /home/odemki/Programs/programs/STM32IDE/1/en.en-st-stm32cubeide_1-5-0_8698_20201117_1050_amd64_sh/makeself_dir_5QpOGP/y/plugins/com.st.stm32cube.ide.mcu.externaltools.gnu-tools-for-stm32.9-2020-q2-update.linux64_1.5.0.202011040924/tools/bin/../lib/gcc/arm-none-eabi/9.3.1/../../../../arm-none-eabi/lib/thumb/v7-m/nofp/libc_nano.a(lib_a-nano-mallocr.o)
 .ARM.attributes
                0x00000000000005b7       0x2d /home/odemki/Programs/programs/STM32IDE/1/en.en-st-stm32cubeide_1-5-0_8698_20201117_1050_amd64_sh/makeself_dir_5QpOGP/y/plugins/com.st.stm32cube.ide.mcu.externaltools.gnu-tools-for-stm32.9-2020-q2-update.linux64_1.5.0.202011040924/tools/bin/../lib/gcc/arm-none-eabi/9.3.1/../../../../arm-none-eabi/lib/thumb/v7-m/nofp/libc_nano.a(lib_a-sbrkr.o)
 .ARM.attributes
                0x00000000000005e4       0x2d /home/odemki/Programs/programs/STM32IDE/1/en.en-st-stm32cubeide_1-5-0_8698_20201117_1050_amd64_sh/makeself_dir_5QpOGP/y/plugins/com.st.stm32cube.ide.mcu.externaltools.gnu-tools-for-stm32.9-2020-q2-update.linux64_1.5.0.202011040924/tools/bin/../lib/gcc/arm-none-eabi/9.3.1/../../../../arm-none-eabi/lib/thumb/v7-m/nofp/libc_nano.a(lib_a-sprintf.o)
 .ARM.attributes
                0x0000000000000611       0x2d /home/odemki/Programs/programs/STM32IDE/1/en.en-st-stm32cubeide_1-5-0_8698_20201117_1050_amd64_sh/makeself_dir_5QpOGP/y/plugins/com.st.stm32cube.ide.mcu.externaltools.gnu-tools-for-stm32.9-2020-q2-update.linux64_1.5.0.202011040924/tools/bin/../lib/gcc/arm-none-eabi/9.3.1/../../../../arm-none-eabi/lib/thumb/v7-m/nofp/libc_nano.a(lib_a-strcat.o)
 .ARM.attributes
                0x000000000000063e       0x17 /home/odemki/Programs/programs/STM32IDE/1/en.en-st-stm32cubeide_1-5-0_8698_20201117_1050_amd64_sh/makeself_dir_5QpOGP/y/plugins/com.st.stm32cube.ide.mcu.externaltools.gnu-tools-for-stm32.9-2020-q2-update.linux64_1.5.0.202011040924/tools/bin/../lib/gcc/arm-none-eabi/9.3.1/../../../../arm-none-eabi/lib/thumb/v7-m/nofp/libc_nano.a(lib_a-strlen.o)
 .ARM.attributes
                0x0000000000000655       0x2d /home/odemki/Programs/programs/STM32IDE/1/en.en-st-stm32cubeide_1-5-0_8698_20201117_1050_amd64_sh/makeself_dir_5QpOGP/y/plugins/com.st.stm32cube.ide.mcu.externaltools.gnu-tools-for-stm32.9-2020-q2-update.linux64_1.5.0.202011040924/tools/bin/../lib/gcc/arm-none-eabi/9.3.1/../../../../arm-none-eabi/lib/thumb/v7-m/nofp/libc_nano.a(lib_a-strncpy.o)
 .ARM.attributes
                0x0000000000000682       0x2d /home/odemki/Programs/programs/STM32IDE/1/en.en-st-stm32cubeide_1-5-0_8698_20201117_1050_amd64_sh/makeself_dir_5QpOGP/y/plugins/com.st.stm32cube.ide.mcu.externaltools.gnu-tools-for-stm32.9-2020-q2-update.linux64_1.5.0.202011040924/tools/bin/../lib/gcc/arm-none-eabi/9.3.1/../../../../arm-none-eabi/lib/thumb/v7-m/nofp/libc_nano.a(lib_a-utoa.o)
 .ARM.attributes
                0x00000000000006af       0x2d /home/odemki/Programs/programs/STM32IDE/1/en.en-st-stm32cubeide_1-5-0_8698_20201117_1050_amd64_sh/makeself_dir_5QpOGP/y/plugins/com.st.stm32cube.ide.mcu.externaltools.gnu-tools-for-stm32.9-2020-q2-update.linux64_1.5.0.202011040924/tools/bin/../lib/gcc/arm-none-eabi/9.3.1/../../../../arm-none-eabi/lib/thumb/v7-m/nofp/libc_nano.a(lib_a-mlock.o)
 .ARM.attributes
                0x00000000000006dc       0x2d /home/odemki/Programs/programs/STM32IDE/1/en.en-st-stm32cubeide_1-5-0_8698_20201117_1050_amd64_sh/makeself_dir_5QpOGP/y/plugins/com.st.stm32cube.ide.mcu.externaltools.gnu-tools-for-stm32.9-2020-q2-update.linux64_1.5.0.202011040924/tools/bin/../lib/gcc/arm-none-eabi/9.3.1/../../../../arm-none-eabi/lib/thumb/v7-m/nofp/libc_nano.a(lib_a-nano-svfprintf.o)
 .ARM.attributes
                0x0000000000000709       0x2d /home/odemki/Programs/programs/STM32IDE/1/en.en-st-stm32cubeide_1-5-0_8698_20201117_1050_amd64_sh/makeself_dir_5QpOGP/y/plugins/com.st.stm32cube.ide.mcu.externaltools.gnu-tools-for-stm32.9-2020-q2-update.linux64_1.5.0.202011040924/tools/bin/../lib/gcc/arm-none-eabi/9.3.1/../../../../arm-none-eabi/lib/thumb/v7-m/nofp/libc_nano.a(lib_a-nano-vfprintf_i.o)
 .ARM.attributes
                0x0000000000000736       0x2d /home/odemki/Programs/programs/STM32IDE/1/en.en-st-stm32cubeide_1-5-0_8698_20201117_1050_amd64_sh/makeself_dir_5QpOGP/y/plugins/com.st.stm32cube.ide.mcu.externaltools.gnu-tools-for-stm32.9-2020-q2-update.linux64_1.5.0.202011040924/tools/bin/../lib/gcc/arm-none-eabi/9.3.1/../../../../arm-none-eabi/lib/thumb/v7-m/nofp/libc_nano.a(lib_a-reent.o)
 .ARM.attributes
                0x0000000000000763       0x2d /home/odemki/Programs/programs/STM32IDE/1/en.en-st-stm32cubeide_1-5-0_8698_20201117_1050_amd64_sh/makeself_dir_5QpOGP/y/plugins/com.st.stm32cube.ide.mcu.externaltools.gnu-tools-for-stm32.9-2020-q2-update.linux64_1.5.0.202011040924/tools/bin/../lib/gcc/arm-none-eabi/9.3.1/../../../../arm-none-eabi/lib/thumb/v7-m/nofp/libc_nano.a(lib_a-lock.o)
 .ARM.attributes
                0x0000000000000790       0x2d /home/odemki/Programs/programs/STM32IDE/1/en.en-st-stm32cubeide_1-5-0_8698_20201117_1050_amd64_sh/makeself_dir_5QpOGP/y/plugins/com.st.stm32cube.ide.mcu.externaltools.gnu-tools-for-stm32.9-2020-q2-update.linux64_1.5.0.202011040924/tools/bin/../lib/gcc/arm-none-eabi/9.3.1/../../../../arm-none-eabi/lib/thumb/v7-m/nofp/libc_nano.a(lib_a-memchr-stub.o)
 .ARM.attributes
                0x00000000000007bd       0x2d /home/odemki/Programs/programs/STM32IDE/1/en.en-st-stm32cubeide_1-5-0_8698_20201117_1050_amd64_sh/makeself_dir_5QpOGP/y/plugins/com.st.stm32cube.ide.mcu.externaltools.gnu-tools-for-stm32.9-2020-q2-update.linux64_1.5.0.202011040924/tools/bin/../lib/gcc/arm-none-eabi/9.3.1/../../../../arm-none-eabi/lib/thumb/v7-m/nofp/libc_nano.a(lib_a-memmove.o)
 .ARM.attributes
                0x00000000000007ea       0x2d /home/odemki/Programs/programs/STM32IDE/1/en.en-st-stm32cubeide_1-5-0_8698_20201117_1050_amd64_sh/makeself_dir_5QpOGP/y/plugins/com.st.stm32cube.ide.mcu.externaltools.gnu-tools-for-stm32.9-2020-q2-update.linux64_1.5.0.202011040924/tools/bin/../lib/gcc/arm-none-eabi/9.3.1/../../../../arm-none-eabi/lib/thumb/v7-m/nofp/libc_nano.a(lib_a-nano-reallocr.o)
 .ARM.attributes
                0x0000000000000817       0x2d /home/odemki/Programs/programs/STM32IDE/1/en.en-st-stm32cubeide_1-5-0_8698_20201117_1050_amd64_sh/makeself_dir_5QpOGP/y/plugins/com.st.stm32cube.ide.mcu.externaltools.gnu-tools-for-stm32.9-2020-q2-update.linux64_1.5.0.202011040924/tools/bin/../lib/gcc/arm-none-eabi/9.3.1/../../../../arm-none-eabi/lib/thumb/v7-m/nofp/libc_nano.a(lib_a-nano-msizer.o)
 .ARM.attributes
                0x0000000000000844       0x1d /home/odemki/Programs/programs/STM32IDE/1/en.en-st-stm32cubeide_1-5-0_8698_20201117_1050_amd64_sh/makeself_dir_5QpOGP/y/plugins/com.st.stm32cube.ide.mcu.externaltools.gnu-tools-for-stm32.9-2020-q2-update.linux64_1.5.0.202011040924/tools/bin/../lib/gcc/arm-none-eabi/9.3.1/thumb/v7-m/nofp/libgcc.a(_arm_addsubdf3.o)
 .ARM.attributes
                0x0000000000000861       0x1d /home/odemki/Programs/programs/STM32IDE/1/en.en-st-stm32cubeide_1-5-0_8698_20201117_1050_amd64_sh/makeself_dir_5QpOGP/y/plugins/com.st.stm32cube.ide.mcu.externaltools.gnu-tools-for-stm32.9-2020-q2-update.linux64_1.5.0.202011040924/tools/bin/../lib/gcc/arm-none-eabi/9.3.1/thumb/v7-m/nofp/libgcc.a(_arm_truncdfsf2.o)
 .ARM.attributes
                0x000000000000087e       0x1d /home/odemki/Programs/programs/STM32IDE/1/en.en-st-stm32cubeide_1-5-0_8698_20201117_1050_amd64_sh/makeself_dir_5QpOGP/y/plugins/com.st.stm32cube.ide.mcu.externaltools.gnu-tools-for-stm32.9-2020-q2-update.linux64_1.5.0.202011040924/tools/bin/../lib/gcc/arm-none-eabi/9.3.1/thumb/v7-m/nofp/libgcc.a(_arm_addsubsf3.o)
 .ARM.attributes
                0x000000000000089b       0x1d /home/odemki/Programs/programs/STM32IDE/1/en.en-st-stm32cubeide_1-5-0_8698_20201117_1050_amd64_sh/makeself_dir_5QpOGP/y/plugins/com.st.stm32cube.ide.mcu.externaltools.gnu-tools-for-stm32.9-2020-q2-update.linux64_1.5.0.202011040924/tools/bin/../lib/gcc/arm-none-eabi/9.3.1/thumb/v7-m/nofp/libgcc.a(_arm_muldivsf3.o)
 .ARM.attributes