menu.c:135:6:scroll_bar	48	static
menu.c:187:6:print_rectangle_on_head	16	static
menu.c:194:6:clear_menu_items	48	static
menu.c:222:6:print_rows_on_oled_if_up	32	static
menu.c:259:6:print_rows_on_oled_if_down	32	static
menu.c:298:6:print_menu_init	48	static
menu.c:338:6:action	40	static
menu.c:387:6:return_from_menu	40	static
menu.c:404:6:do_it_function_menu_1	32	static
menu.c:437:6:items_menu_1_set_par_1	24	static
menu.c:467:6:items_menu_1_set_par_2	24	static
menu.c:496:6:items_menu_1_set_par_3	24	static
menu.c:527:6:do_it_function_menu_2	32	static
menu.c:559:6:items_menu_2_set_par_1	24	static
menu.c:591:6:do_it_function_menu_3	32	static
menu.c:627:6:do_it_function_menu_4	32	static
menu.c:660:6:items_menu_4_set_par_1	24	static
menu.c:689:6:items_menu_4_set_par_2	24	static
menu.c:718:6:items_menu_4_set_par_3	24	static
menu.c:747:6:items_menu_4_set_par_4	24	static
menu.c:776:6:items_menu_4_set_par_5	24	static
menu.c:805:6:items_menu_4_set_par_6	24	static
menu.c:834:6:items_menu_4_set_par_7	24	static
menu.c:863:6:items_menu_4_set_par_8	24	static
menu.c:893:6:Menu_Init	88	static
menu.c:1244:6:up	8	static
menu.c:1256:6:down	8	static
menu.c:1268:6:enter	16	static
menu.c:1285:6:menu	8	static
