menu.c:162:6:Menu_Init	56	static
menu.c:425:6:menu	8	static
menu.c:454:6:up	8	static
menu.c:466:6:down	8	static
menu.c:478:6:enter	16	static
menu.c:500:6:scroll_bar	48	static
menu.c:552:6:print_rectangle_on_head	16	static
menu.c:559:6:clear_menu_items	48	static
menu.c:587:6:print_rows_on_oled_if_up	32	static
menu.c:622:6:print_rows_on_oled_if_down	32	static
menu.c:659:6:print_menu_init	48	static
menu.c:703:6:print_menu_items	40	static
menu.c:750:6:return_from_menu	40	static
menu.c:769:6:lora_rx_mode	24	static
menu.c:797:6:lora_tx_mode	24	static
menu.c:827:6:lora_tx_mode_send_T_and_H	24	static
menu.c:860:6:nrf_rx_mode	8	static
menu.c:921:6:nrf_tx_mode_send_test_number	24	static
menu.c:954:6:nrf_tx_mode_send_T_and_H	24	static
menu.c:993:6:am2302	64	static
menu.c:1073:6:periodic_measurement_am2302_on	64	static
menu.c:1148:6:periodic_measurement_am2302_off	32	static
menu.c:1197:6:items_menu_1_set_par_1	32	static
menu.c:1227:6:items_menu_1_set_par_2	32	static
menu.c:1291:6:items_menu_2_set_par_1	24	static
menu.c:1323:6:do_it_function_menu_3	32	static
