menu.c:135:6:Menu_Init	56	static
menu.c:310:6:scroll_bar	48	static
menu.c:362:6:print_rectangle_on_head	16	static
menu.c:369:6:clear_menu_items	48	static
menu.c:397:6:print_rows_on_oled_if_up	32	static
menu.c:434:6:print_rows_on_oled_if_down	32	static
menu.c:473:6:print_menu_init	48	static
menu.c:517:6:action	40	static
menu.c:566:6:return_from_menu	40	static
menu.c:584:6:lora_rx_mode	24	static
menu.c:612:6:lora_tx_mode	24	static
menu.c:646:6:nrf_rx_mode	24	static
menu.c:676:6:nrf_tx_mode	24	static
menu.c:719:6:items_menu_1_set_par_1	24	static
menu.c:749:6:items_menu_1_set_par_2	24	static
menu.c:813:6:items_menu_2_set_par_1	24	static
menu.c:845:6:do_it_function_menu_3	32	static
menu.c:878:6:up	8	static
menu.c:890:6:down	8	static
menu.c:902:6:enter	16	static
menu.c:919:6:menu	8	static
