menu.c:153:6:Menu_Init	48	static
menu.c:346:6:menu	8	static
menu.c:375:6:up	8	static
menu.c:387:6:down	8	static
menu.c:399:6:enter	16	static
menu.c:421:6:scroll_bar	48	static
menu.c:473:6:print_rectangle_on_head	16	static
menu.c:480:6:clear_menu_items	48	static
menu.c:508:6:print_rows_on_oled_if_up	32	static
menu.c:543:6:print_rows_on_oled_if_down	32	static
menu.c:580:6:print_menu_init	48	static
menu.c:624:6:print_menu_items	40	static
menu.c:671:6:return_from_menu	40	static
menu.c:690:6:lora_rx_mode	24	static
menu.c:718:6:lora_tx_mode	24	static
menu.c:752:6:nrf_rx_mode	24	static
menu.c:781:6:nrf_tx_mode	24	static
menu.c:819:6:am2302	64	static
menu.c:896:6:periodic_measurement_am2302_on	64	static
menu.c:971:6:periodic_measurement_am2302_off	32	static
menu.c:1017:6:items_menu_1_set_par_1	32	static
menu.c:1047:6:items_menu_1_set_par_2	32	static
menu.c:1111:6:items_menu_2_set_par_1	24	static
menu.c:1143:6:do_it_function_menu_3	32	static
