menu.c:135:6:scroll_bar	48	static
menu.c:187:6:print_rectangle_on_head	16	static
menu.c:194:6:clear_menu_items	48	static
menu.c:222:6:print_rows_on_oled_if_up	32	static
menu.c:259:6:print_rows_on_oled_if_down	32	static
menu.c:298:6:print_menu_init	48	static
menu.c:342:6:action	40	static
menu.c:391:6:return_from_menu	40	static
menu.c:441:6:items_menu_1_set_par_1	24	static
menu.c:471:6:items_menu_1_set_par_2	24	static
menu.c:535:6:items_menu_2_set_par_1	24	static
menu.c:567:6:do_it_function_menu_3	32	static
menu.c:604:6:Menu_Init	40	static
menu.c:765:6:up	8	static
menu.c:777:6:down	8	static
menu.c:789:6:enter	16	static
menu.c:806:6:menu	8	static
