menu.c:139:6:Menu_Init	48	static
menu.c:301:6:menu	8	static
menu.c:330:6:up	8	static
menu.c:342:6:down	8	static
menu.c:354:6:enter	16	static
menu.c:376:6:scroll_bar	48	static
menu.c:428:6:print_rectangle_on_head	16	static
menu.c:435:6:clear_menu_items	48	static
menu.c:463:6:print_rows_on_oled_if_up	32	static
menu.c:498:6:print_rows_on_oled_if_down	32	static
menu.c:535:6:print_menu_init	48	static
menu.c:579:6:print_menu_items	40	static
menu.c:626:6:return_from_menu	40	static
menu.c:645:6:lora_rx_mode	24	static
menu.c:673:6:lora_tx_mode	24	static
menu.c:707:6:nrf_rx_mode	24	static
menu.c:736:6:nrf_tx_mode	24	static
menu.c:785:6:items_menu_1_set_par_1	32	static
menu.c:815:6:items_menu_1_set_par_2	32	static
menu.c:879:6:items_menu_2_set_par_1	24	static
menu.c:911:6:do_it_function_menu_3	32	static
