menu.c:159:6:Menu_Init	56	static
menu.c:419:6:menu	8	static
menu.c:448:6:up	8	static
menu.c:460:6:down	8	static
menu.c:472:6:enter	16	static
menu.c:494:6:scroll_bar	48	static
menu.c:546:6:print_rectangle_on_head	16	static
menu.c:553:6:clear_menu_items	48	static
menu.c:581:6:print_rows_on_oled_if_up	32	static
menu.c:616:6:print_rows_on_oled_if_down	32	static
menu.c:653:6:print_menu_init	48	static
menu.c:697:6:print_menu_items	40	static
menu.c:744:6:return_from_menu	40	static
menu.c:763:6:lora_rx_mode	24	static
menu.c:791:6:lora_tx_mode	24	static
menu.c:821:6:lora_tx_mode_send_T_and_H	24	static
menu.c:854:6:nrf_rx_mode	24	static
menu.c:883:6:nrf_tx_mode_send_test_number	24	static
menu.c:921:6:am2302	64	static
menu.c:1001:6:periodic_measurement_am2302_on	64	static
menu.c:1076:6:periodic_measurement_am2302_off	32	static
menu.c:1125:6:items_menu_1_set_par_1	32	static
menu.c:1155:6:items_menu_1_set_par_2	32	static
menu.c:1219:6:items_menu_2_set_par_1	24	static
menu.c:1251:6:do_it_function_menu_3	32	static
