menu.c:135:6:Menu_Init	56	static
menu.c:305:6:nrf_rx_mode	8	static
menu.c:315:6:nrf_tx_mode	8	static
menu.c:333:6:scroll_bar	48	static
menu.c:385:6:print_rectangle_on_head	16	static
menu.c:392:6:clear_menu_items	48	static
menu.c:420:6:print_rows_on_oled_if_up	32	static
menu.c:457:6:print_rows_on_oled_if_down	32	static
menu.c:496:6:print_menu_init	48	static
menu.c:540:6:action	40	static
menu.c:589:6:return_from_menu	40	static
menu.c:607:6:lora_rx_mode	24	static
menu.c:635:6:lora_tx_mode	24	static
menu.c:674:6:items_menu_1_set_par_1	24	static
menu.c:704:6:items_menu_1_set_par_2	24	static
menu.c:768:6:items_menu_2_set_par_1	24	static
menu.c:800:6:do_it_function_menu_3	32	static
menu.c:833:6:up	8	static
menu.c:845:6:down	8	static
menu.c:857:6:enter	16	static
menu.c:874:6:menu	8	static
