menu.c:135:6:Menu_Init	48	static
menu.c:297:6:menu	8	static
menu.c:326:6:up	8	static
menu.c:338:6:down	8	static
menu.c:350:6:enter	16	static
menu.c:372:6:scroll_bar	48	static
menu.c:424:6:print_rectangle_on_head	16	static
menu.c:431:6:clear_menu_items	48	static
menu.c:459:6:print_rows_on_oled_if_up	32	static
menu.c:494:6:print_rows_on_oled_if_down	32	static
menu.c:531:6:print_menu_init	48	static
menu.c:575:6:print_menu_items	40	static
menu.c:622:6:return_from_menu	40	static
menu.c:641:6:lora_rx_mode	24	static
menu.c:669:6:lora_tx_mode	24	static
menu.c:703:6:nrf_rx_mode	24	static
menu.c:732:6:nrf_tx_mode	24	static
menu.c:777:6:items_menu_1_set_par_1	24	static
menu.c:807:6:items_menu_1_set_par_2	24	static
menu.c:871:6:items_menu_2_set_par_1	24	static
menu.c:903:6:do_it_function_menu_3	32	static
