menu.c:157:6:Menu_Init	56	static
menu.c:385:6:menu	8	static
menu.c:414:6:up	8	static
menu.c:426:6:down	8	static
menu.c:438:6:enter	16	static
menu.c:460:6:scroll_bar	48	static
menu.c:512:6:print_rectangle_on_head	16	static
menu.c:519:6:clear_menu_items	48	static
menu.c:547:6:print_rows_on_oled_if_up	32	static
menu.c:582:6:print_rows_on_oled_if_down	32	static
menu.c:619:6:print_menu_init	48	static
menu.c:663:6:print_menu_items	40	static
menu.c:710:6:return_from_menu	40	static
menu.c:729:6:lora_rx_mode	24	static
menu.c:757:6:lora_tx_mode	24	static
menu.c:787:6:lora_tx_mode_send_T_and_H	24	static
menu.c:820:6:nrf_rx_mode	24	static
menu.c:849:6:nrf_tx_mode	24	static
menu.c:887:6:am2302	64	static
menu.c:967:6:periodic_measurement_am2302_on	64	static
menu.c:1042:6:periodic_measurement_am2302_off	32	static
menu.c:1091:6:items_menu_1_set_par_1	32	static
menu.c:1121:6:items_menu_1_set_par_2	32	static
menu.c:1185:6:items_menu_2_set_par_1	24	static
menu.c:1217:6:do_it_function_menu_3	32	static
