menu.c:137:6:scroll_bar	48	static
menu.c:189:6:print_rectangle_on_head	16	static
menu.c:196:6:clear_menu_items	48	static
menu.c:224:6:print_rows_on_oled_if_up	32	static
menu.c:261:6:print_rows_on_oled_if_down	32	static
menu.c:300:6:print_menu_init	48	static
menu.c:344:6:action	40	static
menu.c:393:6:return_from_menu	40	static
menu.c:410:6:lora_rx_mode	24	static
menu.c:448:6:lora_tx_mode	24	static
menu.c:484:6:items_menu_1_set_par_1	24	static
menu.c:514:6:items_menu_1_set_par_2	24	static
menu.c:578:6:items_menu_2_set_par_1	24	static
menu.c:610:6:do_it_function_menu_3	32	static
menu.c:647:6:Menu_Init	48	static
menu.c:809:6:up	8	static
menu.c:821:6:down	8	static
menu.c:833:6:enter	16	static
menu.c:850:6:menu	8	static
