menu.c:134:6:Menu_Init	48	static
menu.c:300:6:nrf_rx_mode	16	static
menu.c:310:6:nrf_tx_mode	8	static
menu.c:324:6:scroll_bar	48	static
menu.c:376:6:print_rectangle_on_head	16	static
menu.c:383:6:clear_menu_items	48	static
menu.c:411:6:print_rows_on_oled_if_up	32	static
menu.c:448:6:print_rows_on_oled_if_down	32	static
menu.c:487:6:print_menu_init	48	static
menu.c:531:6:action	40	static
menu.c:580:6:return_from_menu	40	static
menu.c:598:6:lora_rx_mode	24	static
menu.c:626:6:lora_tx_mode	24	static
menu.c:665:6:items_menu_1_set_par_1	24	static
menu.c:695:6:items_menu_1_set_par_2	24	static
menu.c:759:6:items_menu_2_set_par_1	24	static
menu.c:791:6:do_it_function_menu_3	32	static
menu.c:824:6:up	8	static
menu.c:836:6:down	8	static
menu.c:848:6:enter	16	static
menu.c:865:6:menu	8	static
