menu.c:129:6:Menu_Init	48	static
menu.c:294:6:scroll_bar	48	static
menu.c:346:6:print_rectangle_on_head	16	static
menu.c:353:6:clear_menu_items	48	static
menu.c:381:6:print_rows_on_oled_if_up	32	static
menu.c:418:6:print_rows_on_oled_if_down	32	static
menu.c:457:6:print_menu_init	48	static
menu.c:501:6:action	40	static
menu.c:550:6:return_from_menu	40	static
menu.c:568:6:lora_rx_mode	24	static
menu.c:596:6:lora_tx_mode	24	static
menu.c:635:6:items_menu_1_set_par_1	24	static
menu.c:665:6:items_menu_1_set_par_2	24	static
menu.c:729:6:items_menu_2_set_par_1	24	static
menu.c:761:6:do_it_function_menu_3	32	static
menu.c:794:6:up	8	static
menu.c:806:6:down	8	static
menu.c:818:6:enter	16	static
menu.c:835:6:menu	8	static
