menu.c:135:6:Menu_Init	56	static
menu.c:305:6:nrf_rx_mode	16	static
menu.c:316:6:nrf_tx_mode	8	static
menu.c:331:6:scroll_bar	48	static
menu.c:383:6:print_rectangle_on_head	16	static
menu.c:390:6:clear_menu_items	48	static
menu.c:418:6:print_rows_on_oled_if_up	32	static
menu.c:455:6:print_rows_on_oled_if_down	32	static
menu.c:494:6:print_menu_init	48	static
menu.c:538:6:action	40	static
menu.c:587:6:return_from_menu	40	static
menu.c:605:6:lora_rx_mode	24	static
menu.c:633:6:lora_tx_mode	24	static
menu.c:672:6:items_menu_1_set_par_1	24	static
menu.c:702:6:items_menu_1_set_par_2	24	static
menu.c:766:6:items_menu_2_set_par_1	24	static
menu.c:798:6:do_it_function_menu_3	32	static
menu.c:831:6:up	8	static
menu.c:843:6:down	8	static
menu.c:855:6:enter	16	static
menu.c:872:6:menu	8	static
