oled_simulation_menu.c:53:6:clear_menu_items	56	static
oled_simulation_menu.c:80:6:print_rows_on_oled_if_up	48	static
oled_simulation_menu.c:112:6:print_rows_on_oled_if_down	48	static
oled_simulation_menu.c:146:6:print_menu_init	48	static
oled_simulation_menu.c:183:6:action	48	static
oled_simulation_menu.c:230:6:return_from_menu	40	static
oled_simulation_menu.c:247:6:Menu_Init	24	static
oled_simulation_menu.c:389:6:up	8	static
oled_simulation_menu.c:401:6:down	8	static
oled_simulation_menu.c:413:6:enter	8	static
oled_simulation_menu.c:422:6:simulation_navigation_on_menu	8	static
