nrf24l01.c:32:22:DelayMicro	24	static
nrf24l01.c:39:9:NRF24_ReadReg	32	static
nrf24l01.c:54:6:NRF24_WriteReg	16	static
nrf24l01.c:63:6:NRF24_ToggleFeatures	16	static
nrf24l01.c:74:6:NRF24_Read_Buf	16	static
nrf24l01.c:82:6:NRF24_Write_Buf	16	static
nrf24l01.c:92:6:NRF24_FlushRX	16	static
nrf24l01.c:101:6:NRF24_FlushTX	16	static
nrf24l01.c:110:6:NRF24L01_RX_Mode	16	static
nrf24l01.c:123:6:NRF24_ini	8	static
nrf24l01.c:154:6:read_config_registers	8	static
nrf24l01.c:168:6:NRF24L01_TX_Mode	16	static
nrf24l01.c:177:6:NRF24_Transmit	16	static
nrf24l01.c:188:9:NRF24L01_Send	24	static
nrf24l01.c:226:6:nrf_communication_test	72	static
