main.c:108:5:main	8	static
main.c:191:6:SystemClock_Config	72	static
main.c:230:13:MX_I2C1_Init	8	static
main.c:264:13:MX_SPI1_Init	8	static
main.c:302:13:MX_TIM1_Init	32	static
main.c:348:13:MX_USART1_UART_Init	8	static
main.c:381:13:MX_USART3_UART_Init	8	static
main.c:414:13:MX_GPIO_Init	40	static
main.c:494:6:gpio_test	40	static
main.c:534:6:HAL_GPIO_EXTI_Callback	16	static,ignoring_inline_asm
main.c:551:6:HAL_UART_RxCpltCallback	16	static
main.c:578:6:Error_Handler	4	static,ignoring_inline_asm
