main.c:107:5:main	8	static
main.c:175:6:SystemClock_Config	72	static
main.c:214:13:MX_I2C1_Init	8	static
main.c:248:13:MX_SPI1_Init	8	static
main.c:286:13:MX_TIM1_Init	32	static
main.c:332:13:MX_USART1_UART_Init	8	static
main.c:365:13:MX_USART3_UART_Init	8	static
main.c:398:13:MX_GPIO_Init	40	static
main.c:478:6:gpio_test	40	static
main.c:522:6:HAL_GPIO_EXTI_Callback	16	static,ignoring_inline_asm
main.c:536:6:HAL_UART_RxCpltCallback	16	static
main.c:563:6:Error_Handler	4	static,ignoring_inline_asm
