stm32f1xx_it.c:86:6:NMI_Handler	4	static
stm32f1xx_it.c:101:6:HardFault_Handler	4	static
stm32f1xx_it.c:116:6:MemManage_Handler	4	static
stm32f1xx_it.c:131:6:BusFault_Handler	4	static
stm32f1xx_it.c:146:6:UsageFault_Handler	4	static
stm32f1xx_it.c:161:6:SVC_Handler	4	static
stm32f1xx_it.c:174:6:DebugMon_Handler	4	static
stm32f1xx_it.c:187:6:PendSV_Handler	4	static
stm32f1xx_it.c:200:6:SysTick_Handler	8	static
stm32f1xx_it.c:221:6:EXTI2_IRQHandler	8	static
stm32f1xx_it.c:235:6:EXTI9_5_IRQHandler	8	static
stm32f1xx_it.c:261:6:TIM1_UP_IRQHandler	8	static
stm32f1xx_it.c:341:6:USART1_IRQHandler	8	static
stm32f1xx_it.c:355:6:EXTI15_10_IRQHandler	8	static
