stm32f1xx_it.c:90:6:NMI_Handler	4	static
stm32f1xx_it.c:105:6:HardFault_Handler	4	static
stm32f1xx_it.c:120:6:MemManage_Handler	4	static
stm32f1xx_it.c:135:6:BusFault_Handler	4	static
stm32f1xx_it.c:150:6:UsageFault_Handler	4	static
stm32f1xx_it.c:165:6:SVC_Handler	4	static
stm32f1xx_it.c:178:6:DebugMon_Handler	4	static
stm32f1xx_it.c:191:6:PendSV_Handler	4	static
stm32f1xx_it.c:204:6:SysTick_Handler	8	static
stm32f1xx_it.c:225:6:EXTI2_IRQHandler	8	static
stm32f1xx_it.c:239:6:EXTI9_5_IRQHandler	8	static
stm32f1xx_it.c:265:6:TIM1_UP_IRQHandler	8	static
stm32f1xx_it.c:345:6:TIM2_IRQHandler	8	static
stm32f1xx_it.c:368:6:USART1_IRQHandler	8	static
stm32f1xx_it.c:382:6:EXTI15_10_IRQHandler	8	static
