nrf24l01.c:34:22:DelayMicro	24	static
nrf24l01.c:41:9:NRF24_ReadReg	32	static
nrf24l01.c:56:6:NRF24_WriteReg	16	static
nrf24l01.c:65:6:NRF24_ToggleFeatures	16	static
nrf24l01.c:76:6:NRF24_Read_Buf	16	static
nrf24l01.c:84:6:NRF24_Write_Buf	16	static
nrf24l01.c:94:6:NRF24_FlushRX	16	static
nrf24l01.c:103:6:NRF24_FlushTX	16	static
nrf24l01.c:112:6:NRF24L01_RX_Mode	16	static
nrf24l01.c:125:6:NRF24_ini	8	static
nrf24l01.c:155:6:read_config_registers_nrf	8	static
nrf24l01.c:170:6:NRF24L01_TX_Mode	16	static
nrf24l01.c:179:6:NRF24_Transmit	16	static
nrf24l01.c:190:9:NRF24L01_Send	24	static
nrf24l01.c:228:6:nrf_communication_test	80	static
