ssd1306.c:24:13:ssd1306_WriteCommand	32	static
ssd1306.c:33:9:ssd1306_Init	8	static
ssd1306.c:86:6:ssd1306_Fill	24	static
ssd1306.c:100:6:ssd1306_UpdateScreen	32	static
ssd1306.c:119:6:ssd1306_DrawPixel	16	static
ssd1306.c:150:6:ssd1306_WriteChar	48	static
ssd1306.c:189:6:ssd1306_WriteString	24	static
ssd1306.c:211:6:ssd1306_SetCursor	16	static
ssd1306.c:217:6:ssd1306_Line	48	static
ssd1306.c:252:6:ssd1306_DrawCircle	40	static
ssd1306.c:297:6:ssd1306_DrawRectangle	32	static
ssd1306.c:305:6:ssd1306FillRect	32	static
