nrf24l01.c:33:22:DelayMicro	24	static
nrf24l01.c:40:9:NRF24_ReadReg	32	static
nrf24l01.c:55:6:NRF24_WriteReg	16	static
nrf24l01.c:64:6:NRF24_ToggleFeatures	16	static
nrf24l01.c:75:6:NRF24_Read_Buf	16	static
nrf24l01.c:83:6:NRF24_Write_Buf	16	static
nrf24l01.c:93:6:NRF24_FlushRX	16	static
nrf24l01.c:102:6:NRF24_FlushTX	16	static
nrf24l01.c:111:6:NRF24L01_RX_Mode	16	static
nrf24l01.c:124:6:NRF24_ini	8	static
nrf24l01.c:154:6:read_config_registers_nrf	8	static
nrf24l01.c:169:6:NRF24L01_TX_Mode	16	static
nrf24l01.c:178:6:NRF24_Transmit	16	static
nrf24l01.c:189:9:NRF24L01_Send	24	static
nrf24l01.c:227:6:nrf_communication_test	80	static
